Component: ARM Compiler 5.06 update 5 (build 528) Tool: armlink [4d35e2]

==============================================================================

Section Cross References

    tcpecho.o(i.tcpecho_init) refers to sys_arch.o(i.sys_thread_new) for sys_thread_new
    tcpecho.o(i.tcpecho_init) refers to tcpecho.o(i.tcpecho_thread) for tcpecho_thread
    tcpecho.o(i.tcpecho_thread) refers to api_lib.o(i.netconn_new_with_proto_and_callback) for netconn_new_with_proto_and_callback
    tcpecho.o(i.tcpecho_thread) refers to api_lib.o(i.netconn_bind) for netconn_bind
    tcpecho.o(i.tcpecho_thread) refers to api_lib.o(i.netconn_delete) for netconn_delete
    tcpecho.o(i.tcpecho_thread) refers to printf3.o(i.__0printf$3) for __2printf
    tcpecho.o(i.tcpecho_thread) refers to api_lib.o(i.netconn_listen_with_backlog) for netconn_listen_with_backlog
    tcpecho.o(i.tcpecho_thread) refers to api_lib.o(i.netconn_accept) for netconn_accept
    tcpecho.o(i.tcpecho_thread) refers to netbuf.o(i.netbuf_data) for netbuf_data
    tcpecho.o(i.tcpecho_thread) refers to api_lib.o(i.netconn_write_partly) for netconn_write_partly
    tcpecho.o(i.tcpecho_thread) refers to netbuf.o(i.netbuf_next) for netbuf_next
    tcpecho.o(i.tcpecho_thread) refers to netbuf.o(i.netbuf_delete) for netbuf_delete
    tcpecho.o(i.tcpecho_thread) refers to api_lib.o(i.netconn_recv) for netconn_recv
    tcpecho.o(i.tcpecho_thread) refers to api_lib.o(i.netconn_close) for netconn_close
    udpecho.o(i.udpecho_init) refers to sys_arch.o(i.sys_thread_new) for sys_thread_new
    udpecho.o(i.udpecho_init) refers to udpecho.o(i.udpecho_thread) for udpecho_thread
    udpecho.o(i.udpecho_thread) refers to api_lib.o(i.netconn_new_with_proto_and_callback) for netconn_new_with_proto_and_callback
    udpecho.o(i.udpecho_thread) refers to api_lib.o(i.netconn_bind) for netconn_bind
    udpecho.o(i.udpecho_thread) refers to api_lib.o(i.netconn_delete) for netconn_delete
    udpecho.o(i.udpecho_thread) refers to api_lib.o(i.netconn_recv) for netconn_recv
    udpecho.o(i.udpecho_thread) refers to api_lib.o(i.netconn_connect) for netconn_connect
    udpecho.o(i.udpecho_thread) refers to api_lib.o(i.netconn_send) for netconn_send
    udpecho.o(i.udpecho_thread) refers to netbuf.o(i.netbuf_delete) for netbuf_delete
    udpecho.o(i.udpecho_thread) refers to udpecho.o(.data) for .data
    udpecho.o(i.udpecho_thread) refers to ip4_addr.o(.constdata) for ip_addr_any
    main.o(i.SystemClock_Config) refers to memseta.o(.text) for __aeabi_memclr4
    main.o(i.SystemClock_Config) refers to stm32f4xx_hal_rcc.o(i.HAL_RCC_OscConfig) for HAL_RCC_OscConfig
    main.o(i.SystemClock_Config) refers to stm32f4xx_hal_rcc.o(i.HAL_RCC_ClockConfig) for HAL_RCC_ClockConfig
    main.o(i.System_Info) refers to printf3.o(i.__0printf$3) for __2printf
    main.o(i.main) refers to stm32f4xx_hal.o(i.HAL_Init) for HAL_Init
    main.o(i.main) refers to main.o(i.SystemClock_Config) for SystemClock_Config
    main.o(i.main) refers to gpio.o(i.MX_GPIO_Init) for MX_GPIO_Init
    main.o(i.main) refers to usart.o(i.MX_USART1_UART_Init) for MX_USART1_UART_Init
    main.o(i.main) refers to tim.o(i.MX_TIM6_Init) for MX_TIM6_Init
    main.o(i.main) refers to spi.o(i.MX_SPI2_Init) for MX_SPI2_Init
    main.o(i.main) refers to main.o(i.System_Info) for System_Info
    main.o(i.main) refers to freertos.o(i.MX_FREERTOS_Init) for MX_FREERTOS_Init
    main.o(i.main) refers to cmsis_os.o(i.osKernelStart) for osKernelStart
    gpio.o(i.MX_GPIO_Init) refers to memseta.o(.text) for __aeabi_memclr4
    gpio.o(i.MX_GPIO_Init) refers to stm32f4xx_hal_gpio.o(i.HAL_GPIO_WritePin) for HAL_GPIO_WritePin
    gpio.o(i.MX_GPIO_Init) refers to stm32f4xx_hal_gpio.o(i.HAL_GPIO_Init) for HAL_GPIO_Init
    freertos.o(i.MX_FREERTOS_Init) refers to memcpya.o(.text) for __aeabi_memcpy4
    freertos.o(i.MX_FREERTOS_Init) refers to cmsis_os.o(i.osThreadCreate) for osThreadCreate
    freertos.o(i.MX_FREERTOS_Init) refers to freertos.o(.constdata) for .constdata
    freertos.o(i.MX_FREERTOS_Init) refers to freertos.o(.data) for .data
    freertos.o(i.StartDefaultTask) refers to lwip.o(i.MX_LWIP_Init) for MX_LWIP_Init
    freertos.o(i.StartDefaultTask) refers to tcpecho.o(i.tcpecho_init) for tcpecho_init
    freertos.o(i.StartDefaultTask) refers to tasks.o(i.vTaskList) for vTaskList
    freertos.o(i.StartDefaultTask) refers to printf3.o(i.__0printf$3) for __2printf
    freertos.o(i.StartDefaultTask) refers to stm32f4xx_hal_gpio.o(i.HAL_GPIO_TogglePin) for HAL_GPIO_TogglePin
    freertos.o(i.StartDefaultTask) refers to cmsis_os.o(i.osDelay) for osDelay
    freertos.o(i.StartDefaultTask) refers to freertos.o(.bss) for .bss
    freertos.o(i.TaskList_Stats) refers to cmsis_os.o(i.osDelay) for osDelay
    freertos.o(.constdata) refers to freertos.o(.conststring) for .conststring
    freertos.o(.constdata) refers to freertos.o(i.StartDefaultTask) for StartDefaultTask
[...]
    etharp_cleanup_netif                     0x08002af1   Thumb Code    42  etharp.o(i.etharp_cleanup_netif)
    etharp_input                             0x08002d9d   Thumb Code   148  etharp.o(i.etharp_input)
    etharp_output                            0x08002ea1   Thumb Code   274  etharp.o(i.etharp_output)
    etharp_query                             0x0800315d   Thumb Code   300  etharp.o(i.etharp_query)
    etharp_request                           0x080034a5   Thumb Code     6  etharp.o(i.etharp_request)
    etharp_tmr                               0x080034d1   Thumb Code    92  etharp.o(i.etharp_tmr)
    ethernet_input                           0x0800364d   Thumb Code   154  ethernet.o(i.ethernet_input)
    ethernet_output                          0x080036ed   Thumb Code   106  ethernet.o(i.ethernet_output)
    ethernetif_init                          0x080037f1   Thumb Code    50  ethernetif.o(i.ethernetif_init)
    ethernetif_input                         0x08003879   Thumb Code    48  ethernetif.o(i.ethernetif_input)
    fputc                                    0x080038ad   Thumb Code    20  usart.o(i.fputc)
    icmp_dest_unreach                        0x080038c5   Thumb Code     8  icmp.o(i.icmp_dest_unreach)
    icmp_input                               0x080038cd   Thumb Code   348  icmp.o(i.icmp_input)
    icmp_time_exceeded                       0x08003c19   Thumb Code     8  icmp.o(i.icmp_time_exceeded)
    ip4_addr_isbroadcast_u32                 0x08003c2d   Thumb Code    46  ip4_addr.o(i.ip4_addr_isbroadcast_u32)
    ip4_frag                                 0x08003c5d   Thumb Code   398  ip4_frag.o(i.ip4_frag)
    ip4_input                                0x08003ebd   Thumb Code   506  ip4.o(i.ip4_input)
    ip4_output_if                            0x080040c5   Thumb Code    30  ip4.o(i.ip4_output_if)
    ip4_output_if_src                        0x080040e5   Thumb Code   224  ip4.o(i.ip4_output_if_src)
    ip4_reass                                0x08004269   Thumb Code   484  ip4_frag.o(i.ip4_reass)
    ip4_route                                0x08004455   Thumb Code    90  ip4.o(i.ip4_route)
    ip_reass_tmr                             0x08004a79   Thumb Code    40  ip4_frag.o(i.ip_reass_tmr)
    lwip_htonl                               0x08004dbd   Thumb Code     4  def.o(i.lwip_htonl)
    lwip_htons                               0x08004dc1   Thumb Code     4  def.o(i.lwip_htons)
    lwip_init                                0x08004dc5   Thumb Code    38  init.o(i.lwip_init)
    lwip_netconn_do_bind                     0x08004deb   Thumb Code    96  api_msg.o(i.lwip_netconn_do_bind)
    lwip_netconn_do_close                    0x08004e4d   Thumb Code   216  api_msg.o(i.lwip_netconn_do_close)
    lwip_netconn_do_delconn                  0x08005281   Thumb Code   290  api_msg.o(i.lwip_netconn_do_delconn)
    lwip_netconn_do_listen                   0x0800543d   Thumb Code   218  api_msg.o(i.lwip_netconn_do_listen)
    lwip_netconn_do_newconn                  0x0800551d   Thumb Code    60  api_msg.o(i.lwip_netconn_do_newconn)
    lwip_netconn_do_recv                     0x08005559   Thumb Code    96  api_msg.o(i.lwip_netconn_do_recv)
    lwip_netconn_do_write                    0x080055b9   Thumb Code   224  api_msg.o(i.lwip_netconn_do_write)
    main                                     0x08005a0d   Thumb Code    38  main.o(i.main)
    mem_free                                 0x08005a41   Thumb Code   184  mem.o(i.mem_free)
    mem_init                                 0x08005ba9   Thumb Code    78  mem.o(i.mem_init)
    mem_malloc                               0x08005c79   Thumb Code   336  mem.o(i.mem_malloc)
    mem_trim                                 0x08005ec9   Thumb Code   324  mem.o(i.mem_trim)
    memp_free                                0x080060a5   Thumb Code    34  memp.o(i.memp_free)
    memp_init                                0x08006141   Thumb Code    40  memp.o(i.memp_init)
    memp_init_pool                           0x08006171   Thumb Code    52  memp.o(i.memp_init_pool)
    memp_malloc                              0x080061a5   Thumb Code    38  memp.o(i.memp_malloc)
    netbuf_data                              0x08006249   Thumb Code    72  netbuf.o(i.netbuf_data)
    netbuf_delete                            0x08006345   Thumb Code    34  netbuf.o(i.netbuf_delete)
    netbuf_next                              0x08006369   Thumb Code    48  netbuf.o(i.netbuf_next)
    netconn_accept                           0x08006411   Thumb Code   150  api_lib.o(i.netconn_accept)
    netconn_alloc                            0x08006549   Thumb Code   128  api_msg.o(i.netconn_alloc)
    netconn_bind                             0x08006665   Thumb Code    52  api_lib.o(i.netconn_bind)
    netconn_close                            0x08006719   Thumb Code     6  api_lib.o(i.netconn_close)
    netconn_delete                           0x080067d1   Thumb Code    40  api_lib.o(i.netconn_delete)
    netconn_free                             0x0800689d   Thumb Code   104  api_msg.o(i.netconn_free)
    netconn_listen_with_backlog              0x08006a09   Thumb Code    40  api_lib.o(i.netconn_listen_with_backlog)
    netconn_new_with_proto_and_callback      0x08006ab1   Thumb Code   154  api_lib.o(i.netconn_new_with_proto_and_callback)
    netconn_recv                             0x08006c29   Thumb Code   146  api_lib.o(i.netconn_recv)
    netconn_write_partly                     0x08006f3d   Thumb Code   128  api_lib.o(i.netconn_write_partly)
    netif_add                                0x0800705d   Thumb Code   102  netif.o(i.netif_add)
    netif_init                               0x0800713d   Thumb Code     2  netif.o(i.netif_init)
    netif_set_addr                           0x08007159   Thumb Code    72  netif.o(i.netif_set_addr)
    netif_set_default                        0x080071a1   Thumb Code     6  netif.o(i.netif_set_default)
    netif_set_down                           0x080071ad   Thumb Code    26  netif.o(i.netif_set_down)
    netif_set_gw                             0x080071c7   Thumb Code     8  netif.o(i.netif_set_gw)
    netif_set_ipaddr                         0x080071d1   Thumb Code    60  netif.o(i.netif_set_ipaddr)
    netif_set_netmask                        0x08007211   Thumb Code     8  netif.o(i.netif_set_netmask)
    netif_set_up                             0x08007219   Thumb Code    28  netif.o(i.netif_set_up)
    osDelay                                  0x08007235   Thumb Code    14  cmsis_os.o(i.osDelay)
    osKernelStart                            0x08007243   Thumb Code    10  cmsis_os.o(i.osKernelStart)
    osKernelSysTick                          0x0800724d   Thumb Code    24  cmsis_os.o(i.osKernelSysTick)
    osMessageCreate                          0x08007265   Thumb Code     8  cmsis_os.o(i.osMessageCreate)
    osMessageDelete                          0x0800726d   Thumb Code    24  cmsis_os.o(i.osMessageDelete)
    osMessageGet                             0x08007285   Thumb Code   146  cmsis_os.o(i.osMessageGet)
    osMessagePut                             0x0800731d   Thumb Code    86  cmsis_os.o(i.osMessagePut)
    osMessageWaiting                         0x08007379   Thumb Code    30  cmsis_os.o(i.osMessageWaiting)
    osMutexCreate                            0x08007397   Thumb Code     6  cmsis_os.o(i.osMutexCreate)
    osMutexRelease                           0x0800739d   Thumb Code    74  cmsis_os.o(i.osMutexRelease)
    osMutexWait                              0x080073ed   Thumb Code   100  cmsis_os.o(i.osMutexWait)
    osSemaphoreCreate                        0x08007455   Thumb Code    38  cmsis_os.o(i.osSemaphoreCreate)
    osSemaphoreDelete                        0x0800747b   Thumb Code    24  cmsis_os.o(i.osSemaphoreDelete)
    osSemaphoreRelease                       0x08007495   Thumb Code    74  cmsis_os.o(i.osSemaphoreRelease)
    osSemaphoreWait                          0x080074e5   Thumb Code   100  cmsis_os.o(i.osSemaphoreWait)
    osSystickHandler                         0x0800754d   Thumb Code    20  cmsis_os.o(i.osSystickHandler)
    osThreadCreate                           0x08007561   Thumb Code    46  cmsis_os.o(i.osThreadCreate)
    pbuf_alloc                               0x08007591   Thumb Code   464  pbuf.o(i.pbuf_alloc)
    pbuf_alloced_custom                      0x080078f9   Thumb Code    98  pbuf.o(i.pbuf_alloced_custom)
    pbuf_cat                                 0x080079d9   Thumb Code    96  pbuf.o(i.pbuf_cat)
    pbuf_clen                                0x08007b09   Thumb Code    18  pbuf.o(i.pbuf_clen)
    pbuf_copy                                0x08007b1d   Thumb Code   242  pbuf.o(i.pbuf_copy)
    pbuf_copy_partial                        0x08007d09   Thumb Code   126  pbuf.o(i.pbuf_copy_partial)
    pbuf_free                                0x08007e25   Thumb Code   190  pbuf.o(i.pbuf_free)
    pbuf_header                              0x08007f9d   Thumb Code     6  pbuf.o(i.pbuf_header)
    pbuf_header_force                        0x08007fa3   Thumb Code     6  pbuf.o(i.pbuf_header_force)
    pbuf_realloc                             0x080080cd   Thumb Code   196  pbuf.o(i.pbuf_realloc)
    pbuf_ref                                 0x08008265   Thumb Code    46  pbuf.o(i.pbuf_ref)
    pvPortMalloc                             0x08008b0d   Thumb Code   210  heap_4.o(i.pvPortMalloc)
    pvTaskIncrementMutexHeldCount            0x08008be5   Thumb Code    18  tasks.o(i.pvTaskIncrementMutexHeldCount)
    pxPortInitialiseStack                    0x08008bfd   Thumb Code    40  port.o(i.pxPortInitialiseStack)
    stats_init                               0x08009009   Thumb Code     2  stats.o(i.stats_init)
    sys_arch_mbox_fetch                      0x0800900b   Thumb Code    68  sys_arch.o(i.sys_arch_mbox_fetch)
    sys_arch_mbox_tryfetch                   0x0800904f   Thumb Code    34  sys_arch.o(i.sys_arch_mbox_tryfetch)
    sys_arch_protect                         0x08009071   Thumb Code    18  sys_arch.o(i.sys_arch_protect)
    sys_arch_sem_wait                        0x08009089   Thumb Code    56  sys_arch.o(i.sys_arch_sem_wait)
    sys_arch_unprotect                       0x080090c1   Thumb Code     8  sys_arch.o(i.sys_arch_unprotect)
    sys_init                                 0x08009125   Thumb Code    14  sys_arch.o(i.sys_init)
    sys_mbox_free                            0x0800913d   Thumb Code    40  sys_arch.o(i.sys_mbox_free)
    sys_mbox_new                             0x08009169   Thumb Code    62  sys_arch.o(i.sys_mbox_new)
    sys_mbox_set_invalid                     0x080091b1   Thumb Code     6  sys_arch.o(i.sys_mbox_set_invalid)
    sys_mbox_trypost                         0x080091b9   Thumb Code    30  sys_arch.o(i.sys_mbox_trypost)
    sys_mbox_valid                           0x080091dd   Thumb Code    10  sys_arch.o(i.sys_mbox_valid)
    sys_mutex_lock                           0x080091e7   Thumb Code    10  sys_arch.o(i.sys_mutex_lock)
    sys_mutex_new                            0x080091f1   Thumb Code    62  sys_arch.o(i.sys_mutex_new)
    sys_mutex_unlock                         0x08009235   Thumb Code     6  sys_arch.o(i.sys_mutex_unlock)
    sys_now                                  0x0800923b   Thumb Code     4  ethernetif.o(i.sys_now)
    sys_sem_free                             0x08009241   Thumb Code    16  sys_arch.o(i.sys_sem_free)
    sys_sem_new                              0x08009255   Thumb Code    76  sys_arch.o(i.sys_sem_new)
    sys_sem_set_invalid                      0x080092a5   Thumb Code     6  sys_arch.o(i.sys_sem_set_invalid)
    sys_sem_signal                           0x080092ab   Thumb Code     6  sys_arch.o(i.sys_sem_signal)
    sys_sem_valid                            0x080092b1   Thumb Code    10  sys_arch.o(i.sys_sem_valid)
    sys_thread_new                           0x080092bb   Thumb Code    48  sys_arch.o(i.sys_thread_new)
    sys_timeout                              0x080092ed   Thumb Code   158  timeouts.o(i.sys_timeout)
    sys_timeouts_init                        0x0800942d   Thumb Code    38  timeouts.o(i.sys_timeouts_init)
    sys_timeouts_mbox_fetch                  0x08009461   Thumb Code    66  timeouts.o(i.sys_timeouts_mbox_fetch)
    tcp_abandon                              0x080094a9   Thumb Code   218  tcp.o(i.tcp_abandon)
    tcp_abort                                0x08009615   Thumb Code     6  tcp.o(i.tcp_abort)
    tcp_accept                               0x0800961b   Thumb Code    14  tcp.o(i.tcp_accept)
    tcp_alloc                                0x08009639   Thumb Code   286  tcp.o(i.tcp_alloc)
    tcp_arg                                  0x08009769   Thumb Code     8  tcp.o(i.tcp_arg)
    tcp_bind                                 0x08009771   Thumb Code   152  tcp.o(i.tcp_bind)
    tcp_close                                0x08009895   Thumb Code    20  tcp.o(i.tcp_close)
    tcp_eff_send_mss_impl                    0x08009c21   Thumb Code    34  tcp.o(i.tcp_eff_send_mss_impl)
    tcp_enqueue_flags                        0x08009c45   Thumb Code   292  tcp_out.o(i.tcp_enqueue_flags)
    tcp_err                                  0x08009e75   Thumb Code    34  tcp.o(i.tcp_err)
    tcp_fasttmr                              0x08009f19   Thumb Code   102  tcp.o(i.tcp_fasttmr)
    tcp_init                                 0x08009fb5   Thumb Code     2  tcp.o(i.tcp_init)
    tcp_input                                0x08009fb9   Thumb Code  1680  tcp_in.o(i.tcp_input)
    tcp_keepalive                            0x0800a6a9   Thumb Code    92  tcp_out.o(i.tcp_keepalive)
    tcp_listen_with_backlog_and_err          0x0800a991   Thumb Code   158  tcp.o(i.tcp_listen_with_backlog_and_err)
    tcp_netif_ip_addr_changed                0x0800aab5   Thumb Code    72  tcp.o(i.tcp_netif_ip_addr_changed)
    tcp_new_ip_type                          0x0800ab23   Thumb Code     6  tcp.o(i.tcp_new_ip_type)
    tcp_next_iss                             0x0800ab85   Thumb Code    12  tcp.o(i.tcp_next_iss)
    tcp_output                               0x0800ab95   Thumb Code   554  tcp_out.o(i.tcp_output)
    tcp_pcb_purge                            0x0800b171   Thumb Code    58  tcp.o(i.tcp_pcb_purge)
    tcp_pcb_remove                           0x0800b1ad   Thumb Code   148  tcp.o(i.tcp_pcb_remove)
    tcp_pcbs_sane                            0x0800b2ed   Thumb Code   118  tcp.o(i.tcp_pcbs_sane)
    tcp_poll                                 0x0800b475   Thumb Code    36  tcp.o(i.tcp_poll)
    tcp_process_refused_data                 0x0800b995   Thumb Code   104  tcp.o(i.tcp_process_refused_data)
    tcp_recv                                 0x0800c06d   Thumb Code    32  tcp.o(i.tcp_recv)
    tcp_recv_null                            0x0800c10d   Thumb Code    36  tcp.o(i.tcp_recv_null)
    tcp_recved                               0x0800c131   Thumb Code   106  tcp.o(i.tcp_recved)
    tcp_rexmit                               0x0800c241   Thumb Code    86  tcp_out.o(i.tcp_rexmit)
    tcp_rexmit_fast                          0x0800c297   Thumb Code    88  tcp_out.o(i.tcp_rexmit_fast)
    tcp_rexmit_rto                           0x0800c2ef   Thumb Code    50  tcp_out.o(i.tcp_rexmit_rto)
    tcp_rst                                  0x0800c321   Thumb Code   158  tcp_out.o(i.tcp_rst)
    tcp_seg_free                             0x0800c451   Thumb Code    32  tcp.o(i.tcp_seg_free)
    tcp_segs_free                            0x0800c471   Thumb Code    18  tcp.o(i.tcp_segs_free)
    tcp_send_empty_ack                       0x0800c483   Thumb Code   114  tcp_out.o(i.tcp_send_empty_ack)
    tcp_send_fin                             0x0800c4f5   Thumb Code    68  tcp_out.o(i.tcp_send_fin)
    tcp_sent                                 0x0800c539   Thumb Code    32  tcp.o(i.tcp_sent)
    tcp_shutdown                             0x0800c5d9   Thumb Code    78  tcp.o(i.tcp_shutdown)
    tcp_slowtmr                              0x0800c629   Thumb Code   752  tcp.o(i.tcp_slowtmr)
    tcp_timer_needed                         0x0800cae1   Thumb Code    36  timeouts.o(i.tcp_timer_needed)
    tcp_tmr                                  0x0800cb7d   Thumb Code    28  tcp.o(i.tcp_tmr)
    tcp_trigger_input_pcb_close              0x0800cb9d   Thumb Code    12  tcp_in.o(i.tcp_trigger_input_pcb_close)
    tcp_update_rcv_ann_wnd                   0x0800cbad   Thumb Code    76  tcp.o(i.tcp_update_rcv_ann_wnd)
    tcp_write                                0x0800cc6d   Thumb Code  1678  tcp_out.o(i.tcp_write)
    tcp_zero_window_probe                    0x0800d44d   Thumb Code   190  tcp_out.o(i.tcp_zero_window_probe)
    tcpecho_init                             0x0800d511   Thumb Code    20  tcpecho.o(i.tcpecho_init)
    tcpip_init                               0x0800d5dd   Thumb Code    88  tcpip.o(i.tcpip_init)
    tcpip_inpkt                              0x0800d6ed   Thumb Code    82  tcpip.o(i.tcpip_inpkt)
    tcpip_input                              0x0800d7ad   Thumb Code    20  tcpip.o(i.tcpip_input)
    tcpip_send_msg_wait_sem                  0x0800d7c9   Thumb Code    26  tcpip.o(i.tcpip_send_msg_wait_sem)
    udp_bind                                 0x0800d919   Thumb Code   164  udp.o(i.udp_bind)
    udp_init                                 0x0800d9c5   Thumb Code     2  udp.o(i.udp_init)
    udp_input                                0x0800d9c9   Thumb Code   352  udp.o(i.udp_input)
    udp_netif_ip_addr_changed                0x0800dba1   Thumb Code    48  udp.o(i.udp_netif_ip_addr_changed)
    udp_new                                  0x0800dbd5   Thumb Code    26  udp.o(i.udp_new)
    udp_new_ip_type                          0x0800dbef   Thumb Code     4  udp.o(i.udp_new_ip_type)
    udp_recv                                 0x0800dbf3   Thumb Code     6  udp.o(i.udp_recv)
    udp_remove                               0x0800dbf9   Thumb Code    42  udp.o(i.udp_remove)
    uxListRemove                             0x0800dc29   Thumb Code    36  list.o(i.uxListRemove)
    uxQueueMessagesWaiting                   0x0800dc4d   Thumb Code    36  queue.o(i.uxQueueMessagesWaiting)
    uxQueueMessagesWaitingFromISR            0x0800dc71   Thumb Code    22  queue.o(i.uxQueueMessagesWaitingFromISR)
    uxTaskGetSystemState                     0x0800dc89   Thumb Code   160  tasks.o(i.uxTaskGetSystemState)
    vListInitialise                          0x0800dd31   Thumb Code    22  list.o(i.vListInitialise)
    vListInitialiseItem                      0x0800dd47   Thumb Code     6  list.o(i.vListInitialiseItem)
    vListInsert                              0x0800dd4d   Thumb Code    48  list.o(i.vListInsert)
    vListInsertEnd                           0x0800dd7d   Thumb Code    24  list.o(i.vListInsertEnd)
    vPortEnterCritical                       0x0800dd95   Thumb Code    54  port.o(i.vPortEnterCritical)
    vPortExitCritical                        0x0800ddd5   Thumb Code    34  port.o(i.vPortExitCritical)
    vPortFree                                0x0800ddfd   Thumb Code    88  heap_4.o(i.vPortFree)
    vPortSetupTimerInterrupt                 0x0800de59   Thumb Code    26  port.o(i.vPortSetupTimerInterrupt)
    vPortValidateInterruptPriority           0x0800de79   Thumb Code    74  port.o(i.vPortValidateInterruptPriority)
    vQueueDelete                             0x0800decd   Thumb Code    36  queue.o(i.vQueueDelete)
    vQueueUnregisterQueue                    0x0800def1   Thumb Code    36  queue.o(i.vQueueUnregisterQueue)
    vTaskDelay                               0x0800df19   Thumb Code    66  tasks.o(i.vTaskDelay)
    vTaskGetInfo                             0x0800df65   Thumb Code   128  tasks.o(i.vTaskGetInfo)
    vTaskList                                0x0800dfe9   Thumb Code   188  tasks.o(i.vTaskList)
    vTaskMissedYield                         0x0800e0b9   Thumb Code     8  tasks.o(i.vTaskMissedYield)
    vTaskPlaceOnEventList                    0x0800e0c5   Thumb Code    44  tasks.o(i.vTaskPlaceOnEventList)
    vTaskPriorityInherit                     0x0800e0f5   Thumb Code   124  tasks.o(i.vTaskPriorityInherit)
    vTaskSetTimeOutState                     0x0800e179   Thumb Code    30  tasks.o(i.vTaskSetTimeOutState)
    vTaskStartScheduler                      0x0800e19d   Thumb Code    86  tasks.o(i.vTaskStartScheduler)
    vTaskSuspendAll                          0x0800e205   Thumb Code    10  tasks.o(i.vTaskSuspendAll)
    vTaskSwitchContext                       0x0800e215   Thumb Code    82  tasks.o(i.vTaskSwitchContext)
    xPortStartScheduler                      0x0800e271   Thumb Code   202  port.o(i.xPortStartScheduler)
    xPortSysTickHandler                      0x0800e351   Thumb Code    38  port.o(i.xPortSysTickHandler)
    xQueueCreateMutex                        0x0800e37d   Thumb Code    36  queue.o(i.xQueueCreateMutex)
    xQueueGenericCreate                      0x0800e3a1   Thumb Code    82  queue.o(i.xQueueGenericCreate)
    xQueueGenericReceive                     0x0800e3f5   Thumb Code   360  queue.o(i.xQueueGenericReceive)
    xQueueGenericReset                       0x0800e561   Thumb Code   132  queue.o(i.xQueueGenericReset)
    xQueueGenericSend                        0x0800e5e9   Thumb Code   346  queue.o(i.xQueueGenericSend)
    xQueueGenericSendFromISR                 0x0800e749   Thumb Code   188  queue.o(i.xQueueGenericSendFromISR)
    xQueueGiveFromISR                        0x0800e805   Thumb Code   156  queue.o(i.xQueueGiveFromISR)
    xQueueReceiveFromISR                     0x0800e8a1   Thumb Code   154  queue.o(i.xQueueReceiveFromISR)
    xTaskCheckForTimeOut                     0x0800e93d   Thumb Code   102  tasks.o(i.xTaskCheckForTimeOut)
    xTaskCreate                              0x0800e9a9   Thumb Code    86  tasks.o(i.xTaskCreate)
    xTaskGetSchedulerState                   0x0800ea01   Thumb Code    22  tasks.o(i.xTaskGetSchedulerState)
    xTaskGetTickCount                        0x0800ea1d   Thumb Code     6  tasks.o(i.xTaskGetTickCount)
    xTaskGetTickCountFromISR                 0x0800ea29   Thumb Code    12  tasks.o(i.xTaskGetTickCountFromISR)
    xTaskIncrementTick                       0x0800ea39   Thumb Code   192  tasks.o(i.xTaskIncrementTick)
    xTaskPriorityDisinherit                  0x0800eb01   Thumb Code   144  tasks.o(i.xTaskPriorityDisinherit)
    xTaskRemoveFromEventList                 0x0800eb99   Thumb Code   108  tasks.o(i.xTaskRemoveFromEventList)
    xTaskResumeAll                           0x0800ec0d   Thumb Code   182  tasks.o(i.xTaskResumeAll)
    AHBPrescTable                            0x0800ed0c   Data          16  system_stm32f4xx.o(.constdata)
    APBPrescTable                            0x0800ed1c   Data           8  system_stm32f4xx.o(.constdata)
    ethbroadcast                             0x0800ed24   Data           6  ethernet.o(.constdata)
    ethzero                                  0x0800ed2a   Data           6  ethernet.o(.constdata)
    memp_UDP_PCB                             0x0800ed30   Data          20  memp.o(.constdata)
    memp_TCP_PCB                             0x0800ed44   Data          20  memp.o(.constdata)
    memp_TCP_PCB_LISTEN                      0x0800ed58   Data          20  memp.o(.constdata)
    memp_TCP_SEG                             0x0800ed6c   Data          20  memp.o(.constdata)
    memp_REASSDATA                           0x0800ed80   Data          20  memp.o(.constdata)
    memp_FRAG_PBUF                           0x0800ed94   Data          20  memp.o(.constdata)
    memp_NETBUF                              0x0800eda8   Data          20  memp.o(.constdata)
    memp_NETCONN                             0x0800edbc   Data          20  memp.o(.constdata)
    memp_TCPIP_MSG_API                       0x0800edd0   Data          20  memp.o(.constdata)
    memp_TCPIP_MSG_INPKT                     0x0800ede4   Data          20  memp.o(.constdata)
    memp_SYS_TIMEOUT                         0x0800edf8   Data          20  memp.o(.constdata)
    memp_PBUF                                0x0800ee0c   Data          20  memp.o(.constdata)
    memp_PBUF_POOL                           0x0800ee20   Data          20  memp.o(.constdata)
    memp_pools                               0x0800ee34   Data          52  memp.o(.constdata)
    tcp_pcb_lists                            0x0800eeac   Data          16  tcp.o(.constdata)
    lwip_cyclic_timers                       0x0800eebc   Data          24  timeouts.o(.constdata)
    ip_addr_any                              0x0800eed4   Data           4  ip4_addr.o(.constdata)
    os_mutex_def_lwip_sys_mutex              0x0800eed8   Data           4  sys_arch.o(.constdata)
    Region$$Table$$Base                      0x0800f0a8   Number         0  anon$$obj.o(Region$$Table)
    Region$$Table$$Limit                     0x0800f0c8   Number         0  anon$$obj.o(Region$$Table)
    defaultTaskHandle                        0x20000000   Data           4  freertos.o(.data)
    TaskListHandle                           0x20000004   Data           4  freertos.o(.data)
    ipaddr                                   0x20000008   Data           4  lwip.o(.data)
    netmask                                  0x2000000c   Data           4  lwip.o(.data)
    gw                                       0x20000010   Data           4  lwip.o(.data)
    IP_ADDRESS                               0x20000014   Data           4  lwip.o(.data)
    NETMASK_ADDRESS                          0x20000018   Data           4  lwip.o(.data)
    GATEWAY_ADDRESS                          0x2000001c   Data           4  lwip.o(.data)
    s_xSemaphore                             0x20000020   Data           4  ethernetif.o(.data)
    SystemCoreClock                          0x20000024   Data           4  system_stm32f4xx.o(.data)
    uwTickFreq                               0x20000028   Data           1  stm32f4xx_hal.o(.data)
    uwTickPrio                               0x2000002c   Data           4  stm32f4xx_hal.o(.data)
    uwTick                                   0x20000030   Data           4  stm32f4xx_hal.o(.data)
    pxCurrentTCB                             0x20000034   Data           4  tasks.o(.data)
    netconn_aborted                          0x20000094   Data           1  api_msg.o(.data)
    lock_tcpip_core                          0x200000a4   Data           4  tcpip.o(.data)
    netif_list                               0x200000f0   Data           4  netif.o(.data)
    netif_default                            0x200000f4   Data           4  netif.o(.data)
    tcp_active_pcbs_changed                  0x200000f8   Data           1  tcp.o(.data)
    tcp_ticks                                0x20000104   Data           4  tcp.o(.data)
    tcp_bound_pcbs                           0x20000108   Data           4  tcp.o(.data)
    tcp_listen_pcbs                          0x2000010c   Data           4  tcp.o(.data)
    tcp_active_pcbs                          0x20000110   Data           4  tcp.o(.data)
    tcp_tw_pcbs                              0x20000114   Data           4  tcp.o(.data)
    tcp_input_pcb                            0x20000138   Data           4  tcp_in.o(.data)
    udp_pcbs                                 0x2000014c   Data           4  udp.o(.data)
    lwip_sys_mutex                           0x2000015c   Data           4  sys_arch.o(.data)
    __stdout                                 0x20000160   Data           4  stdout.o(.data)
    pcWriteBuffer                            0x20000164   Data         500  freertos.o(.bss)
    gnetif                                   0x20000358   Data          48  lwip.o(.bss)
    DMARxDscrTab                             0x20000388   Data         128  ethernetif.o(.bss)
    DMATxDscrTab                             0x20000408   Data         128  ethernetif.o(.bss)
    Rx_Buff                                  0x20000488   Data        6096  ethernetif.o(.bss)
    Tx_Buff                                  0x20001c58   Data        6096  ethernetif.o(.bss)
    heth                                     0x20003428   Data          72  ethernetif.o(.bss)
    hspi2                                    0x20003470   Data          88  spi.o(.bss)
    htim6                                    0x200034c8   Data          60  tim.o(.bss)
    huart1                                   0x20003504   Data          64  usart.o(.bss)
    xQueueRegistry                           0x20003544   Data          64  queue.o(.bss)
    ip_data                                  0x20015cd4   Data          24  ip.o(.bss)
    ram_heap                                 0x20015cec   Data        1619  mem.o(.bss)
    memp_memory_UDP_PCB_base                 0x2001633f   Data         131  memp.o(.bss)
    memp_memory_TCP_PCB_base                 0x200163d4   Data         743  memp.o(.bss)
    memp_memory_TCP_PCB_LISTEN_base          0x200166cc   Data         227  memp.o(.bss)
    memp_memory_TCP_SEG_base                 0x200167c0   Data         259  memp.o(.bss)
    memp_memory_REASSDATA_base               0x200168d4   Data         163  memp.o(.bss)
    memp_memory_FRAG_PBUF_base               0x20016988   Data         363  memp.o(.bss)
    memp_memory_NETBUF_base                  0x20016b04   Data          35  memp.o(.bss)
    memp_memory_NETCONN_base                 0x20016b38   Data         179  memp.o(.bss)
    memp_memory_TCPIP_MSG_API_base           0x20016bfc   Data         131  memp.o(.bss)
    memp_memory_TCPIP_MSG_INPKT_base         0x20016c90   Data         131  memp.o(.bss)
    memp_memory_SYS_TIMEOUT_base             0x20016d24   Data          51  memp.o(.bss)
    memp_memory_PBUF_base                    0x20016d68   Data         259  memp.o(.bss)
    memp_memory_PBUF_POOL_base               0x20016e7c   Data        9731  memp.o(.bss)
    lwip_stats                               0x20019490   Data         232  stats.o(.bss)
    __initial_sp                             0x20019a78   Data           0  startup_stm32f407xx.o(STACK)



==============================================================================

Memory Map of the image

  Image Entry point : 0x08000189

  Load Region LR_IROM1 (Base: 0x08000000, Size: 0x0000f22c, Max: 0x00100000, ABSOLUTE, COMPRESSED[0x0000f0e0])

    Execution Region ER_IROM1 (Exec base: 0x08000000, Load base: 0x08000000, Size: 0x0000f0c8, Max: 0x00100000, ABSOLUTE)

    Exec Addr    Load Addr    Size         Type   Attr      Idx    E Section Name        Object

    0x08000000   0x08000000   0x00000188   Data   RO         1002    RESET               startup_stm32f407xx.o
    0x08000188   0x08000188   0x00000000   Code   RO         8812  * .ARM.Collect$$$$00000000  mc_w.l(entry.o)
    0x08000188   0x08000188   0x00000004   Code   RO         9092    .ARM.Collect$$$$00000001  mc_w.l(entry2.o)
    0x0800018c   0x0800018c   0x00000004   Code   RO         9095    .ARM.Collect$$$$00000004  mc_w.l(entry5.o)
    0x08000190   0x08000190   0x00000000   Code   RO         9097    .ARM.Collect$$$$00000008  mc_w.l(entry7b.o)
    0x08000190   0x08000190   0x00000000   Code   RO         9099    .ARM.Collect$$$$0000000A  mc_w.l(entry8b.o)
    0x08000190   0x08000190   0x00000008   Code   RO         9100    .ARM.Collect$$$$0000000B  mc_w.l(entry9a.o)
    0x08000198   0x08000198   0x00000000   Code   RO         9102    .ARM.Collect$$$$0000000D  mc_w.l(entry10a.o)
    0x08000198   0x08000198   0x00000000   Code   RO         9104    .ARM.Collect$$$$0000000F  mc_w.l(entry11a.o)
    0x08000198   0x08000198   0x00000004   Code   RO         9093    .ARM.Collect$$$$00002712  mc_w.l(entry2.o)
    0x0800019c   0x0800019c   0x000000ba   Code   RO         4805    .emb_text           port.o
    0x08000256   0x08000256   0x00000002   PAD
    0x08000258   0x08000258   0x00000024   Code   RO         1003    .text               startup_stm32f407xx.o
    0x0800027c   0x0800027c   0x00000062   Code   RO         8815    .text               mc_w.l(uldiv.o)
    0x080002de   0x080002de   0x00000024   Code   RO         8817    .text               mc_w.l(memcpya.o)
    0x08000302   0x08000302   0x00000024   Code   RO         8819    .text               mc_w.l(memseta.o)
    0x08000326   0x08000326   0x0000000e   Code   RO         8821    .text               mc_w.l(strlen.o)
    0x08000334   0x08000334   0x0000001a   Code   RO         8823    .text               mc_w.l(memcmp.o)
    0x0800034e   0x0800034e   0x00000012   Code   RO         8825    .text               mc_w.l(strcpy.o)
    0x08000360   0x08000360   0x0000002c   Code   RO         9107    .text               mc_w.l(uidiv.o)
    0x0800038c   0x0800038c   0x0000001e   Code   RO         9109    .text               mc_w.l(llshl.o)
    0x080003aa   0x080003aa   0x00000020   Code   RO         9111    .text               mc_w.l(llushr.o)
    0x080003ca   0x080003ca   0x00000002   PAD
    0x080003cc   0x080003cc   0x00000024   Code   RO         9124    .text               mc_w.l(init.o)
    0x080003f0   0x080003f0   0x00000056   Code   RO         9138    .text               mc_w.l(__dczerorl2.o)
    0x08000446   0x08000446   0x00000002   Code   RO          865    i.BusFault_Handler  stm32f4xx_it.o
    0x08000448   0x08000448   0x00000002   Code   RO          866    i.DebugMon_Handler  stm32f4xx_it.o
    0x0800044a   0x0800044a   0x00000002   PAD
    0x0800044c   0x0800044c   0x00000020   Code   RO         1010    i.ETH_Delay         stm32f4xx_hal_eth.o
    0x0800046c   0x0800046c   0x0000002e   Code   RO         1011    i.ETH_FlushTransmitFIFO  stm32f4xx_hal_eth.o
    0x0800049a   0x0800049a   0x00000002   PAD
    0x0800049c   0x0800049c   0x0000000c   Code   RO          867    i.ETH_IRQHandler    stm32f4xx_it.o
    0x080004a8   0x080004a8   0x00000124   Code   RO         1012    i.ETH_MACDMAConfig  stm32f4xx_hal_eth.o
    0x080005cc   0x080005cc   0x00000002   Code   RO          272    i.Error_Handler     main.o
    0x080005ce   0x080005ce   0x00000002   PAD
    0x080005d0   0x080005d0   0x00000024   Code   RO         3577    i.HAL_Delay         stm32f4xx_hal.o
    0x080005f4   0x080005f4   0x00000074   Code   RO         1015    i.HAL_ETH_DMARxDescListInit  stm32f4xx_hal_eth.o
    0x08000668   0x08000668   0x00000078   Code   RO         1016    i.HAL_ETH_DMATxDescListInit  stm32f4xx_hal_eth.o
    0x080006e0   0x080006e0   0x00000002   Code   RO         1018    i.HAL_ETH_ErrorCallback  stm32f4xx_hal_eth.o
    0x080006e2   0x080006e2   0x00000088   Code   RO         1020    i.HAL_ETH_GetReceivedFrame_IT  stm32f4xx_hal_eth.o
    0x0800076a   0x0800076a   0x0000007a   Code   RO         1022    i.HAL_ETH_IRQHandler  stm32f4xx_hal_eth.o
    0x080007e4   0x080007e4   0x000001ec   Code   RO         1023    i.HAL_ETH_Init      stm32f4xx_hal_eth.o
    0x080009d0   0x080009d0   0x000000cc   Code   RO          614    i.HAL_ETH_MspInit   ethernetif.o
    0x08000a9c   0x08000a9c   0x00000084   Code   RO         1026    i.HAL_ETH_ReadPHYRegister  stm32f4xx_hal_eth.o
    0x08000b20   0x08000b20   0x0000000c   Code   RO          615    i.HAL_ETH_RxCpltCallback  ethernetif.o
    0x08000b2c   0x08000b2c   0x00000084   Code   RO         1028    i.HAL_ETH_Start     stm32f4xx_hal_eth.o
    0x08000bb0   0x08000bb0   0x00000108   Code   RO         1030    i.HAL_ETH_TransmitFrame  stm32f4xx_hal_eth.o
    0x08000cb8   0x08000cb8   0x00000002   Code   RO         1031    i.HAL_ETH_TxCpltCallback  stm32f4xx_hal_eth.o
    0x08000cba   0x08000cba   0x00000002   PAD
    0x08000cbc   0x08000cbc   0x00000078   Code   RO         1032    i.HAL_ETH_WritePHYRegister  stm32f4xx_hal_eth.o
    0x08000d34   0x08000d34   0x000001b0   Code   RO         3051    i.HAL_GPIO_Init     stm32f4xx_hal_gpio.o
    0x08000ee4   0x08000ee4   0x00000008   Code   RO         3054    i.HAL_GPIO_TogglePin  stm32f4xx_hal_gpio.o
    0x08000eec   0x08000eec   0x0000000a   Code   RO         3055    i.HAL_GPIO_WritePin  stm32f4xx_hal_gpio.o
    0x08000ef6   0x08000ef6   0x00000002   PAD
    0x08000ef8   0x08000ef8   0x0000000c   Code   RO         3583    i.HAL_GetTick       stm32f4xx_hal.o
    0x08000f04   0x08000f04   0x00000010   Code   RO         3587    i.HAL_IncTick       stm32f4xx_hal.o
    0x08000f14   0x08000f14   0x00000034   Code   RO         3588    i.HAL_Init          stm32f4xx_hal.o
    0x08000f48   0x08000f48   0x00000040   Code   RO         3589    i.HAL_InitTick      stm32f4xx_hal.o
    0x08000f88   0x08000f88   0x00000038   Code   RO          941    i.HAL_MspInit       stm32f4xx_hal_msp.o
    0x08000fc0   0x08000fc0   0x00000016   Code   RO         3440    i.HAL_NVIC_EnableIRQ  stm32f4xx_hal_cortex.o
    0x08000fd6   0x08000fd6   0x00000002   PAD
    0x08000fd8   0x08000fd8   0x00000040   Code   RO         3446    i.HAL_NVIC_SetPriority  stm32f4xx_hal_cortex.o
    0x08001018   0x08001018   0x00000024   Code   RO         3447    i.HAL_NVIC_SetPriorityGrouping  stm32f4xx_hal_cortex.o
    0x0800103c   0x0800103c   0x00000130   Code   RO         2697    i.HAL_RCC_ClockConfig  stm32f4xx_hal_rcc.o
    0x0800116c   0x0800116c   0x0000000c   Code   RO         2702    i.HAL_RCC_GetHCLKFreq  stm32f4xx_hal_rcc.o
    0x08001178   0x08001178   0x00000020   Code   RO         2704    i.HAL_RCC_GetPCLK1Freq  stm32f4xx_hal_rcc.o
    0x08001198   0x08001198   0x00000020   Code   RO         2705    i.HAL_RCC_GetPCLK2Freq  stm32f4xx_hal_rcc.o
    0x080011b8   0x080011b8   0x00000064   Code   RO         2706    i.HAL_RCC_GetSysClockFreq  stm32f4xx_hal_rcc.o
    0x0800121c   0x0800121c   0x0000031c   Code   RO         2709    i.HAL_RCC_OscConfig  stm32f4xx_hal_rcc.o
    0x08001538   0x08001538   0x0000008c   Code   RO         1174    i.HAL_SPI_Init      stm32f4xx_hal_spi.o
    0x080015c4   0x080015c4   0x00000090   Code   RO          725    i.HAL_SPI_MspInit   spi.o
    0x08001654   0x08001654   0x00000028   Code   RO         3451    i.HAL_SYSTICK_Config  stm32f4xx_hal_cortex.o
    0x0800167c   0x0800167c   0x00000002   Code   RO         2131    i.HAL_TIMEx_BreakCallback  stm32f4xx_hal_tim_ex.o
    0x0800167e   0x0800167e   0x00000002   Code   RO         2132    i.HAL_TIMEx_CommutationCallback  stm32f4xx_hal_tim_ex.o
    0x08001680   0x08001680   0x00000050   Code   RO         2148    i.HAL_TIMEx_MasterConfigSynchronization  stm32f4xx_hal_tim_ex.o
    0x080016d0   0x080016d0   0x00000036   Code   RO         1502    i.HAL_TIM_Base_Init  stm32f4xx_hal_tim.o
    0x08001706   0x08001706   0x00000002   PAD
    0x08001708   0x08001708   0x0000003c   Code   RO          768    i.HAL_TIM_Base_MspInit  tim.o
    0x08001744   0x08001744   0x00000002   Code   RO         1531    i.HAL_TIM_IC_CaptureCallback  stm32f4xx_hal_tim.o
    0x08001746   0x08001746   0x00000166   Code   RO         1544    i.HAL_TIM_IRQHandler  stm32f4xx_hal_tim.o
    0x080018ac   0x080018ac   0x00000002   Code   RO         1547    i.HAL_TIM_OC_DelayElapsedCallback  stm32f4xx_hal_tim.o
    0x080018ae   0x080018ae   0x00000002   Code   RO         1574    i.HAL_TIM_PWM_PulseFinishedCallback  stm32f4xx_hal_tim.o
    0x080018b0   0x080018b0   0x00000002   Code   RO         1581    i.HAL_TIM_PeriodElapsedCallback  stm32f4xx_hal_tim.o
    0x080018b2   0x080018b2   0x00000002   Code   RO         1585    i.HAL_TIM_TriggerCallback  stm32f4xx_hal_tim.o
    0x080018b4   0x080018b4   0x00000062   Code   RO         2395    i.HAL_UART_Init     stm32f4xx_hal_uart.o
    0x08001916   0x08001916   0x00000002   PAD
    0x08001918   0x08001918   0x0000006c   Code   RO          816    i.HAL_UART_MspInit  usart.o
    0x08001984   0x08001984   0x000000ba   Code   RO         2403    i.HAL_UART_Transmit  stm32f4xx_hal_uart.o
    0x08001a3e   0x08001a3e   0x00000002   Code   RO          868    i.HardFault_Handler  stm32f4xx_it.o
    0x08001a40   0x08001a40   0x0000003c   Code   RO          436    i.MX_FREERTOS_Init  freertos.o
    0x08001a7c   0x08001a7c   0x000000f4   Code   RO          412    i.MX_GPIO_Init      gpio.o
    0x08001b70   0x08001b70   0x000000f4   Code   RO          551    i.MX_LWIP_Init      lwip.o
    0x08001c64   0x08001c64   0x0000004c   Code   RO          726    i.MX_SPI2_Init      spi.o
    0x08001cb0   0x08001cb0   0x0000003c   Code   RO          769    i.MX_TIM6_Init      tim.o
    0x08001cec   0x08001cec   0x00000038   Code   RO          817    i.MX_USART1_UART_Init  usart.o
    0x08001d24   0x08001d24   0x00000002   Code   RO          869    i.MemManage_Handler  stm32f4xx_it.o
    0x08001d26   0x08001d26   0x00000002   Code   RO          870    i.NMI_Handler       stm32f4xx_it.o
    0x08001d28   0x08001d28   0x00000020   Code   RO         3453    i.NVIC_SetPriority  stm32f4xx_hal_cortex.o
    0x08001d48   0x08001d48   0x0000004c   Code   RO          437    i.StartDefaultTask  freertos.o
    0x08001d94   0x08001d94   0x0000000e   Code   RO          871    i.SysTick_Handler   stm32f4xx_it.o
    0x08001da2   0x08001da2   0x00000002   PAD
    0x08001da4   0x08001da4   0x00000090   Code   RO          273    i.SystemClock_Config  main.o
    0x08001e34   0x08001e34   0x00000054   Code   RO          966    i.SystemInit        system_stm32f4xx.o
    0x08001e88   0x08001e88   0x00000198   Code   RO          274    i.System_Info       main.o
    0x08002020   0x08002020   0x0000000c   Code   RO          872    i.TIM6_DAC_IRQHandler  stm32f4xx_it.o
    0x0800202c   0x0800202c   0x000000c0   Code   RO         1586    i.TIM_Base_SetConfig  stm32f4xx_hal_tim.o
    0x080020ec   0x080020ec   0x00000008   Code   RO          438    i.TaskList_Stats    freertos.o
    0x080020f4   0x080020f4   0x000002ac   Code   RO         2421    i.UART_SetConfig    stm32f4xx_hal_uart.o
    0x080023a0   0x080023a0   0x00000064   Code   RO         2423    i.UART_WaitOnFlagUntilTimeout  stm32f4xx_hal_uart.o
    0x08002404   0x08002404   0x00000002   Code   RO          873    i.UsageFault_Handler  stm32f4xx_it.o
    0x08002406   0x08002406   0x00000002   PAD
    0x08002408   0x08002408   0x00000020   Code   RO         8920    i.__0printf$3       mc_w.l(printf3.o)
    0x08002428   0x08002428   0x00000028   Code   RO         8922    i.__0sprintf$3      mc_w.l(printf3.o)
    0x08002450   0x08002450   0x0000000e   Code   RO         9132    i.__scatterload_copy  mc_w.l(handlers.o)
    0x0800245e   0x0800245e   0x00000002   Code   RO         9133    i.__scatterload_null  mc_w.l(handlers.o)
    0x08002460   0x08002460   0x0000000e   Code   RO         9134    i.__scatterload_zeroinit  mc_w.l(handlers.o)
    0x0800246e   0x0800246e   0x00000002   PAD
    0x08002470   0x08002470   0x000001b8   Code   RO         8927    i._printf_core      mc_w.l(printf3.o)
    0x08002628   0x08002628   0x0000000a   Code   RO         8929    i._sputc            mc_w.l(printf3.o)
    0x08002632   0x08002632   0x00000002   PAD
    0x08002634   0x08002634   0x000000d8   Code   RO         5654    i.accept_function   api_msg.o
    0x0800270c   0x0800270c   0x0000001c   Code   RO         7687    i.cyclic_timer      timeouts.o
    0x08002728   0x08002728   0x000000b0   Code   RO         6608    i.do_memp_free_pool  memp.o
    0x080027d8   0x080027d8   0x000000d4   Code   RO         6609    i.do_memp_malloc_pool  memp.o
    0x080028ac   0x080028ac   0x00000068   Code   RO         4036    i.eTaskGetState     tasks.o
    0x08002914   0x08002914   0x000001dc   Code   RO         5655    i.err_tcp           api_msg.o
    0x08002af0   0x08002af0   0x00000030   Code   RO         7921    i.etharp_cleanup_netif  etharp.o
    0x08002b20   0x08002b20   0x00000258   Code   RO         7923    i.etharp_find_entry  etharp.o
    0x08002d78   0x08002d78   0x00000024   Code   RO         7924    i.etharp_free_entry  etharp.o
    0x08002d9c   0x08002d9c   0x00000104   Code   RO         7926    i.etharp_input      etharp.o
    0x08002ea0   0x08002ea0   0x000001ac   Code   RO         7927    i.etharp_output     etharp.o
    0x0800304c   0x0800304c   0x00000110   Code   RO         7928    i.etharp_output_to_arp_index  etharp.o
    0x0800315c   0x0800315c   0x000001d8   Code   RO         7929    i.etharp_query      etharp.o
    0x08003334   0x08003334   0x00000170   Code   RO         7930    i.etharp_raw        etharp.o
    0x080034a4   0x080034a4   0x0000000c   Code   RO         7931    i.etharp_request    etharp.o
    0x080034b0   0x080034b0   0x00000020   Code   RO         7932    i.etharp_request_dst  etharp.o
    0x080034d0   0x080034d0   0x00000060   Code   RO         7933    i.etharp_tmr        etharp.o
    0x08003530   0x08003530   0x0000011c   Code   RO         7934    i.etharp_update_arp_entry  etharp.o
    0x0800364c   0x0800364c   0x000000a0   Code   RO         5320    i.ethernet_input    ethernet.o
    0x080036ec   0x080036ec   0x00000104   Code   RO         5321    i.ethernet_output   ethernet.o
    0x080037f0   0x080037f0   0x00000088   Code   RO          616    i.ethernetif_init   ethernetif.o
    0x08003878   0x08003878   0x00000034   Code   RO          617    i.ethernetif_input  ethernetif.o
    0x080038ac   0x080038ac   0x00000018   Code   RO          818    i.fputc             usart.o
    0x080038c4   0x080038c4   0x00000008   Code   RO         8021    i.icmp_dest_unreach  icmp.o
    0x080038cc   0x080038cc   0x00000230   Code   RO         8022    i.icmp_input        icmp.o
    0x08003afc   0x08003afc   0x0000011c   Code   RO         8023    i.icmp_send_response  icmp.o
    0x08003c18   0x08003c18   0x00000008   Code   RO         8024    i.icmp_time_exceeded  icmp.o
    0x08003c20   0x08003c20   0x0000000c   Code   RO         4369    i.inHandlerMode     cmsis_os.o
    0x08003c2c   0x08003c2c   0x0000002e   Code   RO         8142    i.ip4_addr_isbroadcast_u32  ip4_addr.o
    0x08003c5a   0x08003c5a   0x00000002   PAD
    0x08003c5c   0x08003c5c   0x00000260   Code   RO         8208    i.ip4_frag          ip4_frag.o
    0x08003ebc   0x08003ebc   0x00000208   Code   RO         8084    i.ip4_input         ip4.o
    0x080040c4   0x080040c4   0x0000001e   Code   RO         8086    i.ip4_output_if     ip4.o
    0x080040e2   0x080040e2   0x00000002   PAD
    0x080040e4   0x080040e4   0x00000184   Code   RO         8087    i.ip4_output_if_src  ip4.o
    0x08004268   0x08004268   0x000001ec   Code   RO         8209    i.ip4_reass         ip4_frag.o
    0x08004454   0x08004454   0x00000068   Code   RO         8088    i.ip4_route         ip4.o
    0x080044bc   0x080044bc   0x00000090   Code   RO         8210    i.ip_frag_free_pbuf_custom_ref  ip4_frag.o
    0x0800454c   0x0800454c   0x00000260   Code   RO         8211    i.ip_reass_chain_frag_into_datagram_and_validate  ip4_frag.o
    0x080047ac   0x080047ac   0x000000bc   Code   RO         8212    i.ip_reass_dequeue_datagram  ip4_frag.o
    0x08004868   0x08004868   0x00000190   Code   RO         8213    i.ip_reass_free_complete_datagram  ip4_frag.o
    0x080049f8   0x080049f8   0x00000080   Code   RO         8214    i.ip_reass_remove_oldest_datagram  ip4_frag.o
    0x08004a78   0x08004a78   0x0000002c   Code   RO         8215    i.ip_reass_tmr      ip4_frag.o
    0x08004aa4   0x08004aa4   0x00000098   Code   RO         8216    i.ipfrag_free_pbuf_custom  ip4_frag.o
    0x08004b3c   0x08004b3c   0x0000011c   Code   RO          618    i.low_level_init    ethernetif.o
    0x08004c58   0x08004c58   0x000000bc   Code   RO          619    i.low_level_input   ethernetif.o
    0x08004d14   0x08004d14   0x000000a8   Code   RO          620    i.low_level_output  ethernetif.o
    0x08004dbc   0x08004dbc   0x00000004   Code   RO         6328    i.lwip_htonl        def.o
    0x08004dc0   0x08004dc0   0x00000004   Code   RO         6329    i.lwip_htons        def.o
    0x08004dc4   0x08004dc4   0x00000026   Code   RO         6474    i.lwip_init         init.o
    0x08004dea   0x08004dea   0x00000060   Code   RO         5656    i.lwip_netconn_do_bind  api_msg.o
    0x08004e4a   0x08004e4a   0x00000002   PAD
    0x08004e4c   0x08004e4c   0x0000015c   Code   RO         5657    i.lwip_netconn_do_close  api_msg.o
    0x08004fa8   0x08004fa8   0x000002d8   Code   RO         5658    i.lwip_netconn_do_close_internal  api_msg.o
    0x08005280   0x08005280   0x000001bc   Code   RO         5661    i.lwip_netconn_do_delconn  api_msg.o
    0x0800543c   0x0800543c   0x000000e0   Code   RO         5664    i.lwip_netconn_do_listen  api_msg.o
    0x0800551c   0x0800551c   0x0000003c   Code   RO         5665    i.lwip_netconn_do_newconn  api_msg.o
    0x08005558   0x08005558   0x00000060   Code   RO         5666    i.lwip_netconn_do_recv  api_msg.o
    0x080055b8   0x080055b8   0x00000178   Code   RO         5668    i.lwip_netconn_do_write  api_msg.o
    0x08005730   0x08005730   0x000002dc   Code   RO         5669    i.lwip_netconn_do_writemore  api_msg.o
    0x08005a0c   0x08005a0c   0x00000026   Code   RO          275    i.main              main.o
    0x08005a32   0x08005a32   0x0000000c   Code   RO         4371    i.makeFreeRtosPriority  cmsis_os.o
    0x08005a3e   0x08005a3e   0x00000002   PAD
    0x08005a40   0x08005a40   0x00000168   Code   RO         6552    i.mem_free          mem.o
    0x08005ba8   0x08005ba8   0x000000d0   Code   RO         6553    i.mem_init          mem.o
    0x08005c78   0x08005c78   0x00000250   Code   RO         6554    i.mem_malloc        mem.o
    0x08005ec8   0x08005ec8   0x000001dc   Code   RO         6555    i.mem_trim          mem.o
    0x080060a4   0x080060a4   0x0000009c   Code   RO         6610    i.memp_free         memp.o
    0x08006140   0x08006140   0x00000030   Code   RO         6612    i.memp_init         memp.o
    0x08006170   0x08006170   0x00000034   Code   RO         6613    i.memp_init_pool    memp.o
    0x080061a4   0x080061a4   0x000000a4   Code   RO         6614    i.memp_malloc       memp.o
    0x08006248   0x08006248   0x000000fc   Code   RO         5881    i.netbuf_data       netbuf.o
    0x08006344   0x08006344   0x00000022   Code   RO         5882    i.netbuf_delete     netbuf.o
    0x08006366   0x08006366   0x00000002   PAD
    0x08006368   0x08006368   0x000000a8   Code   RO         5886    i.netbuf_next       netbuf.o
    0x08006410   0x08006410   0x00000138   Code   RO         5477    i.netconn_accept    api_lib.o
    0x08006548   0x08006548   0x00000104   Code   RO         5670    i.netconn_alloc     api_msg.o
    0x0800664c   0x0800664c   0x00000016   Code   RO         5478    i.netconn_apimsg    api_lib.o
    0x08006662   0x08006662   0x00000002   PAD
    0x08006664   0x08006664   0x000000b4   Code   RO         5479    i.netconn_bind      api_lib.o
    0x08006718   0x08006718   0x00000006   Code   RO         5480    i.netconn_close     api_lib.o
    0x0800671e   0x0800671e   0x00000002   PAD
    0x08006720   0x08006720   0x000000b0   Code   RO         5481    i.netconn_close_shutdown  api_lib.o
    0x080067d0   0x080067d0   0x0000002c   Code   RO         5483    i.netconn_delete    api_lib.o
    0x080067fc   0x080067fc   0x000000a0   Code   RO         5671    i.netconn_drain     api_msg.o
    0x0800689c   0x0800689c   0x0000016c   Code   RO         5672    i.netconn_free      api_msg.o
    0x08006a08   0x08006a08   0x000000a8   Code   RO         5486    i.netconn_listen_with_backlog  api_lib.o
    0x08006ab0   0x08006ab0   0x00000178   Code   RO         5487    i.netconn_new_with_proto_and_callback  api_lib.o
    0x08006c28   0x08006c28   0x00000138   Code   RO         5488    i.netconn_recv      api_lib.o
    0x08006d60   0x08006d60   0x000001dc   Code   RO         5489    i.netconn_recv_data  api_lib.o
    0x08006f3c   0x08006f3c   0x00000120   Code   RO         5494    i.netconn_write_partly  api_lib.o
    0x0800705c   0x0800705c   0x000000e0   Code   RO         6778    i.netif_add         netif.o
    0x0800713c   0x0800713c   0x00000002   Code   RO         6780    i.netif_init        netif.o
    0x0800713e   0x0800713e   0x0000001a   Code   RO         6782    i.netif_issue_reports  netif.o
    0x08007158   0x08007158   0x00000048   Code   RO         6784    i.netif_set_addr    netif.o
    0x080071a0   0x080071a0   0x0000000c   Code   RO         6785    i.netif_set_default  netif.o
    0x080071ac   0x080071ac   0x0000001a   Code   RO         6786    i.netif_set_down    netif.o
    0x080071c6   0x080071c6   0x00000008   Code   RO         6787    i.netif_set_gw      netif.o
    0x080071ce   0x080071ce   0x00000002   PAD
    0x080071d0   0x080071d0   0x00000040   Code   RO         6788    i.netif_set_ipaddr  netif.o
    0x08007210   0x08007210   0x00000008   Code   RO         6791    i.netif_set_netmask  netif.o
    0x08007218   0x08007218   0x0000001c   Code   RO         6792    i.netif_set_up      netif.o
    0x08007234   0x08007234   0x0000000e   Code   RO         4373    i.osDelay           cmsis_os.o
    0x08007242   0x08007242   0x0000000a   Code   RO         4376    i.osKernelStart     cmsis_os.o
    0x0800724c   0x0800724c   0x00000018   Code   RO         4377    i.osKernelSysTick   cmsis_os.o
    0x08007264   0x08007264   0x00000008   Code   RO         4385    i.osMessageCreate   cmsis_os.o
    0x0800726c   0x0800726c   0x00000018   Code   RO         4386    i.osMessageDelete   cmsis_os.o
    0x08007284   0x08007284   0x00000098   Code   RO         4387    i.osMessageGet      cmsis_os.o
    0x0800731c   0x0800731c   0x0000005c   Code   RO         4389    i.osMessagePut      cmsis_os.o
    0x08007378   0x08007378   0x0000001e   Code   RO         4390    i.osMessageWaiting  cmsis_os.o
    0x08007396   0x08007396   0x00000006   Code   RO         4391    i.osMutexCreate     cmsis_os.o
    0x0800739c   0x0800739c   0x00000050   Code   RO         4393    i.osMutexRelease    cmsis_os.o
    0x080073ec   0x080073ec   0x00000068   Code   RO         4394    i.osMutexWait       cmsis_os.o
    0x08007454   0x08007454   0x00000026   Code   RO         4402    i.osSemaphoreCreate  cmsis_os.o
    0x0800747a   0x0800747a   0x00000018   Code   RO         4403    i.osSemaphoreDelete  cmsis_os.o
    0x08007492   0x08007492   0x00000002   PAD
    0x08007494   0x08007494   0x00000050   Code   RO         4405    i.osSemaphoreRelease  cmsis_os.o
    0x080074e4   0x080074e4   0x00000068   Code   RO         4406    i.osSemaphoreWait   cmsis_os.o
    0x0800754c   0x0800754c   0x00000014   Code   RO         4409    i.osSystickHandler  cmsis_os.o
    0x08007560   0x08007560   0x0000002e   Code   RO         4410    i.osThreadCreate    cmsis_os.o
    0x0800758e   0x0800758e   0x00000002   PAD
    0x08007590   0x08007590   0x00000368   Code   RO         6906    i.pbuf_alloc        pbuf.o
    0x080078f8   0x080078f8   0x000000e0   Code   RO         6907    i.pbuf_alloced_custom  pbuf.o
    0x080079d8   0x080079d8   0x00000130   Code   RO         6908    i.pbuf_cat          pbuf.o
    0x08007b08   0x08007b08   0x00000012   Code   RO         6910    i.pbuf_clen         pbuf.o
    0x08007b1a   0x08007b1a   0x00000002   PAD
    0x08007b1c   0x08007b1c   0x000001ec   Code   RO         6912    i.pbuf_copy         pbuf.o
    0x08007d08   0x08007d08   0x0000011c   Code   RO         6913    i.pbuf_copy_partial  pbuf.o
    0x08007e24   0x08007e24   0x00000178   Code   RO         6915    i.pbuf_free         pbuf.o
    0x08007f9c   0x08007f9c   0x00000006   Code   RO         6917    i.pbuf_header       pbuf.o
    0x08007fa2   0x08007fa2   0x00000006   Code   RO         6918    i.pbuf_header_force  pbuf.o
    0x08007fa8   0x08007fa8   0x00000124   Code   RO         6919    i.pbuf_header_impl  pbuf.o
    0x080080cc   0x080080cc   0x00000198   Code   RO         6923    i.pbuf_realloc      pbuf.o
    0x08008264   0x08008264   0x0000009c   Code   RO         6924    i.pbuf_ref          pbuf.o
    0x08008300   0x08008300   0x000000f8   Code   RO         5673    i.pcb_new           api_msg.o
    0x080083f8   0x080083f8   0x0000017c   Code   RO         6556    i.plug_holes        mem.o
    0x08008574   0x08008574   0x000000dc   Code   RO         5674    i.poll_tcp          api_msg.o
    0x08008650   0x08008650   0x00000070   Code   RO         4038    i.prvAddCurrentTaskToDelayedList  tasks.o
    0x080086c0   0x080086c0   0x000000d0   Code   RO         4039    i.prvAddNewTaskToReadyList  tasks.o
    0x08008790   0x08008790   0x00000050   Code   RO         4040    i.prvCheckTasksWaitingTermination  tasks.o
    0x080087e0   0x080087e0   0x00000026   Code   RO         3879    i.prvCopyDataFromQueue  queue.o
    0x08008806   0x08008806   0x0000006c   Code   RO         3880    i.prvCopyDataToQueue  queue.o
    0x08008872   0x08008872   0x00000014   Code   RO         4041    i.prvDeleteTCB      tasks.o
    0x08008886   0x08008886   0x00000002   PAD
    0x08008888   0x08008888   0x0000004c   Code   RO         4744    i.prvHeapInit       heap_4.o
    0x080088d4   0x080088d4   0x00000028   Code   RO         4042    i.prvIdleTask       tasks.o
    0x080088fc   0x080088fc   0x0000009c   Code   RO         4043    i.prvInitialiseNewTask  tasks.o
    0x08008998   0x08008998   0x0000004c   Code   RO         4745    i.prvInsertBlockIntoFreeList  heap_4.o
    0x080089e4   0x080089e4   0x0000001c   Code   RO         3881    i.prvIsQueueEmpty   queue.o
    0x08008a00   0x08008a00   0x00000058   Code   RO         4044    i.prvListTasksWithinSingleList  tasks.o
    0x08008a58   0x08008a58   0x00000020   Code   RO         4045    i.prvResetNextTaskUnblockTime  tasks.o
    0x08008a78   0x08008a78   0x00000028   Code   RO         4806    i.prvTaskExitError  port.o
    0x08008aa0   0x08008aa0   0x0000006a   Code   RO         3882    i.prvUnlockQueue    queue.o
    0x08008b0a   0x08008b0a   0x00000002   PAD
    0x08008b0c   0x08008b0c   0x000000d8   Code   RO         4746    i.pvPortMalloc      heap_4.o
    0x08008be4   0x08008be4   0x00000018   Code   RO         4047    i.pvTaskIncrementMutexHeldCount  tasks.o
    0x08008bfc   0x08008bfc   0x0000002c   Code   RO         4807    i.pxPortInitialiseStack  port.o
    0x08008c28   0x08008c28   0x00000168   Code   RO         5675    i.recv_tcp          api_msg.o
    0x08008d90   0x08008d90   0x00000164   Code   RO         5676    i.recv_udp          api_msg.o
    0x08008ef4   0x08008ef4   0x000000d0   Code   RO         5677    i.sent_tcp          api_msg.o
    0x08008fc4   0x08008fc4   0x00000044   Code   RO         5678    i.setup_tcp         api_msg.o
    0x08009008   0x08009008   0x00000002   Code   RO         7093    i.stats_init        stats.o
    0x0800900a   0x0800900a   0x00000044   Code   RO         8462    i.sys_arch_mbox_fetch  sys_arch.o
    0x0800904e   0x0800904e   0x00000022   Code   RO         8463    i.sys_arch_mbox_tryfetch  sys_arch.o
    0x08009070   0x08009070   0x00000018   Code   RO         8464    i.sys_arch_protect  sys_arch.o
    0x08009088   0x08009088   0x00000038   Code   RO         8465    i.sys_arch_sem_wait  sys_arch.o
    0x080090c0   0x080090c0   0x0000000c   Code   RO         8466    i.sys_arch_unprotect  sys_arch.o
    0x080090cc   0x080090cc   0x00000058   Code   RO         7688    i.sys_check_timeouts  timeouts.o
    0x08009124   0x08009124   0x00000018   Code   RO         8467    i.sys_init          sys_arch.o
    0x0800913c   0x0800913c   0x0000002c   Code   RO         8468    i.sys_mbox_free     sys_arch.o
    0x08009168   0x08009168   0x00000048   Code   RO         8469    i.sys_mbox_new      sys_arch.o
    0x080091b0   0x080091b0   0x00000006   Code   RO         8471    i.sys_mbox_set_invalid  sys_arch.o
    0x080091b6   0x080091b6   0x00000002   PAD
    0x080091b8   0x080091b8   0x00000024   Code   RO         8472    i.sys_mbox_trypost  sys_arch.o
    0x080091dc   0x080091dc   0x0000000a   Code   RO         8473    i.sys_mbox_valid    sys_arch.o
    0x080091e6   0x080091e6   0x0000000a   Code   RO         8475    i.sys_mutex_lock    sys_arch.o
    0x080091f0   0x080091f0   0x00000044   Code   RO         8476    i.sys_mutex_new     sys_arch.o
    0x08009234   0x08009234   0x00000006   Code   RO         8477    i.sys_mutex_unlock  sys_arch.o
    0x0800923a   0x0800923a   0x00000004   Code   RO          622    i.sys_now           ethernetif.o
    0x0800923e   0x0800923e   0x00000002   PAD
    0x08009240   0x08009240   0x00000014   Code   RO         8478    i.sys_sem_free      sys_arch.o
    0x08009254   0x08009254   0x00000050   Code   RO         8479    i.sys_sem_new       sys_arch.o
    0x080092a4   0x080092a4   0x00000006   Code   RO         8480    i.sys_sem_set_invalid  sys_arch.o
    0x080092aa   0x080092aa   0x00000006   Code   RO         8481    i.sys_sem_signal    sys_arch.o
    0x080092b0   0x080092b0   0x0000000a   Code   RO         8482    i.sys_sem_valid     sys_arch.o
    0x080092ba   0x080092ba   0x00000030   Code   RO         8483    i.sys_thread_new    sys_arch.o
    0x080092ea   0x080092ea   0x00000002   PAD
    0x080092ec   0x080092ec   0x00000140   Code   RO         7690    i.sys_timeout       timeouts.o
    0x0800942c   0x0800942c   0x00000034   Code   RO         7691    i.sys_timeouts_init  timeouts.o
    0x08009460   0x08009460   0x00000048   Code   RO         7692    i.sys_timeouts_mbox_fetch  timeouts.o
    0x080094a8   0x080094a8   0x0000016c   Code   RO         7179    i.tcp_abandon       tcp.o
    0x08009614   0x08009614   0x00000006   Code   RO         7180    i.tcp_abort         tcp.o
    0x0800961a   0x0800961a   0x0000000e   Code   RO         7181    i.tcp_accept        tcp.o
    0x08009628   0x08009628   0x0000000e   Code   RO         7182    i.tcp_accept_null   tcp.o
    0x08009636   0x08009636   0x00000002   PAD
    0x08009638   0x08009638   0x00000130   Code   RO         7183    i.tcp_alloc         tcp.o
    0x08009768   0x08009768   0x00000008   Code   RO         7184    i.tcp_arg           tcp.o
    0x08009770   0x08009770   0x00000124   Code   RO         7185    i.tcp_bind          tcp.o
    0x08009894   0x08009894   0x00000014   Code   RO         7186    i.tcp_close         tcp.o
    0x080098a8   0x080098a8   0x00000188   Code   RO         7187    i.tcp_close_shutdown  tcp.o
    0x08009a30   0x08009a30   0x000000c4   Code   RO         7188    i.tcp_close_shutdown_fin  tcp.o
    0x08009af4   0x08009af4   0x0000012c   Code   RO         7570    i.tcp_create_segment  tcp_out.o
    0x08009c20   0x08009c20   0x00000022   Code   RO         7195    i.tcp_eff_send_mss_impl  tcp.o
    0x08009c42   0x08009c42   0x00000002   PAD
    0x08009c44   0x08009c44   0x00000230   Code   RO         7571    i.tcp_enqueue_flags  tcp_out.o
    0x08009e74   0x08009e74   0x000000a4   Code   RO         7196    i.tcp_err           tcp.o
    0x08009f18   0x08009f18   0x0000006c   Code   RO         7197    i.tcp_fasttmr       tcp.o
    0x08009f84   0x08009f84   0x00000030   Code   RO         7480    i.tcp_getoptbyte    tcp_in.o
    0x08009fb4   0x08009fb4   0x00000002   Code   RO         7198    i.tcp_init          tcp.o
    0x08009fb6   0x08009fb6   0x00000002   PAD
    0x08009fb8   0x08009fb8   0x000006b0   Code   RO         7481    i.tcp_input         tcp_in.o
    0x0800a668   0x0800a668   0x00000040   Code   RO         7482    i.tcp_input_delayed_close  tcp_in.o
    0x0800a6a8   0x0800a6a8   0x00000060   Code   RO         7572    i.tcp_keepalive     tcp_out.o
    0x0800a708   0x0800a708   0x000000bc   Code   RO         7199    i.tcp_kill_state    tcp.o
    0x0800a7c4   0x0800a7c4   0x000000cc   Code   RO         7200    i.tcp_listen_closed  tcp.o
    0x0800a890   0x0800a890   0x00000100   Code   RO         7483    i.tcp_listen_input  tcp_in.o
    0x0800a990   0x0800a990   0x00000124   Code   RO         7202    i.tcp_listen_with_backlog_and_err  tcp.o
    0x0800aab4   0x0800aab4   0x0000004c   Code   RO         7203    i.tcp_netif_ip_addr_changed  tcp.o
    0x0800ab00   0x0800ab00   0x00000022   Code   RO         7204    i.tcp_netif_ip_addr_changed_pcblist  tcp.o
    0x0800ab22   0x0800ab22   0x00000006   Code   RO         7206    i.tcp_new_ip_type   tcp.o
    0x0800ab28   0x0800ab28   0x0000005c   Code   RO         7207    i.tcp_new_port      tcp.o
    0x0800ab84   0x0800ab84   0x00000010   Code   RO         7208    i.tcp_next_iss      tcp.o
    0x0800ab94   0x0800ab94   0x000002cc   Code   RO         7573    i.tcp_output        tcp_out.o
    0x0800ae60   0x0800ae60   0x0000010c   Code   RO         7574    i.tcp_output_alloc_header  tcp_out.o
    0x0800af6c   0x0800af6c   0x000000b8   Code   RO         7575    i.tcp_output_segment  tcp_out.o
    0x0800b024   0x0800b024   0x00000074   Code   RO         7484    i.tcp_parseopt      tcp_in.o
    0x0800b098   0x0800b098   0x000000d8   Code   RO         7576    i.tcp_pbuf_prealloc  tcp_out.o
    0x0800b170   0x0800b170   0x0000003a   Code   RO         7209    i.tcp_pcb_purge     tcp.o
    0x0800b1aa   0x0800b1aa   0x00000002   PAD
    0x0800b1ac   0x0800b1ac   0x00000140   Code   RO         7210    i.tcp_pcb_remove    tcp.o
    0x0800b2ec   0x0800b2ec   0x00000188   Code   RO         7211    i.tcp_pcbs_sane     tcp.o
    0x0800b474   0x0800b474   0x0000009c   Code   RO         7212    i.tcp_poll          tcp.o
    0x0800b510   0x0800b510   0x00000484   Code   RO         7485    i.tcp_process       tcp_in.o
    0x0800b994   0x0800b994   0x00000068   Code   RO         7213    i.tcp_process_refused_data  tcp.o
    0x0800b9fc   0x0800b9fc   0x00000670   Code   RO         7486    i.tcp_receive       tcp_in.o
    0x0800c06c   0x0800c06c   0x000000a0   Code   RO         7214    i.tcp_recv          tcp.o
    0x0800c10c   0x0800c10c   0x00000024   Code   RO         7215    i.tcp_recv_null     tcp.o
    0x0800c130   0x0800c130   0x00000110   Code   RO         7216    i.tcp_recved        tcp.o
    0x0800c240   0x0800c240   0x00000056   Code   RO         7577    i.tcp_rexmit        tcp_out.o
    0x0800c296   0x0800c296   0x00000058   Code   RO         7578    i.tcp_rexmit_fast   tcp_out.o
    0x0800c2ee   0x0800c2ee   0x00000032   Code   RO         7579    i.tcp_rexmit_rto    tcp_out.o
    0x0800c320   0x0800c320   0x00000130   Code   RO         7580    i.tcp_rst           tcp_out.o
    0x0800c450   0x0800c450   0x00000020   Code   RO         7217    i.tcp_seg_free      tcp.o
    0x0800c470   0x0800c470   0x00000012   Code   RO         7218    i.tcp_segs_free     tcp.o
    0x0800c482   0x0800c482   0x00000072   Code   RO         7581    i.tcp_send_empty_ack  tcp_out.o
    0x0800c4f4   0x0800c4f4   0x00000044   Code   RO         7582    i.tcp_send_fin      tcp_out.o
    0x0800c538   0x0800c538   0x000000a0   Code   RO         7219    i.tcp_sent          tcp.o
    0x0800c5d8   0x0800c5d8   0x0000004e   Code   RO         7221    i.tcp_shutdown      tcp.o
    0x0800c626   0x0800c626   0x00000002   PAD
    0x0800c628   0x0800c628   0x000004b8   Code   RO         7222    i.tcp_slowtmr       tcp.o
    0x0800cae0   0x0800cae0   0x00000034   Code   RO         7694    i.tcp_timer_needed  timeouts.o
    0x0800cb14   0x0800cb14   0x00000068   Code   RO         7487    i.tcp_timewait_input  tcp_in.o
    0x0800cb7c   0x0800cb7c   0x00000020   Code   RO         7223    i.tcp_tmr           tcp.o
    0x0800cb9c   0x0800cb9c   0x00000010   Code   RO         7488    i.tcp_trigger_input_pcb_close  tcp_in.o
    0x0800cbac   0x0800cbac   0x000000c0   Code   RO         7225    i.tcp_update_rcv_ann_wnd  tcp.o
    0x0800cc6c   0x0800cc6c   0x0000068e   Code   RO         7583    i.tcp_write         tcp_out.o
    0x0800d2fa   0x0800d2fa   0x00000002   PAD
    0x0800d2fc   0x0800d2fc   0x00000150   Code   RO         7584    i.tcp_write_checks  tcp_out.o
    0x0800d44c   0x0800d44c   0x000000c4   Code   RO         7585    i.tcp_zero_window_probe  tcp_out.o
    0x0800d510   0x0800d510   0x00000028   Code   RO            4    i.tcpecho_init      tcpecho.o
    0x0800d538   0x0800d538   0x000000a4   Code   RO            5    i.tcpecho_thread    tcpecho.o
    0x0800d5dc   0x0800d5dc   0x00000110   Code   RO         6228    i.tcpip_init        tcpip.o
    0x0800d6ec   0x0800d6ec   0x000000c0   Code   RO         6229    i.tcpip_inpkt       tcpip.o
    0x0800d7ac   0x0800d7ac   0x0000001c   Code   RO         6230    i.tcpip_input       tcpip.o
    0x0800d7c8   0x0800d7c8   0x00000020   Code   RO         6231    i.tcpip_send_msg_wait_sem  tcpip.o
    0x0800d7e8   0x0800d7e8   0x00000038   Code   RO         7695    i.tcpip_tcp_timer   timeouts.o
    0x0800d820   0x0800d820   0x000000f8   Code   RO         6232    i.tcpip_thread      tcpip.o
    0x0800d918   0x0800d918   0x000000ac   Code   RO         7766    i.udp_bind          udp.o
    0x0800d9c4   0x0800d9c4   0x00000002   Code   RO         7770    i.udp_init          udp.o
    0x0800d9c6   0x0800d9c6   0x00000002   PAD
    0x0800d9c8   0x0800d9c8   0x000001d8   Code   RO         7771    i.udp_input         udp.o
    0x0800dba0   0x0800dba0   0x00000034   Code   RO         7772    i.udp_netif_ip_addr_changed  udp.o
    0x0800dbd4   0x0800dbd4   0x0000001a   Code   RO         7773    i.udp_new           udp.o
    0x0800dbee   0x0800dbee   0x00000004   Code   RO         7774    i.udp_new_ip_type   udp.o
    0x0800dbf2   0x0800dbf2   0x00000006   Code   RO         7775    i.udp_recv          udp.o
    0x0800dbf8   0x0800dbf8   0x00000030   Code   RO         7776    i.udp_remove        udp.o
    0x0800dc28   0x0800dc28   0x00000024   Code   RO         3842    i.uxListRemove      list.o
    0x0800dc4c   0x0800dc4c   0x00000024   Code   RO         3885    i.uxQueueMessagesWaiting  queue.o
    0x0800dc70   0x0800dc70   0x00000016   Code   RO         3886    i.uxQueueMessagesWaitingFromISR  queue.o
    0x0800dc86   0x0800dc86   0x00000002   PAD
    0x0800dc88   0x0800dc88   0x000000a8   Code   RO         4050    i.uxTaskGetSystemState  tasks.o
    0x0800dd30   0x0800dd30   0x00000016   Code   RO         3843    i.vListInitialise   list.o
    0x0800dd46   0x0800dd46   0x00000006   Code   RO         3844    i.vListInitialiseItem  list.o
    0x0800dd4c   0x0800dd4c   0x00000030   Code   RO         3845    i.vListInsert       list.o
    0x0800dd7c   0x0800dd7c   0x00000018   Code   RO         3846    i.vListInsertEnd    list.o
    0x0800dd94   0x0800dd94   0x00000040   Code   RO         4809    i.vPortEnterCritical  port.o
    0x0800ddd4   0x0800ddd4   0x00000028   Code   RO         4810    i.vPortExitCritical  port.o
    0x0800ddfc   0x0800ddfc   0x0000005c   Code   RO         4747    i.vPortFree         heap_4.o
    0x0800de58   0x0800de58   0x00000020   Code   RO         4811    i.vPortSetupTimerInterrupt  port.o
    0x0800de78   0x0800de78   0x00000054   Code   RO         4812    i.vPortValidateInterruptPriority  port.o
    0x0800decc   0x0800decc   0x00000024   Code   RO         3889    i.vQueueDelete      queue.o
    0x0800def0   0x0800def0   0x00000028   Code   RO         3891    i.vQueueUnregisterQueue  queue.o
    0x0800df18   0x0800df18   0x0000004c   Code   RO         4055    i.vTaskDelay        tasks.o
    0x0800df64   0x0800df64   0x00000084   Code   RO         4058    i.vTaskGetInfo      tasks.o
    0x0800dfe8   0x0800dfe8   0x000000d0   Code   RO         4059    i.vTaskList         tasks.o
    0x0800e0b8   0x0800e0b8   0x0000000c   Code   RO         4060    i.vTaskMissedYield  tasks.o
    0x0800e0c4   0x0800e0c4   0x00000030   Code   RO         4062    i.vTaskPlaceOnEventList  tasks.o
    0x0800e0f4   0x0800e0f4   0x00000084   Code   RO         4064    i.vTaskPriorityInherit  tasks.o
    0x0800e178   0x0800e178   0x00000024   Code   RO         4068    i.vTaskSetTimeOutState  tasks.o
    0x0800e19c   0x0800e19c   0x00000068   Code   RO         4069    i.vTaskStartScheduler  tasks.o
    0x0800e204   0x0800e204   0x00000010   Code   RO         4071    i.vTaskSuspendAll   tasks.o
    0x0800e214   0x0800e214   0x0000005c   Code   RO         4072    i.vTaskSwitchContext  tasks.o
    0x0800e270   0x0800e270   0x000000e0   Code   RO         4813    i.xPortStartScheduler  port.o
    0x0800e350   0x0800e350   0x0000002c   Code   RO         4814    i.xPortSysTickHandler  port.o
    0x0800e37c   0x0800e37c   0x00000024   Code   RO         3892    i.xQueueCreateMutex  queue.o
    0x0800e3a0   0x0800e3a0   0x00000052   Code   RO         3893    i.xQueueGenericCreate  queue.o
    0x0800e3f2   0x0800e3f2   0x00000002   PAD
    0x0800e3f4   0x0800e3f4   0x0000016c   Code   RO         3894    i.xQueueGenericReceive  queue.o
    0x0800e560   0x0800e560   0x00000088   Code   RO         3895    i.xQueueGenericReset  queue.o
    0x0800e5e8   0x0800e5e8   0x00000160   Code   RO         3896    i.xQueueGenericSend  queue.o
    0x0800e748   0x0800e748   0x000000bc   Code   RO         3897    i.xQueueGenericSendFromISR  queue.o
    0x0800e804   0x0800e804   0x0000009c   Code   RO         3898    i.xQueueGiveFromISR  queue.o
    0x0800e8a0   0x0800e8a0   0x0000009a   Code   RO         3902    i.xQueueReceiveFromISR  queue.o
    0x0800e93a   0x0800e93a   0x00000002   PAD
    0x0800e93c   0x0800e93c   0x0000006c   Code   RO         4073    i.xTaskCheckForTimeOut  tasks.o
    0x0800e9a8   0x0800e9a8   0x00000056   Code   RO         4074    i.xTaskCreate       tasks.o
    0x0800e9fe   0x0800e9fe   0x00000002   PAD
    0x0800ea00   0x0800ea00   0x0000001c   Code   RO         4078    i.xTaskGetSchedulerState  tasks.o
    0x0800ea1c   0x0800ea1c   0x0000000c   Code   RO         4079    i.xTaskGetTickCount  tasks.o
    0x0800ea28   0x0800ea28   0x00000010   Code   RO         4080    i.xTaskGetTickCountFromISR  tasks.o
    0x0800ea38   0x0800ea38   0x000000c8   Code   RO         4081    i.xTaskIncrementTick  tasks.o
    0x0800eb00   0x0800eb00   0x00000098   Code   RO         4084    i.xTaskPriorityDisinherit  tasks.o
    0x0800eb98   0x0800eb98   0x00000074   Code   RO         4085    i.xTaskRemoveFromEventList  tasks.o
    0x0800ec0c   0x0800ec0c   0x000000c4   Code   RO         4087    i.xTaskResumeAll    tasks.o
    0x0800ecd0   0x0800ecd0   0x00000028   Data   RO          441    .constdata          freertos.o
    0x0800ecf8   0x0800ecf8   0x00000014   Data   RO          624    .constdata          ethernetif.o
    0x0800ed0c   0x0800ed0c   0x00000010   Data   RO          967    .constdata          system_stm32f4xx.o
    0x0800ed1c   0x0800ed1c   0x00000008   Data   RO          968    .constdata          system_stm32f4xx.o
    0x0800ed24   0x0800ed24   0x00000006   Data   RO         5322    .constdata          ethernet.o
    0x0800ed2a   0x0800ed2a   0x00000006   Data   RO         5323    .constdata          ethernet.o
    0x0800ed30   0x0800ed30   0x00000014   Data   RO         6642    .constdata          memp.o
    0x0800ed44   0x0800ed44   0x00000014   Data   RO         6643    .constdata          memp.o
    0x0800ed58   0x0800ed58   0x00000014   Data   RO         6644    .constdata          memp.o
    0x0800ed6c   0x0800ed6c   0x00000014   Data   RO         6645    .constdata          memp.o
    0x0800ed80   0x0800ed80   0x00000014   Data   RO         6646    .constdata          memp.o
    0x0800ed94   0x0800ed94   0x00000014   Data   RO         6647    .constdata          memp.o
    0x0800eda8   0x0800eda8   0x00000014   Data   RO         6648    .constdata          memp.o
    0x0800edbc   0x0800edbc   0x00000014   Data   RO         6649    .constdata          memp.o
    0x0800edd0   0x0800edd0   0x00000014   Data   RO         6650    .constdata          memp.o
    0x0800ede4   0x0800ede4   0x00000014   Data   RO         6651    .constdata          memp.o
    0x0800edf8   0x0800edf8   0x00000014   Data   RO         6652    .constdata          memp.o
    0x0800ee0c   0x0800ee0c   0x00000014   Data   RO         6653    .constdata          memp.o
    0x0800ee20   0x0800ee20   0x00000014   Data   RO         6654    .constdata          memp.o
    0x0800ee34   0x0800ee34   0x00000034   Data   RO         6655    .constdata          memp.o
    0x0800ee68   0x0800ee68   0x00000054   Data   RO         7226    .constdata          tcp.o
    0x0800eebc   0x0800eebc   0x00000018   Data   RO         7696    .constdata          timeouts.o
    0x0800eed4   0x0800eed4   0x00000004   Data   RO         8149    .constdata          ip4_addr.o
    0x0800eed8   0x0800eed8   0x0000000c   Data   RO         8484    .constdata          sys_arch.o
    0x0800eee4   0x0800eee4   0x00000015   Data   RO          442    .conststring        freertos.o
    0x0800eef9   0x0800eef9   0x00000003   PAD
    0x0800eefc   0x0800eefc   0x00000006   Data   RO          625    .conststring        ethernetif.o
    0x0800ef02   0x0800ef02   0x00000002   PAD
    0x0800ef04   0x0800ef04   0x00000008   Data   RO         6656    .conststring        memp.o
    0x0800ef0c   0x0800ef0c   0x00000008   Data   RO         6657    .conststring        memp.o
    0x0800ef14   0x0800ef14   0x0000000f   Data   RO         6658    .conststring        memp.o
    0x0800ef23   0x0800ef23   0x00000001   PAD
    0x0800ef24   0x0800ef24   0x00000008   Data   RO         6659    .conststring        memp.o
    0x0800ef2c   0x0800ef2c   0x0000000a   Data   RO         6660    .conststring        memp.o
    0x0800ef36   0x0800ef36   0x00000002   PAD
    0x0800ef38   0x0800ef38   0x0000000a   Data   RO         6661    .conststring        memp.o
    0x0800ef42   0x0800ef42   0x00000002   PAD
    0x0800ef44   0x0800ef44   0x00000007   Data   RO         6662    .conststring        memp.o
    0x0800ef4b   0x0800ef4b   0x00000001   PAD
    0x0800ef4c   0x0800ef4c   0x00000008   Data   RO         6663    .conststring        memp.o
    0x0800ef54   0x0800ef54   0x0000000e   Data   RO         6664    .conststring        memp.o
    0x0800ef62   0x0800ef62   0x00000002   PAD
    0x0800ef64   0x0800ef64   0x00000010   Data   RO         6665    .conststring        memp.o
    0x0800ef74   0x0800ef74   0x0000000c   Data   RO         6666    .conststring        memp.o
    0x0800ef80   0x0800ef80   0x0000000d   Data   RO         6667    .conststring        memp.o
    0x0800ef8d   0x0800ef8d   0x00000003   PAD
    0x0800ef90   0x0800ef90   0x0000000a   Data   RO         6668    .conststring        memp.o
    0x0800ef9a   0x0800ef9a   0x00000002   PAD
    0x0800ef9c   0x0800ef9c   0x0000006d   Data   RO         7227    .conststring        tcp.o
    0x0800f009   0x0800f009   0x00000003   PAD
    0x0800f00c   0x0800f00c   0x00000055   Data   RO         7586    .conststring        tcp_out.o
    0x0800f061   0x0800f061   0x00000003   PAD
    0x0800f064   0x0800f064   0x00000041   Data   RO         7936    .conststring        etharp.o
    0x0800f0a5   0x0800f0a5   0x00000003   PAD
    0x0800f0a8   0x0800f0a8   0x00000020   Data   RO         9130    Region$$Table       anon$$obj.o


    Execution Region RW_IRAM1 (Exec base: 0x20000000, Load base: 0x0800f0c8, Size: 0x00019a78, Max: 0x00020000, ABSOLUTE, COMPRESSED[0x00000018])

    Exec Addr    Load Addr    Size         Type   Attr      Idx    E Section Name        Object

    0x20000000   COMPRESSED   0x00000008   Data   RW          443    .data               freertos.o
    0x20000008   COMPRESSED   0x00000018   Data   RW          557    .data               lwip.o
    0x20000020   COMPRESSED   0x00000004   Data   RW          626    .data               ethernetif.o
    0x20000024   COMPRESSED   0x00000004   Data   RW          969    .data               system_stm32f4xx.o
    0x20000028   COMPRESSED   0x0000000c   Data   RW         3595    .data               stm32f4xx_hal.o
    0x20000034   COMPRESSED   0x0000003c   Data   RW         4090    .data               tasks.o
    0x20000070   COMPRESSED   0x00000018   Data   RW         4752    .data               heap_4.o
    0x20000088   COMPRESSED   0x0000000c   Data   RW         4815    .data               port.o
    0x20000094   COMPRESSED   0x00000001   Data   RW         5679    .data               api_msg.o
    0x20000095   COMPRESSED   0x00000003   PAD
    0x20000098   COMPRESSED   0x00000010   Data   RW         6234    .data               tcpip.o
    0x200000a8   COMPRESSED   0x00000010   Data   RW         6558    .data               mem.o
    0x200000b8   COMPRESSED   0x00000004   Data   RW         6669    .data               memp.o
    0x200000bc   COMPRESSED   0x00000004   Data   RW         6670    .data               memp.o
    0x200000c0   COMPRESSED   0x00000004   Data   RW         6671    .data               memp.o
    0x200000c4   COMPRESSED   0x00000004   Data   RW         6672    .data               memp.o
    0x200000c8   COMPRESSED   0x00000004   Data   RW         6673    .data               memp.o
    0x200000cc   COMPRESSED   0x00000004   Data   RW         6674    .data               memp.o
    0x200000d0   COMPRESSED   0x00000004   Data   RW         6675    .data               memp.o
    0x200000d4   COMPRESSED   0x00000004   Data   RW         6676    .data               memp.o
    0x200000d8   COMPRESSED   0x00000004   Data   RW         6677    .data               memp.o
    0x200000dc   COMPRESSED   0x00000004   Data   RW         6678    .data               memp.o
    0x200000e0   COMPRESSED   0x00000004   Data   RW         6679    .data               memp.o
    0x200000e4   COMPRESSED   0x00000004   Data   RW         6680    .data               memp.o
    0x200000e8   COMPRESSED   0x00000004   Data   RW         6681    .data               memp.o
    0x200000ec   COMPRESSED   0x0000000c   Data   RW         6793    .data               netif.o
    0x200000f8   COMPRESSED   0x00000020   Data   RW         7228    .data               tcp.o
    0x20000118   COMPRESSED   0x00000024   Data   RW         7490    .data               tcp_in.o
    0x2000013c   COMPRESSED   0x0000000c   Data   RW         7697    .data               timeouts.o
    0x20000148   COMPRESSED   0x00000008   Data   RW         7781    .data               udp.o
    0x20000150   COMPRESSED   0x00000001   Data   RW         7937    .data               etharp.o
    0x20000151   COMPRESSED   0x00000001   PAD
    0x20000152   COMPRESSED   0x00000002   Data   RW         8089    .data               ip4.o
    0x20000154   COMPRESSED   0x00000008   Data   RW         8217    .data               ip4_frag.o
    0x2000015c   COMPRESSED   0x00000004   Data   RW         8486    .data               sys_arch.o
    0x20000160   COMPRESSED   0x00000004   Data   RW         9106    .data               mc_w.l(stdout.o)
    0x20000164        -       0x000001f4   Zero   RW          439    .bss                freertos.o
    0x20000358        -       0x00000030   Zero   RW          556    .bss                lwip.o
    0x20000388        -       0x000030e8   Zero   RW          623    .bss                ethernetif.o
    0x20003470        -       0x00000058   Zero   RW          727    .bss                spi.o
    0x200034c8        -       0x0000003c   Zero   RW          770    .bss                tim.o
    0x20003504        -       0x00000040   Zero   RW          820    .bss                usart.o
    0x20003544        -       0x00000040   Zero   RW         3903    .bss                queue.o
    0x20003584        -       0x000000f0   Zero   RW         4089    .bss                tasks.o
    0x20003674        -       0x00012660   Zero   RW         4751    .bss                heap_4.o
    0x20015cd4        -       0x00000018   Zero   RW         6527    .bss                ip.o
    0x20015cec        -       0x00000653   Zero   RW         6557    .bss                mem.o
    0x2001633f        -       0x00000083   Zero   RW         6616    .bss                memp.o
    0x200163c2   COMPRESSED   0x00000002   PAD
    0x200163c4        -       0x00000010   Zero   RW         6617    .bss                memp.o
    0x200163d4        -       0x000002e7   Zero   RW         6618    .bss                memp.o
    0x200166bb   COMPRESSED   0x00000001   PAD
    0x200166bc        -       0x00000010   Zero   RW         6619    .bss                memp.o
    0x200166cc        -       0x000000e3   Zero   RW         6620    .bss                memp.o
    0x200167af   COMPRESSED   0x00000001   PAD
    0x200167b0        -       0x00000010   Zero   RW         6621    .bss                memp.o
    0x200167c0        -       0x00000103   Zero   RW         6622    .bss                memp.o
    0x200168c3   COMPRESSED   0x00000001   PAD
    0x200168c4        -       0x00000010   Zero   RW         6623    .bss                memp.o
    0x200168d4        -       0x000000a3   Zero   RW         6624    .bss                memp.o
    0x20016977   COMPRESSED   0x00000001   PAD
    0x20016978        -       0x00000010   Zero   RW         6625    .bss                memp.o
    0x20016988        -       0x0000016b   Zero   RW         6626    .bss                memp.o
    0x20016af3   COMPRESSED   0x00000001   PAD
    0x20016af4        -       0x00000010   Zero   RW         6627    .bss                memp.o
    0x20016b04        -       0x00000023   Zero   RW         6628    .bss                memp.o
    0x20016b27   COMPRESSED   0x00000001   PAD
    0x20016b28        -       0x00000010   Zero   RW         6629    .bss                memp.o
    0x20016b38        -       0x000000b3   Zero   RW         6630    .bss                memp.o
    0x20016beb   COMPRESSED   0x00000001   PAD
    0x20016bec        -       0x00000010   Zero   RW         6631    .bss                memp.o
    0x20016bfc        -       0x00000083   Zero   RW         6632    .bss                memp.o
    0x20016c7f   COMPRESSED   0x00000001   PAD
    0x20016c80        -       0x00000010   Zero   RW         6633    .bss                memp.o
    0x20016c90        -       0x00000083   Zero   RW         6634    .bss                memp.o
    0x20016d13   COMPRESSED   0x00000001   PAD
    0x20016d14        -       0x00000010   Zero   RW         6635    .bss                memp.o
    0x20016d24        -       0x00000033   Zero   RW         6636    .bss                memp.o
    0x20016d57   COMPRESSED   0x00000001   PAD
    0x20016d58        -       0x00000010   Zero   RW         6637    .bss                memp.o
    0x20016d68        -       0x00000103   Zero   RW         6638    .bss                memp.o
    0x20016e6b   COMPRESSED   0x00000001   PAD
    0x20016e6c        -       0x00000010   Zero   RW         6639    .bss                memp.o
    0x20016e7c        -       0x00002603   Zero   RW         6640    .bss                memp.o
    0x2001947f   COMPRESSED   0x00000001   PAD
    0x20019480        -       0x00000010   Zero   RW         6641    .bss                memp.o
    0x20019490        -       0x000000e8   Zero   RW         7094    .bss                stats.o
    0x20019578        -       0x00000010   Zero   RW         7489    .bss                tcp_in.o
    0x20019588        -       0x000000f0   Zero   RW         7935    .bss                etharp.o
    0x20019678        -       0x00000400   Zero   RW         1000    STACK               startup_stm32f407xx.o


==============================================================================

Image component sizes


      Code (inc. data)   RO Data    RW Data    ZI Data      Debug   Object Name

      2360       1296          0          0          0      33786   api_lib.o
      6040       2352          0          1          0      35664   api_msg.o
       880         32          0          0          0      25557   cmsis_os.o
         8          0          0          0          0       1114   def.o
      2908       1172         65          1        240      12767   etharp.o
       420        160         12          0          0       2718   ethernet.o
      1048        154         26          4      12520       6952   ethernetif.o
         0          0          0          0          0       9540   event_groups.o
       144         26         61          8        500      11486   freertos.o
       244         16          0          0          0       1107   gpio.o
       460         28          0         24      75360       7375   heap_4.o
       860        358          0          0          0       4638   icmp.o
        38          0          0          0          0        588   init.o
         0          0          0          0         24       3062   ip.o
      1042        192          0          2          0       5322   ip4.o
        46          0          4          0          0       6998   ip4_addr.o
      2764       1030          0          8          0      11614   ip4_frag.o
       136          0          0          0          0       3578   list.o
       244         18          0         24         48       1413   lwip.o
       592        340          0          0          0      24942   main.o
      2016        932          0         16       1619       6177   mem.o
       808        502        451         52      12611      11616   memp.o
       454        300          0          0          0       2600   netbuf.o
       470        132          0         12          0       9761   netif.o
      3438       1818          0          0          0      11750   pbuf.o
       758         84          0         12          0      11965   port.o
      1882         18          0          0         64      19457   queue.o
         0          0          0          0          0       3459   slipif.o
       220         26          0          0         88       1725   spi.o
        36          8        392          0       1024        808   startup_stm32f407xx.o
         2          0          0          0        232       5270   stats.o
       180         28          0         12          0       4617   stm32f4xx_hal.o
       194         14          0          0          0      30439   stm32f4xx_hal_cortex.o
      2008         72          0          0          0      13160   stm32f4xx_hal_eth.o
       450         44          0          0          0       3061   stm32f4xx_hal_gpio.o
        56          4          0          0          0        850   stm32f4xx_hal_msp.o
      1276         86          0          0          0       5672   stm32f4xx_hal_rcc.o
       140          0          0          0          0       1263   stm32f4xx_hal_spi.o
       614         44          0          0          0       6515   stm32f4xx_hal_tim.o
        84          0          0          0          0       2438   stm32f4xx_hal_tim_ex.o
      1068          8          0          0          0       4156   stm32f4xx_hal_uart.o
        50         12          0          0          0       4202   stm32f4xx_it.o
       640         54         12          4          0      18468   sys_arch.o
        84         18         24          4          0       1171   system_stm32f4xx.o
      2802        222          0         60        240      29046   tasks.o
      6044       2622        193         32          0      38524   tcp.o
      5120       1152          0         36         16      19171   tcp_in.o
      5260       1752         85          0          0      27366   tcp_out.o
       204         48          0          0          0     759319   tcpecho.o
       772        434          0         16          0       6693   tcpip.o
       120         18          0          0         60       1647   tim.o
       668        228         24         12          0       6840   timeouts.o
       782        138          0          8          0       8441   udp.o
       188         26          0          0         64       2351   usart.o

    ----------------------------------------------------------------------
     59198      18018       1408        352     104724    1290219   Object Totals
         0          0         32          0          0          0   (incl. Generated)
        76          0         27          4         14          0   (incl. Padding)

    ----------------------------------------------------------------------

      Code (inc. data)   RO Data    RW Data    ZI Data      Debug   Library Member Name

        86          0          0          0          0          0   __dczerorl2.o
         0          0          0          0          0          0   entry.o
         0          0          0          0          0          0   entry10a.o
         0          0          0          0          0          0   entry11a.o
         8          4          0          0          0          0   entry2.o
         4          0          0          0          0          0   entry5.o
         0          0          0          0          0          0   entry7b.o
         0          0          0          0          0          0   entry8b.o
         8          4          0          0          0          0   entry9a.o
        30          0          0          0          0          0   handlers.o
        36          8          0          0          0         68   init.o
        30          0          0          0          0         68   llshl.o
        32          0          0          0          0         68   llushr.o
        26          0          0          0          0         80   memcmp.o
        36          0          0          0          0         68   memcpya.o
        36          0          0          0          0        108   memseta.o
       522         20          0          0          0        336   printf3.o
         0          0          0          4          0          0   stdout.o
        18          0          0          0          0         68   strcpy.o
        14          0          0          0          0         68   strlen.o
        44          0          0          0          0         80   uidiv.o
        98          0          0          0          0         92   uldiv.o

    ----------------------------------------------------------------------
      1034         36          0          4          0       1104   Library Totals
         6          0          0          0          0          0   (incl. Padding)

    ----------------------------------------------------------------------

      Code (inc. data)   RO Data    RW Data    ZI Data      Debug   Library Name

      1028         36          0          4          0       1104   mc_w.l

    ----------------------------------------------------------------------
      1034         36          0          4          0       1104   Library Totals

    ----------------------------------------------------------------------

==============================================================================


      Code (inc. data)   RO Data    RW Data    ZI Data      Debug   

     60232      18054       1408        356     104724    1254387   Grand Totals
     60232      18054       1408         24     104724    1254387   ELF Image Totals (compressed)
     60232      18054       1408         24          0          0   ROM Totals

==============================================================================

    Total RO  Size (Code + RO Data)                61640 (  60.20kB)
    Total RW  Size (RW Data + ZI Data)            105080 ( 102.62kB)
    Total ROM Size (Code + RO Data + RW Data)      61664 (  60.22kB)

==============================================================================

