Component: ARM Compiler 5.06 update 5 (build 528) Tool: armlink [4d35e2]

==============================================================================

Section Cross References

    stm32f4xx_it.o(i.ETH_IRQHandler) refers to stm32f4xx_hal_eth.o(i.HAL_ETH_IRQHandler) for HAL_ETH_IRQHandler
    stm32f4xx_it.o(i.ETH_IRQHandler) refers to ethernetif.o(.bss) for heth
    stm32f4xx_it.o(i.SysTick_Handler) refers to stm32f4xx_hal.o(i.HAL_IncTick) for HAL_IncTick
    stm32f4xx_it.o(i.SysTick_Handler) refers to cmsis_os.o(i.osSystickHandler) for osSystickHandler
    lwip.o(i.MX_LWIP_Init) refers to tcpip.o(i.tcpip_init) for tcpip_init
    lwip.o(i.MX_LWIP_Init) refers to netif.o(i.netif_add) for netif_add
    lwip.o(i.MX_LWIP_Init) refers to netif.o(i.netif_set_default) for netif_set_default
    lwip.o(i.MX_LWIP_Init) refers to netif.o(i.netif_set_up) for netif_set_up
    lwip.o(i.MX_LWIP_Init) refers to netif.o(i.netif_set_down) for netif_set_down
    lwip.o(i.MX_LWIP_Init) refers to lwip.o(.data) for .data
    lwip.o(i.MX_LWIP_Init) refers to tcpip.o(i.tcpip_input) for tcpip_input
    lwip.o(i.MX_LWIP_Init) refers to ethernetif.o(i.ethernetif_init) for ethernetif_init
    lwip.o(i.MX_LWIP_Init) refers to lwip.o(.bss) for .bss
    freertos.o(i.MX_FREERTOS_Init) refers to memcpya.o(.text) for __aeabi_memcpy4
    freertos.o(i.MX_FREERTOS_Init) refers to cmsis_os.o(i.osThreadCreate) for osThreadCreate
    freertos.o(i.MX_FREERTOS_Init) refers to freertos.o(.constdata) for .constdata
    freertos.o(i.MX_FREERTOS_Init) refers to freertos.o(.data) for .data
    freertos.o(i.StartDefaultTask) refers to lwip.o(i.MX_LWIP_Init) for MX_LWIP_Init
    freertos.o(i.StartDefaultTask) refers to tcpecho.o(i.tcpecho_init) for tcpecho_init
    freertos.o(i.StartDefaultTask) refers to tasks.o(i.vTaskList) for vTaskList
    freertos.o(i.StartDefaultTask) refers to printf3.o(i.__0printf$3) for __2printf
    freertos.o(i.StartDefaultTask) refers to stm32f4xx_hal_gpio.o(i.HAL_GPIO_TogglePin) for HAL_GPIO_TogglePin
    freertos.o(i.StartDefaultTask) refers to cmsis_os.o(i.osDelay) for osDelay
    freertos.o(i.StartDefaultTask) refers to freertos.o(.bss) for .bss
    freertos.o(i.TaskList_Stats) refers to cmsis_os.o(i.osDelay) for osDelay
    freertos.o(.constdata) refers to freertos.o(.conststring) for .conststring
    freertos.o(.constdata) refers to freertos.o(i.StartDefaultTask) for StartDefaultTask
    freertos.o(.constdata) refers to freertos.o(i.TaskList_Stats) for TaskList_Stats
    stm32f4xx_hal_msp.o(i.HAL_MspInit) refers to stm32f4xx_hal_cortex.o(i.HAL_NVIC_SetPriorityGrouping) for HAL_NVIC_SetPriorityGrouping
    stm32f4xx_hal_msp.o(i.HAL_MspInit) refers to stm32f4xx_hal_cortex.o(i.HAL_NVIC_SetPriority) for HAL_NVIC_SetPriority
    ethernetif.o(i.HAL_ETH_MspDeInit) refers to stm32f4xx_hal_gpio.o(i.HAL_GPIO_DeInit) for HAL_GPIO_DeInit
    ethernetif.o(i.HAL_ETH_MspDeInit) refers to stm32f4xx_hal_cortex.o(i.HAL_NVIC_DisableIRQ) for HAL_NVIC_DisableIRQ
    ethernetif.o(i.HAL_ETH_MspInit) refers to stm32f4xx_hal_gpio.o(i.HAL_GPIO_Init) for HAL_GPIO_Init
    ethernetif.o(i.HAL_ETH_MspInit) refers to stm32f4xx_hal_cortex.o(i.HAL_NVIC_SetPriority) for HAL_NVIC_SetPriority
    ethernetif.o(i.HAL_ETH_MspInit) refers to stm32f4xx_hal_cortex.o(i.HAL_NVIC_EnableIRQ) for HAL_NVIC_EnableIRQ
    ethernetif.o(i.HAL_ETH_RxCpltCallback) refers to cmsis_os.o(i.osSemaphoreRelease) for osSemaphoreRelease
    ethernetif.o(i.HAL_ETH_RxCpltCallback) refers to ethernetif.o(.data) for .data
    ethernetif.o(i.ethernetif_init) refers to ethernetif.o(i.low_level_init) for low_level_init
    ethernetif.o(i.ethernetif_init) refers to etharp.o(i.etharp_output) for etharp_output
    ethernetif.o(i.ethernetif_init) refers to ethernetif.o(i.low_level_output) for low_level_output
    ethernetif.o(i.ethernetif_input) refers to cmsis_os.o(i.osSemaphoreWait) for osSemaphoreWait
    ethernetif.o(i.ethernetif_input) refers to ethernetif.o(i.low_level_input) for low_level_input
    ethernetif.o(i.ethernetif_input) refers to pbuf.o(i.pbuf_free) for pbuf_free
    ethernetif.o(i.ethernetif_input) refers to ethernetif.o(.data) for .data
    ethernetif.o(i.low_level_init) refers to stm32f4xx_hal_eth.o(i.HAL_ETH_Init) for HAL_ETH_Init
    ethernetif.o(i.low_level_init) refers to stm32f4xx_hal_eth.o(i.HAL_ETH_DMATxDescListInit) for HAL_ETH_DMATxDescListInit
    ethernetif.o(i.low_level_init) refers to stm32f4xx_hal_eth.o(i.HAL_ETH_DMARxDescListInit) for HAL_ETH_DMARxDescListInit
    ethernetif.o(i.low_level_init) refers to cmsis_os.o(i.osSemaphoreCreate) for osSemaphoreCreate
    ethernetif.o(i.low_level_init) refers to memcpya.o(.text) for __aeabi_memcpy4
    ethernetif.o(i.low_level_init) refers to cmsis_os.o(i.osThreadCreate) for osThreadCreate
    ethernetif.o(i.low_level_init) refers to stm32f4xx_hal_eth.o(i.HAL_ETH_Start) for HAL_ETH_Start
    ethernetif.o(i.low_level_init) refers to stm32f4xx_hal_eth.o(i.HAL_ETH_ReadPHYRegister) for HAL_ETH_ReadPHYRegister
[...]
    HAL_NVIC_SetPriority                     0x08000ef9   Thumb Code    60  stm32f4xx_hal_cortex.o(i.HAL_NVIC_SetPriority)
    HAL_NVIC_SetPriorityGrouping             0x08000f39   Thumb Code    26  stm32f4xx_hal_cortex.o(i.HAL_NVIC_SetPriorityGrouping)
    HAL_RCC_ClockConfig                      0x08000f5d   Thumb Code   364  stm32f4xx_hal_rcc.o(i.HAL_RCC_ClockConfig)
    HAL_RCC_GetHCLKFreq                      0x080010d9   Thumb Code     6  stm32f4xx_hal_rcc.o(i.HAL_RCC_GetHCLKFreq)
    HAL_RCC_GetPCLK1Freq                     0x080010e5   Thumb Code    34  stm32f4xx_hal_rcc.o(i.HAL_RCC_GetPCLK1Freq)
    HAL_RCC_GetPCLK2Freq                     0x08001115   Thumb Code    34  stm32f4xx_hal_rcc.o(i.HAL_RCC_GetPCLK2Freq)
    HAL_RCC_GetSysClockFreq                  0x08001145   Thumb Code   104  stm32f4xx_hal_rcc.o(i.HAL_RCC_GetSysClockFreq)
    HAL_RCC_OscConfig                        0x080011b9   Thumb Code   770  stm32f4xx_hal_rcc.o(i.HAL_RCC_OscConfig)
    HAL_SYSTICK_CLKSourceConfig              0x080014cd   Thumb Code    24  stm32f4xx_hal_cortex.o(i.HAL_SYSTICK_CLKSourceConfig)
    HAL_SYSTICK_Config                       0x080014e5   Thumb Code    40  stm32f4xx_hal_cortex.o(i.HAL_SYSTICK_Config)
    HAL_UART_Init                            0x0800150d   Thumb Code    98  stm32f4xx_hal_uart.o(i.HAL_UART_Init)
    HAL_UART_MspInit                         0x08001571   Thumb Code    64  usart.o(i.HAL_UART_MspInit)
    HAL_UART_Transmit                        0x080015bd   Thumb Code   186  stm32f4xx_hal_uart.o(i.HAL_UART_Transmit)
    HardFault_Handler                        0x08001677   Thumb Code     2  stm32f4xx_it.o(i.HardFault_Handler)
    MX_FREERTOS_Init                         0x08001679   Thumb Code    52  freertos.o(i.MX_FREERTOS_Init)
    MX_GPIO_Init                             0x080016b5   Thumb Code   158  gpio.o(i.MX_GPIO_Init)
    MX_LWIP_Init                             0x08001761   Thumb Code   154  lwip.o(i.MX_LWIP_Init)
    MX_USART1_UART_Init                      0x0800180d   Thumb Code    52  usart.o(i.MX_USART1_UART_Init)
    MemManage_Handler                        0x08001859   Thumb Code     2  stm32f4xx_it.o(i.MemManage_Handler)
    NMI_Handler                              0x0800185b   Thumb Code     2  stm32f4xx_it.o(i.NMI_Handler)
    StartDefaultTask                         0x0800187d   Thumb Code    64  freertos.o(i.StartDefaultTask)
    SysTick_Handler                          0x080018dd   Thumb Code    14  stm32f4xx_it.o(i.SysTick_Handler)
    SystemClock_Config                       0x080018ed   Thumb Code   150  main.o(i.SystemClock_Config)
    SystemInit                               0x0800198d   Thumb Code    66  system_stm32f4xx.o(i.SystemInit)
    System_Info                              0x080019e1   Thumb Code    76  main.o(i.System_Info)
    TaskList_Stats                           0x08001b79   Thumb Code     8  freertos.o(i.TaskList_Stats)
    UsageFault_Handler                       0x08001e91   Thumb Code     2  stm32f4xx_it.o(i.UsageFault_Handler)
    _Error_Handler                           0x08001e93   Thumb Code     2  main.o(i._Error_Handler)
    __0printf$3                              0x08001e95   Thumb Code    22  printf3.o(i.__0printf$3)
    __1printf$3                              0x08001e95   Thumb Code     0  printf3.o(i.__0printf$3)
    __2printf                                0x08001e95   Thumb Code     0  printf3.o(i.__0printf$3)
    __0sprintf$3                             0x08001eb5   Thumb Code    34  printf3.o(i.__0sprintf$3)
    __1sprintf$3                             0x08001eb5   Thumb Code     0  printf3.o(i.__0sprintf$3)
    __2sprintf                               0x08001eb5   Thumb Code     0  printf3.o(i.__0sprintf$3)
    __scatterload_copy                       0x08001edd   Thumb Code    14  handlers.o(i.__scatterload_copy)
    __scatterload_null                       0x08001eeb   Thumb Code     2  handlers.o(i.__scatterload_null)
    __scatterload_zeroinit                   0x08001eed   Thumb Code    14  handlers.o(i.__scatterload_zeroinit)
    eTaskGetState                            0x0800221d   Thumb Code    94  tasks.o(i.eTaskGetState)
    etharp_cleanup_netif                     0x08002359   Thumb Code    42  etharp.o(i.etharp_cleanup_netif)
    etharp_input                             0x08002489   Thumb Code   160  etharp.o(i.etharp_input)
    etharp_output                            0x08002529   Thumb Code   224  etharp.o(i.etharp_output)
    etharp_query                             0x08002675   Thumb Code   232  etharp.o(i.etharp_query)
    etharp_request                           0x080027ed   Thumb Code     6  etharp.o(i.etharp_request)
    etharp_tmr                               0x08002819   Thumb Code    92  etharp.o(i.etharp_tmr)
    ethernet_input                           0x080028f9   Thumb Code   154  ethernet.o(i.ethernet_input)
    ethernet_output                          0x08002999   Thumb Code    82  ethernet.o(i.ethernet_output)
    ethernetif_init                          0x080029f1   Thumb Code    30  ethernetif.o(i.ethernetif_init)
    ethernetif_input                         0x08002a19   Thumb Code    48  ethernetif.o(i.ethernetif_input)
    fputc                                    0x08002a4d   Thumb Code    20  usart.o(i.fputc)
    icmp_dest_unreach                        0x08002a65   Thumb Code     8  icmp.o(i.icmp_dest_unreach)
    icmp_input                               0x08002a6d   Thumb Code   316  icmp.o(i.icmp_input)
    icmp_time_exceeded                       0x08002c2d   Thumb Code     8  icmp.o(i.icmp_time_exceeded)
    ip4_addr_isbroadcast_u32                 0x08002c41   Thumb Code    46  ip4_addr.o(i.ip4_addr_isbroadcast_u32)
    ip4_frag                                 0x08002c71   Thumb Code   350  ip4_frag.o(i.ip4_frag)
    ip4_input                                0x08002dd9   Thumb Code   488  ip4.o(i.ip4_input)
    ip4_output_if                            0x08002fcd   Thumb Code    30  ip4.o(i.ip4_output_if)
    ip4_output_if_src                        0x08002fed   Thumb Code   180  ip4.o(i.ip4_output_if_src)
    ip4_reass                                0x080030ad   Thumb Code   428  ip4_frag.o(i.ip4_reass)
    ip4_route                                0x08003261   Thumb Code    90  ip4.o(i.ip4_route)
    ip_reass_tmr                             0x080034d1   Thumb Code    40  ip4_frag.o(i.ip_reass_tmr)
    lwip_htonl                               0x08003795   Thumb Code     4  def.o(i.lwip_htonl)
    lwip_htons                               0x08003799   Thumb Code     4  def.o(i.lwip_htons)
    lwip_init                                0x0800379d   Thumb Code    38  init.o(i.lwip_init)
    lwip_netconn_do_bind                     0x080037c3   Thumb Code    94  api_msg.o(i.lwip_netconn_do_bind)
    lwip_netconn_do_close                    0x08003821   Thumb Code   146  api_msg.o(i.lwip_netconn_do_close)
    lwip_netconn_do_delconn                  0x08003a15   Thumb Code   196  api_msg.o(i.lwip_netconn_do_delconn)
    lwip_netconn_do_listen                   0x08003add   Thumb Code   216  api_msg.o(i.lwip_netconn_do_listen)
    lwip_netconn_do_newconn                  0x08003bb9   Thumb Code    60  api_msg.o(i.lwip_netconn_do_newconn)
    lwip_netconn_do_recv                     0x08003bf5   Thumb Code    96  api_msg.o(i.lwip_netconn_do_recv)
    lwip_netconn_do_write                    0x08003c55   Thumb Code   136  api_msg.o(i.lwip_netconn_do_write)
    main                                     0x08003e1d   Thumb Code    30  main.o(i.main)
    mem_free                                 0x08003e49   Thumb Code   100  mem.o(i.mem_free)
    mem_init                                 0x08003eb5   Thumb Code    56  mem.o(i.mem_init)
    mem_malloc                               0x08003ef9   Thumb Code   260  mem.o(i.mem_malloc)
    mem_trim                                 0x08004005   Thumb Code   260  mem.o(i.mem_trim)
    memp_free                                0x08004111   Thumb Code    20  memp.o(i.memp_free)
    memp_init                                0x08004129   Thumb Code    40  memp.o(i.memp_init)
    memp_init_pool                           0x08004159   Thumb Code    52  memp.o(i.memp_init_pool)
    memp_malloc                              0x0800418d   Thumb Code    18  memp.o(i.memp_malloc)
    netbuf_data                              0x080041a5   Thumb Code    38  netbuf.o(i.netbuf_data)
    netbuf_delete                            0x080041cb   Thumb Code    34  netbuf.o(i.netbuf_delete)
    netbuf_next                              0x080041ed   Thumb Code    30  netbuf.o(i.netbuf_next)
    netconn_accept                           0x0800420d   Thumb Code   120  api_lib.o(i.netconn_accept)
    netconn_alloc                            0x08004289   Thumb Code   112  api_msg.o(i.netconn_alloc)
    netconn_bind                             0x08004311   Thumb Code    38  api_lib.o(i.netconn_bind)
    netconn_close                            0x08004341   Thumb Code     6  api_lib.o(i.netconn_close)
    netconn_delete                           0x08004371   Thumb Code    40  api_lib.o(i.netconn_delete)
    netconn_free                             0x0800443d   Thumb Code    46  api_msg.o(i.netconn_free)
    netconn_listen_with_backlog              0x0800446d   Thumb Code    26  api_lib.o(i.netconn_listen_with_backlog)
    netconn_new_with_proto_and_callback      0x0800448d   Thumb Code    90  api_lib.o(i.netconn_new_with_proto_and_callback)
    netconn_recv                             0x080044ed   Thumb Code   102  api_lib.o(i.netconn_recv)
    netconn_write_partly                     0x0800462d   Thumb Code    96  api_lib.o(i.netconn_write_partly)
    netif_add                                0x08004691   Thumb Code    74  netif.o(i.netif_add)
    netif_init                               0x080046e1   Thumb Code     2  netif.o(i.netif_init)
    netif_set_addr                           0x080046fd   Thumb Code    72  netif.o(i.netif_set_addr)
    netif_set_default                        0x08004745   Thumb Code     6  netif.o(i.netif_set_default)
    netif_set_down                           0x08004751   Thumb Code    26  netif.o(i.netif_set_down)
    netif_set_gw                             0x0800476b   Thumb Code     8  netif.o(i.netif_set_gw)
    netif_set_ipaddr                         0x08004775   Thumb Code    60  netif.o(i.netif_set_ipaddr)
    netif_set_netmask                        0x080047b5   Thumb Code     8  netif.o(i.netif_set_netmask)
    netif_set_up                             0x080047bd   Thumb Code    28  netif.o(i.netif_set_up)
    osDelay                                  0x080047d9   Thumb Code    14  cmsis_os.o(i.osDelay)
    osKernelStart                            0x080047e7   Thumb Code    10  cmsis_os.o(i.osKernelStart)
    osKernelSysTick                          0x080047f1   Thumb Code    24  cmsis_os.o(i.osKernelSysTick)
    osMessageCreate                          0x08004809   Thumb Code     8  cmsis_os.o(i.osMessageCreate)
    osMessageDelete                          0x08004811   Thumb Code    24  cmsis_os.o(i.osMessageDelete)
    osMessageGet                             0x08004829   Thumb Code   146  cmsis_os.o(i.osMessageGet)
    osMessagePut                             0x080048c1   Thumb Code    86  cmsis_os.o(i.osMessagePut)
    osMessageWaiting                         0x0800491d   Thumb Code    30  cmsis_os.o(i.osMessageWaiting)
    osMutexCreate                            0x0800493b   Thumb Code     6  cmsis_os.o(i.osMutexCreate)
    osMutexRelease                           0x08004941   Thumb Code    74  cmsis_os.o(i.osMutexRelease)
    osMutexWait                              0x08004991   Thumb Code   100  cmsis_os.o(i.osMutexWait)
    osSemaphoreCreate                        0x080049f9   Thumb Code    38  cmsis_os.o(i.osSemaphoreCreate)
    osSemaphoreDelete                        0x08004a1f   Thumb Code    24  cmsis_os.o(i.osSemaphoreDelete)
    osSemaphoreRelease                       0x08004a39   Thumb Code    74  cmsis_os.o(i.osSemaphoreRelease)
    osSemaphoreWait                          0x08004a89   Thumb Code   100  cmsis_os.o(i.osSemaphoreWait)
    osSystickHandler                         0x08004af1   Thumb Code    20  cmsis_os.o(i.osSystickHandler)
    osThreadCreate                           0x08004b05   Thumb Code    46  cmsis_os.o(i.osThreadCreate)
    pbuf_alloc                               0x08004b33   Thumb Code   276  pbuf.o(i.pbuf_alloc)
    pbuf_alloced_custom                      0x08004c47   Thumb Code    82  pbuf.o(i.pbuf_alloced_custom)
    pbuf_cat                                 0x08004c99   Thumb Code    40  pbuf.o(i.pbuf_cat)
    pbuf_clen                                0x08004cc1   Thumb Code    18  pbuf.o(i.pbuf_clen)
    pbuf_copy                                0x08004cd3   Thumb Code   154  pbuf.o(i.pbuf_copy)
    pbuf_copy_partial                        0x08004d6d   Thumb Code   104  pbuf.o(i.pbuf_copy_partial)
    pbuf_free                                0x08004dd5   Thumb Code    96  pbuf.o(i.pbuf_free)
    pbuf_header                              0x08004e35   Thumb Code     6  pbuf.o(i.pbuf_header)
    pbuf_header_force                        0x08004e3b   Thumb Code     6  pbuf.o(i.pbuf_header_force)
    pbuf_realloc                             0x08004ea5   Thumb Code    84  pbuf.o(i.pbuf_realloc)
    pbuf_ref                                 0x08004ef9   Thumb Code    26  pbuf.o(i.pbuf_ref)
    pvPortMalloc                             0x080054e5   Thumb Code   210  heap_4.o(i.pvPortMalloc)
    pvTaskIncrementMutexHeldCount            0x080055bd   Thumb Code    18  tasks.o(i.pvTaskIncrementMutexHeldCount)
    pxPortInitialiseStack                    0x080055d5   Thumb Code    40  port.o(i.pxPortInitialiseStack)
    stats_init                               0x08005779   Thumb Code     2  stats.o(i.stats_init)
    sys_arch_mbox_fetch                      0x0800577b   Thumb Code    68  sys_arch.o(i.sys_arch_mbox_fetch)
    sys_arch_mbox_tryfetch                   0x080057bf   Thumb Code    34  sys_arch.o(i.sys_arch_mbox_tryfetch)
    sys_arch_protect                         0x080057e1   Thumb Code    18  sys_arch.o(i.sys_arch_protect)
    sys_arch_sem_wait                        0x080057f9   Thumb Code    56  sys_arch.o(i.sys_arch_sem_wait)
    sys_arch_unprotect                       0x08005831   Thumb Code     8  sys_arch.o(i.sys_arch_unprotect)
    sys_init                                 0x08005895   Thumb Code    14  sys_arch.o(i.sys_init)
    sys_mbox_free                            0x080058ad   Thumb Code    40  sys_arch.o(i.sys_mbox_free)
    sys_mbox_new                             0x080058d9   Thumb Code    62  sys_arch.o(i.sys_mbox_new)
    sys_mbox_set_invalid                     0x08005921   Thumb Code     6  sys_arch.o(i.sys_mbox_set_invalid)
    sys_mbox_trypost                         0x08005929   Thumb Code    30  sys_arch.o(i.sys_mbox_trypost)
    sys_mbox_valid                           0x0800594d   Thumb Code    10  sys_arch.o(i.sys_mbox_valid)
    sys_mutex_lock                           0x08005957   Thumb Code    10  sys_arch.o(i.sys_mutex_lock)
    sys_mutex_new                            0x08005961   Thumb Code    62  sys_arch.o(i.sys_mutex_new)
    sys_mutex_unlock                         0x080059a5   Thumb Code     6  sys_arch.o(i.sys_mutex_unlock)
    sys_now                                  0x080059ab   Thumb Code     4  ethernetif.o(i.sys_now)
    sys_sem_free                             0x080059b1   Thumb Code    16  sys_arch.o(i.sys_sem_free)
    sys_sem_new                              0x080059c5   Thumb Code    76  sys_arch.o(i.sys_sem_new)
    sys_sem_set_invalid                      0x08005a15   Thumb Code     6  sys_arch.o(i.sys_sem_set_invalid)
    sys_sem_signal                           0x08005a1b   Thumb Code     6  sys_arch.o(i.sys_sem_signal)
    sys_sem_valid                            0x08005a21   Thumb Code    10  sys_arch.o(i.sys_sem_valid)
    sys_thread_new                           0x08005a2b   Thumb Code    48  sys_arch.o(i.sys_thread_new)
    sys_timeout                              0x08005a5d   Thumb Code   140  timeouts.o(i.sys_timeout)
    sys_timeouts_init                        0x08005aed   Thumb Code    38  timeouts.o(i.sys_timeouts_init)
    sys_timeouts_mbox_fetch                  0x08005b21   Thumb Code    66  timeouts.o(i.sys_timeouts_mbox_fetch)
    tcp_abandon                              0x08005b69   Thumb Code   198  tcp.o(i.tcp_abandon)
    tcp_abort                                0x08005c35   Thumb Code     6  tcp.o(i.tcp_abort)
    tcp_accept                               0x08005c3b   Thumb Code    14  tcp.o(i.tcp_accept)
    tcp_alloc                                0x08005c59   Thumb Code   296  tcp.o(i.tcp_alloc)
    tcp_arg                                  0x08005d91   Thumb Code     8  tcp.o(i.tcp_arg)
    tcp_bind                                 0x08005d99   Thumb Code   134  tcp.o(i.tcp_bind)
    tcp_close                                0x08005e2d   Thumb Code    20  tcp.o(i.tcp_close)
    tcp_eff_send_mss_impl                    0x0800604d   Thumb Code    34  tcp.o(i.tcp_eff_send_mss_impl)
    tcp_enqueue_flags                        0x08006071   Thumb Code   178  tcp_out.o(i.tcp_enqueue_flags)
    tcp_err                                  0x08006129   Thumb Code    10  tcp.o(i.tcp_err)
    tcp_fasttmr                              0x08006135   Thumb Code    84  tcp.o(i.tcp_fasttmr)
    tcp_init                                 0x080061bd   Thumb Code     2  tcp.o(i.tcp_init)
    tcp_input                                0x080061c1   Thumb Code   948  tcp_in.o(i.tcp_input)
    tcp_keepalive                            0x08006591   Thumb Code    92  tcp_out.o(i.tcp_keepalive)
    tcp_listen_with_backlog                  0x08006729   Thumb Code   124  tcp.o(i.tcp_listen_with_backlog)
    tcp_netif_ip_addr_changed                0x080067ad   Thumb Code    72  tcp.o(i.tcp_netif_ip_addr_changed)
    tcp_new                                  0x0800681b   Thumb Code     6  tcp.o(i.tcp_new)
    tcp_next_iss                             0x0800687d   Thumb Code    12  tcp.o(i.tcp_next_iss)
    tcp_output                               0x0800688d   Thumb Code   452  tcp_out.o(i.tcp_output)
    tcp_pcb_purge                            0x08006c3b   Thumb Code    58  tcp.o(i.tcp_pcb_purge)
    tcp_pcb_remove                           0x08006c75   Thumb Code    86  tcp.o(i.tcp_pcb_remove)
    tcp_pcbs_sane                            0x08006ccd   Thumb Code    26  tcp.o(i.tcp_pcbs_sane)
    tcp_poll                                 0x08006ced   Thumb Code     8  tcp.o(i.tcp_poll)
    tcp_process_refused_data                 0x08007065   Thumb Code   104  tcp.o(i.tcp_process_refused_data)
    tcp_recv                                 0x080074ad   Thumb Code     8  tcp.o(i.tcp_recv)
    tcp_recv_null                            0x080074b5   Thumb Code    36  tcp.o(i.tcp_recv_null)
    tcp_recved                               0x080074d9   Thumb Code    66  tcp.o(i.tcp_recved)
    tcp_rexmit                               0x0800751b   Thumb Code    82  tcp_out.o(i.tcp_rexmit)
    tcp_rexmit_fast                          0x0800756d   Thumb Code    92  tcp_out.o(i.tcp_rexmit_fast)
    tcp_rexmit_rto                           0x080075c9   Thumb Code    46  tcp_out.o(i.tcp_rexmit_rto)
    tcp_rst                                  0x080075f9   Thumb Code   138  tcp_out.o(i.tcp_rst)
    tcp_seg_free                             0x08007689   Thumb Code    32  tcp.o(i.tcp_seg_free)
    tcp_segs_free                            0x080076a9   Thumb Code    18  tcp.o(i.tcp_segs_free)
    tcp_send_empty_ack                       0x080076bb   Thumb Code   114  tcp_out.o(i.tcp_send_empty_ack)
    tcp_send_fin                             0x0800772d   Thumb Code    68  tcp_out.o(i.tcp_send_fin)
    tcp_sent                                 0x08007771   Thumb Code     8  tcp.o(i.tcp_sent)
    tcp_shutdown                             0x08007779   Thumb Code    78  tcp.o(i.tcp_shutdown)
    tcp_slowtmr                              0x080077c9   Thumb Code   592  tcp.o(i.tcp_slowtmr)
    tcp_timer_needed                         0x08007a29   Thumb Code    36  timeouts.o(i.tcp_timer_needed)
    tcp_tmr                                  0x08007ac5   Thumb Code    28  tcp.o(i.tcp_tmr)
    tcp_trigger_input_pcb_close              0x08007ae5   Thumb Code    12  tcp_in.o(i.tcp_trigger_input_pcb_close)
    tcp_update_rcv_ann_wnd                   0x08007af5   Thumb Code    52  tcp.o(i.tcp_update_rcv_ann_wnd)
    tcp_write                                0x08007b29   Thumb Code   774  tcp_out.o(i.tcp_write)
    tcp_zero_window_probe                    0x08007e35   Thumb Code   190  tcp_out.o(i.tcp_zero_window_probe)
    tcpecho_init                             0x08007ef9   Thumb Code    20  tcpecho.o(i.tcpecho_init)
    tcpip_init                               0x08007fc5   Thumb Code    52  tcpip.o(i.tcpip_init)
    tcpip_inpkt                              0x08008011   Thumb Code    68  tcpip.o(i.tcpip_inpkt)
    tcpip_input                              0x08008059   Thumb Code    20  tcpip.o(i.tcpip_input)
    tcpip_send_msg_wait_sem                  0x08008075   Thumb Code    26  tcpip.o(i.tcpip_send_msg_wait_sem)
    udp_bind                                 0x08008139   Thumb Code   164  udp.o(i.udp_bind)
    udp_init                                 0x080081e5   Thumb Code     2  udp.o(i.udp_init)
    udp_input                                0x080081e9   Thumb Code   338  udp.o(i.udp_input)
    udp_netif_ip_addr_changed                0x08008349   Thumb Code    48  udp.o(i.udp_netif_ip_addr_changed)
    udp_new                                  0x0800837d   Thumb Code    26  udp.o(i.udp_new)
    udp_recv                                 0x08008397   Thumb Code     6  udp.o(i.udp_recv)
    udp_remove                               0x0800839d   Thumb Code    42  udp.o(i.udp_remove)
    uxListRemove                             0x080083cd   Thumb Code    36  list.o(i.uxListRemove)
    uxQueueMessagesWaiting                   0x080083f1   Thumb Code    36  queue.o(i.uxQueueMessagesWaiting)
    uxQueueMessagesWaitingFromISR            0x08008415   Thumb Code    22  queue.o(i.uxQueueMessagesWaitingFromISR)
    uxTaskGetSystemState                     0x0800842d   Thumb Code   160  tasks.o(i.uxTaskGetSystemState)
    vListInitialise                          0x080084d5   Thumb Code    22  list.o(i.vListInitialise)
    vListInitialiseItem                      0x080084eb   Thumb Code     6  list.o(i.vListInitialiseItem)
    vListInsert                              0x080084f1   Thumb Code    48  list.o(i.vListInsert)
    vListInsertEnd                           0x08008521   Thumb Code    24  list.o(i.vListInsertEnd)
    vPortEnterCritical                       0x08008539   Thumb Code    54  port.o(i.vPortEnterCritical)
    vPortExitCritical                        0x08008579   Thumb Code    34  port.o(i.vPortExitCritical)
    vPortFree                                0x080085a1   Thumb Code    88  heap_4.o(i.vPortFree)
    vPortSetupTimerInterrupt                 0x080085fd   Thumb Code    26  port.o(i.vPortSetupTimerInterrupt)
    vPortValidateInterruptPriority           0x0800861d   Thumb Code    74  port.o(i.vPortValidateInterruptPriority)
    vQueueDelete                             0x08008671   Thumb Code    36  queue.o(i.vQueueDelete)
    vQueueUnregisterQueue                    0x08008695   Thumb Code    36  queue.o(i.vQueueUnregisterQueue)
    vTaskDelay                               0x080086bd   Thumb Code    66  tasks.o(i.vTaskDelay)
    vTaskGetInfo                             0x08008709   Thumb Code   128  tasks.o(i.vTaskGetInfo)
    vTaskList                                0x0800878d   Thumb Code   188  tasks.o(i.vTaskList)
    vTaskMissedYield                         0x0800885d   Thumb Code     8  tasks.o(i.vTaskMissedYield)
    vTaskPlaceOnEventList                    0x08008869   Thumb Code    44  tasks.o(i.vTaskPlaceOnEventList)
    vTaskPriorityInherit                     0x08008899   Thumb Code   124  tasks.o(i.vTaskPriorityInherit)
    vTaskSetTimeOutState                     0x0800891d   Thumb Code    30  tasks.o(i.vTaskSetTimeOutState)
    vTaskStartScheduler                      0x08008941   Thumb Code    86  tasks.o(i.vTaskStartScheduler)
    vTaskSuspendAll                          0x080089a9   Thumb Code    10  tasks.o(i.vTaskSuspendAll)
    vTaskSwitchContext                       0x080089b9   Thumb Code    82  tasks.o(i.vTaskSwitchContext)
    xPortStartScheduler                      0x08008a15   Thumb Code   202  port.o(i.xPortStartScheduler)
    xPortSysTickHandler                      0x08008af5   Thumb Code    38  port.o(i.xPortSysTickHandler)
    xQueueCreateMutex                        0x08008b21   Thumb Code    36  queue.o(i.xQueueCreateMutex)
    xQueueGenericCreate                      0x08008b45   Thumb Code    82  queue.o(i.xQueueGenericCreate)
    xQueueGenericReceive                     0x08008b99   Thumb Code   360  queue.o(i.xQueueGenericReceive)
    xQueueGenericReset                       0x08008d05   Thumb Code   132  queue.o(i.xQueueGenericReset)
    xQueueGenericSend                        0x08008d8d   Thumb Code   346  queue.o(i.xQueueGenericSend)
    xQueueGenericSendFromISR                 0x08008eed   Thumb Code   188  queue.o(i.xQueueGenericSendFromISR)
    xQueueGiveFromISR                        0x08008fa9   Thumb Code   156  queue.o(i.xQueueGiveFromISR)
    xQueueReceiveFromISR                     0x08009045   Thumb Code   154  queue.o(i.xQueueReceiveFromISR)
    xTaskCheckForTimeOut                     0x080090e1   Thumb Code   102  tasks.o(i.xTaskCheckForTimeOut)
    xTaskCreate                              0x0800914d   Thumb Code    86  tasks.o(i.xTaskCreate)
    xTaskGetSchedulerState                   0x080091a5   Thumb Code    22  tasks.o(i.xTaskGetSchedulerState)
    xTaskGetTickCount                        0x080091c1   Thumb Code     6  tasks.o(i.xTaskGetTickCount)
    xTaskGetTickCountFromISR                 0x080091cd   Thumb Code    12  tasks.o(i.xTaskGetTickCountFromISR)
    xTaskIncrementTick                       0x080091dd   Thumb Code   192  tasks.o(i.xTaskIncrementTick)
    xTaskPriorityDisinherit                  0x080092a5   Thumb Code   144  tasks.o(i.xTaskPriorityDisinherit)
    xTaskRemoveFromEventList                 0x0800933d   Thumb Code   108  tasks.o(i.xTaskRemoveFromEventList)
    xTaskResumeAll                           0x080093b1   Thumb Code   182  tasks.o(i.xTaskResumeAll)
    AHBPrescTable                            0x080094b0   Data          16  system_stm32f4xx.o(.constdata)
    APBPrescTable                            0x080094c0   Data           8  system_stm32f4xx.o(.constdata)
    memp_UDP_PCB                             0x080094c8   Data          20  memp.o(.constdata)
    memp_TCP_PCB                             0x080094dc   Data          20  memp.o(.constdata)
    memp_TCP_PCB_LISTEN                      0x080094f0   Data          20  memp.o(.constdata)
    memp_TCP_SEG                             0x08009504   Data          20  memp.o(.constdata)
    memp_REASSDATA                           0x08009518   Data          20  memp.o(.constdata)
    memp_FRAG_PBUF                           0x0800952c   Data          20  memp.o(.constdata)
    memp_NETBUF                              0x08009540   Data          20  memp.o(.constdata)
    memp_NETCONN                             0x08009554   Data          20  memp.o(.constdata)
    memp_TCPIP_MSG_API                       0x08009568   Data          20  memp.o(.constdata)
    memp_TCPIP_MSG_INPKT                     0x0800957c   Data          20  memp.o(.constdata)
    memp_SYS_TIMEOUT                         0x08009590   Data          20  memp.o(.constdata)
    memp_PBUF                                0x080095a4   Data          20  memp.o(.constdata)
    memp_PBUF_POOL                           0x080095b8   Data          20  memp.o(.constdata)
    memp_pools                               0x080095cc   Data          52  memp.o(.constdata)
    lwip_cyclic_timers                       0x08009600   Data          24  timeouts.o(.constdata)
    os_mutex_def_lwip_sys_mutex              0x08009618   Data           4  sys_arch.o(.constdata)
    ip_addr_any                              0x08009624   Data           4  ip4_addr.o(.constdata)
    ethbroadcast                             0x08009628   Data           6  ethernet.o(.constdata)
    ethzero                                  0x0800962e   Data           6  ethernet.o(.constdata)
    tcp_pcb_lists                            0x08009678   Data          16  tcp.o(.constdata)
    Region$$Table$$Base                      0x080097b0   Number         0  anon$$obj.o(Region$$Table)
    Region$$Table$$Limit                     0x080097d0   Number         0  anon$$obj.o(Region$$Table)
    ipaddr                                   0x20000000   Data           4  lwip.o(.data)
    netmask                                  0x20000004   Data           4  lwip.o(.data)
    gw                                       0x20000008   Data           4  lwip.o(.data)
    IP_ADDRESS                               0x2000000c   Data           4  lwip.o(.data)
    NETMASK_ADDRESS                          0x20000010   Data           4  lwip.o(.data)
    GATEWAY_ADDRESS                          0x20000014   Data           4  lwip.o(.data)
    defaultTaskHandle                        0x20000018   Data           4  freertos.o(.data)
    TaskListHandle                           0x2000001c   Data           4  freertos.o(.data)
    s_xSemaphore                             0x20000020   Data           4  ethernetif.o(.data)
    SystemCoreClock                          0x20000024   Data           4  system_stm32f4xx.o(.data)
    uwTick                                   0x20000028   Data           4  stm32f4xx_hal.o(.data)
    pxCurrentTCB                             0x20000038   Data           4  tasks.o(.data)
    netconn_aborted                          0x2000008c   Data           1  api_msg.o(.data)
    udp_pcbs                                 0x200000e0   Data           4  udp.o(.data)
    lwip_sys_mutex                           0x200000e4   Data           4  sys_arch.o(.data)
    tcp_input_pcb                            0x20000108   Data           4  tcp_in.o(.data)
    netif_list                               0x20000120   Data           4  netif.o(.data)
    netif_default                            0x20000124   Data           4  netif.o(.data)
    lock_tcpip_core                          0x20000138   Data           4  tcpip.o(.data)
    tcp_active_pcbs_changed                  0x2000013c   Data           1  tcp.o(.data)
    tcp_ticks                                0x20000148   Data           4  tcp.o(.data)
    tcp_bound_pcbs                           0x2000014c   Data           4  tcp.o(.data)
    tcp_listen_pcbs                          0x20000150   Data           4  tcp.o(.data)
    tcp_active_pcbs                          0x20000154   Data           4  tcp.o(.data)
    tcp_tw_pcbs                              0x20000158   Data           4  tcp.o(.data)
    __stdout                                 0x2000015c   Data           4  stdout.o(.data)
    gnetif                                   0x20000160   Data          48  lwip.o(.bss)
    pcWriteBuffer                            0x20000190   Data         500  freertos.o(.bss)
    DMARxDscrTab                             0x20000384   Data         128  ethernetif.o(.bss)
    DMATxDscrTab                             0x20000404   Data         128  ethernetif.o(.bss)
    Rx_Buff                                  0x20000484   Data        6096  ethernetif.o(.bss)
    Tx_Buff                                  0x20001c54   Data        6096  ethernetif.o(.bss)
    heth                                     0x20003424   Data          72  ethernetif.o(.bss)
    huart1                                   0x2000346c   Data          64  usart.o(.bss)
    xQueueRegistry                           0x2000359c   Data          64  queue.o(.bss)
    memp_memory_UDP_PCB_base                 0x20015c3c   Data         131  memp.o(.bss)
    memp_memory_TCP_PCB_base                 0x20015cd0   Data         743  memp.o(.bss)
    memp_memory_TCP_PCB_LISTEN_base          0x20015fc8   Data         227  memp.o(.bss)
    memp_memory_TCP_SEG_base                 0x200160bc   Data         259  memp.o(.bss)
    memp_memory_REASSDATA_base               0x200161d0   Data         163  memp.o(.bss)
    memp_memory_FRAG_PBUF_base               0x20016284   Data         363  memp.o(.bss)
    memp_memory_NETBUF_base                  0x20016400   Data          35  memp.o(.bss)
    memp_memory_NETCONN_base                 0x20016434   Data         179  memp.o(.bss)
    memp_memory_TCPIP_MSG_API_base           0x200164f8   Data         131  memp.o(.bss)
    memp_memory_TCPIP_MSG_INPKT_base         0x2001658c   Data         131  memp.o(.bss)
    memp_memory_SYS_TIMEOUT_base             0x20016620   Data          51  memp.o(.bss)
    memp_memory_PBUF_base                    0x20016664   Data         259  memp.o(.bss)
    memp_memory_PBUF_POOL_base               0x20016778   Data        9731  memp.o(.bss)
    lwip_stats                               0x20018d8c   Data         232  stats.o(.bss)
    ram_heap                                 0x20018e84   Data        1619  mem.o(.bss)
    ip_data                                  0x200194d8   Data          24  ip.o(.bss)
    __initial_sp                             0x200199e0   Data           0  startup_stm32f407xx.o(STACK)



==============================================================================

Memory Map of the image

  Image Entry point : 0x08000189

  Load Region LR_IROM1 (Base: 0x08000000, Size: 0x00009930, Max: 0x00100000, ABSOLUTE, COMPRESSED[0x000097e4])

    Execution Region ER_IROM1 (Exec base: 0x08000000, Load base: 0x08000000, Size: 0x000097d0, Max: 0x00100000, ABSOLUTE)

    Exec Addr    Load Addr    Size         Type   Attr      Idx    E Section Name        Object

    0x08000000   0x08000000   0x00000188   Data   RO          827    RESET               startup_stm32f407xx.o
    0x08000188   0x08000188   0x00000000   Code   RO         8010  * .ARM.Collect$$$$00000000  mc_w.l(entry.o)
    0x08000188   0x08000188   0x00000004   Code   RO         8288    .ARM.Collect$$$$00000001  mc_w.l(entry2.o)
    0x0800018c   0x0800018c   0x00000004   Code   RO         8291    .ARM.Collect$$$$00000004  mc_w.l(entry5.o)
    0x08000190   0x08000190   0x00000000   Code   RO         8293    .ARM.Collect$$$$00000008  mc_w.l(entry7b.o)
    0x08000190   0x08000190   0x00000000   Code   RO         8295    .ARM.Collect$$$$0000000A  mc_w.l(entry8b.o)
    0x08000190   0x08000190   0x00000008   Code   RO         8296    .ARM.Collect$$$$0000000B  mc_w.l(entry9a.o)
    0x08000198   0x08000198   0x00000000   Code   RO         8298    .ARM.Collect$$$$0000000D  mc_w.l(entry10a.o)
    0x08000198   0x08000198   0x00000000   Code   RO         8300    .ARM.Collect$$$$0000000F  mc_w.l(entry11a.o)
    0x08000198   0x08000198   0x00000004   Code   RO         8289    .ARM.Collect$$$$00002712  mc_w.l(entry2.o)
    0x0800019c   0x0800019c   0x000000ba   Code   RO         3291    .emb_text           port.o
    0x08000256   0x08000256   0x00000002   PAD
    0x08000258   0x08000258   0x00000024   Code   RO          828    .text               startup_stm32f407xx.o
    0x0800027c   0x0800027c   0x00000024   Code   RO         8013    .text               mc_w.l(memcpya.o)
    0x080002a0   0x080002a0   0x00000024   Code   RO         8015    .text               mc_w.l(memseta.o)
    0x080002c4   0x080002c4   0x0000000e   Code   RO         8017    .text               mc_w.l(strlen.o)
    0x080002d2   0x080002d2   0x0000001a   Code   RO         8019    .text               mc_w.l(memcmp.o)
    0x080002ec   0x080002ec   0x00000012   Code   RO         8021    .text               mc_w.l(strcpy.o)
    0x080002fe   0x080002fe   0x0000002c   Code   RO         8303    .text               mc_w.l(uidiv.o)
    0x0800032a   0x0800032a   0x00000002   PAD
    0x0800032c   0x0800032c   0x00000024   Code   RO         8318    .text               mc_w.l(init.o)
    0x08000350   0x08000350   0x0000003a   Code   RO         8336    .text               mc_w.l(__dczerorl.o)
    0x0800038a   0x0800038a   0x00000002   Code   RO            4    i.BusFault_Handler  stm32f4xx_it.o
    0x0800038c   0x0800038c   0x00000002   Code   RO            5    i.DebugMon_Handler  stm32f4xx_it.o
    0x0800038e   0x0800038e   0x00000002   PAD
    0x08000390   0x08000390   0x00000020   Code   RO         2638    i.ETH_Delay         stm32f4xx_hal_eth.o
    0x080003b0   0x080003b0   0x0000002e   Code   RO         2639    i.ETH_FlushTransmitFIFO  stm32f4xx_hal_eth.o
    0x080003de   0x080003de   0x00000002   PAD
    0x080003e0   0x080003e0   0x0000000c   Code   RO            6    i.ETH_IRQHandler    stm32f4xx_it.o
    0x080003ec   0x080003ec   0x00000124   Code   RO         2640    i.ETH_MACDMAConfig  stm32f4xx_hal_eth.o
    0x08000510   0x08000510   0x0000001c   Code   RO         2798    i.HAL_Delay         stm32f4xx_hal.o
    0x0800052c   0x0800052c   0x00000074   Code   RO         2643    i.HAL_ETH_DMARxDescListInit  stm32f4xx_hal_eth.o
    0x080005a0   0x080005a0   0x00000078   Code   RO         2644    i.HAL_ETH_DMATxDescListInit  stm32f4xx_hal_eth.o
    0x08000618   0x08000618   0x00000002   Code   RO         2646    i.HAL_ETH_ErrorCallback  stm32f4xx_hal_eth.o
    0x0800061a   0x0800061a   0x00000088   Code   RO         2648    i.HAL_ETH_GetReceivedFrame_IT  stm32f4xx_hal_eth.o
    0x080006a2   0x080006a2   0x0000007a   Code   RO         2650    i.HAL_ETH_IRQHandler  stm32f4xx_hal_eth.o
    0x0800071c   0x0800071c   0x000001ec   Code   RO         2651    i.HAL_ETH_Init      stm32f4xx_hal_eth.o
    0x08000908   0x08000908   0x000000ac   Code   RO          488    i.HAL_ETH_MspInit   ethernetif.o
    0x080009b4   0x080009b4   0x00000084   Code   RO         2654    i.HAL_ETH_ReadPHYRegister  stm32f4xx_hal_eth.o
    0x08000a38   0x08000a38   0x0000000c   Code   RO          489    i.HAL_ETH_RxCpltCallback  ethernetif.o
    0x08000a44   0x08000a44   0x00000084   Code   RO         2656    i.HAL_ETH_Start     stm32f4xx_hal_eth.o
    0x08000ac8   0x08000ac8   0x00000108   Code   RO         2658    i.HAL_ETH_TransmitFrame  stm32f4xx_hal_eth.o
    0x08000bd0   0x08000bd0   0x00000002   Code   RO         2659    i.HAL_ETH_TxCpltCallback  stm32f4xx_hal_eth.o
    0x08000bd2   0x08000bd2   0x00000002   PAD
    0x08000bd4   0x08000bd4   0x00000078   Code   RO         2660    i.HAL_ETH_WritePHYRegister  stm32f4xx_hal_eth.o
    0x08000c4c   0x08000c4c   0x000001b0   Code   RO         2557    i.HAL_GPIO_Init     stm32f4xx_hal_gpio.o
    0x08000dfc   0x08000dfc   0x00000008   Code   RO         2560    i.HAL_GPIO_TogglePin  stm32f4xx_hal_gpio.o
    0x08000e04   0x08000e04   0x0000000a   Code   RO         2561    i.HAL_GPIO_WritePin  stm32f4xx_hal_gpio.o
    0x08000e0e   0x08000e0e   0x00000002   PAD
    0x08000e10   0x08000e10   0x0000000c   Code   RO         2804    i.HAL_GetTick       stm32f4xx_hal.o
    0x08000e1c   0x08000e1c   0x00000010   Code   RO         2806    i.HAL_IncTick       stm32f4xx_hal.o
    0x08000e2c   0x08000e2c   0x00000034   Code   RO         2807    i.HAL_Init          stm32f4xx_hal.o
    0x08000e60   0x08000e60   0x00000028   Code   RO         2808    i.HAL_InitTick      stm32f4xx_hal.o
    0x08000e88   0x08000e88   0x00000058   Code   RO          463    i.HAL_MspInit       stm32f4xx_hal_msp.o
    0x08000ee0   0x08000ee0   0x00000016   Code   RO         3069    i.HAL_NVIC_EnableIRQ  stm32f4xx_hal_cortex.o
    0x08000ef6   0x08000ef6   0x00000002   PAD
    0x08000ef8   0x08000ef8   0x00000040   Code   RO         3075    i.HAL_NVIC_SetPriority  stm32f4xx_hal_cortex.o
    0x08000f38   0x08000f38   0x00000024   Code   RO         3076    i.HAL_NVIC_SetPriorityGrouping  stm32f4xx_hal_cortex.o
    0x08000f5c   0x08000f5c   0x0000017c   Code   RO         2453    i.HAL_RCC_ClockConfig  stm32f4xx_hal_rcc.o
    0x080010d8   0x080010d8   0x0000000c   Code   RO         2458    i.HAL_RCC_GetHCLKFreq  stm32f4xx_hal_rcc.o
    0x080010e4   0x080010e4   0x00000030   Code   RO         2460    i.HAL_RCC_GetPCLK1Freq  stm32f4xx_hal_rcc.o
    0x08001114   0x08001114   0x00000030   Code   RO         2461    i.HAL_RCC_GetPCLK2Freq  stm32f4xx_hal_rcc.o
    0x08001144   0x08001144   0x00000074   Code   RO         2462    i.HAL_RCC_GetSysClockFreq  stm32f4xx_hal_rcc.o
    0x080011b8   0x080011b8   0x00000314   Code   RO         2465    i.HAL_RCC_OscConfig  stm32f4xx_hal_rcc.o
    0x080014cc   0x080014cc   0x00000018   Code   RO         3078    i.HAL_SYSTICK_CLKSourceConfig  stm32f4xx_hal_cortex.o
    0x080014e4   0x080014e4   0x00000028   Code   RO         3080    i.HAL_SYSTICK_Config  stm32f4xx_hal_cortex.o
    0x0800150c   0x0800150c   0x00000062   Code   RO          902    i.HAL_UART_Init     stm32f4xx_hal_uart.o
    0x0800156e   0x0800156e   0x00000002   PAD
    0x08001570   0x08001570   0x0000004c   Code   RO          665    i.HAL_UART_MspInit  usart.o
    0x080015bc   0x080015bc   0x000000ba   Code   RO          910    i.HAL_UART_Transmit  stm32f4xx_hal_uart.o
    0x08001676   0x08001676   0x00000002   Code   RO            7    i.HardFault_Handler  stm32f4xx_it.o
    0x08001678   0x08001678   0x0000003c   Code   RO          392    i.MX_FREERTOS_Init  freertos.o
    0x080016b4   0x080016b4   0x000000ac   Code   RO          580    i.MX_GPIO_Init      gpio.o
    0x08001760   0x08001760   0x000000ac   Code   RO          218    i.MX_LWIP_Init      lwip.o
    0x0800180c   0x0800180c   0x0000004c   Code   RO          666    i.MX_USART1_UART_Init  usart.o
    0x08001858   0x08001858   0x00000002   Code   RO            8    i.MemManage_Handler  stm32f4xx_it.o
    0x0800185a   0x0800185a   0x00000002   Code   RO            9    i.NMI_Handler       stm32f4xx_it.o
    0x0800185c   0x0800185c   0x00000020   Code   RO         3082    i.NVIC_SetPriority  stm32f4xx_hal_cortex.o
    0x0800187c   0x0800187c   0x00000060   Code   RO          393    i.StartDefaultTask  freertos.o
    0x080018dc   0x080018dc   0x0000000e   Code   RO           10    i.SysTick_Handler   stm32f4xx_it.o
    0x080018ea   0x080018ea   0x00000002   PAD
    0x080018ec   0x080018ec   0x000000a0   Code   RO          607    i.SystemClock_Config  main.o
    0x0800198c   0x0800198c   0x00000054   Code   RO          791    i.SystemInit        system_stm32f4xx.o
    0x080019e0   0x080019e0   0x00000198   Code   RO          608    i.System_Info       main.o
    0x08001b78   0x08001b78   0x00000008   Code   RO          394    i.TaskList_Stats    freertos.o
    0x08001b80   0x08001b80   0x000002ac   Code   RO          928    i.UART_SetConfig    stm32f4xx_hal_uart.o
    0x08001e2c   0x08001e2c   0x00000064   Code   RO          930    i.UART_WaitOnFlagUntilTimeout  stm32f4xx_hal_uart.o
    0x08001e90   0x08001e90   0x00000002   Code   RO           11    i.UsageFault_Handler  stm32f4xx_it.o
    0x08001e92   0x08001e92   0x00000002   Code   RO          609    i._Error_Handler    main.o
    0x08001e94   0x08001e94   0x00000020   Code   RO         8116    i.__0printf$3       mc_w.l(printf3.o)
    0x08001eb4   0x08001eb4   0x00000028   Code   RO         8118    i.__0sprintf$3      mc_w.l(printf3.o)
    0x08001edc   0x08001edc   0x0000000e   Code   RO         8330    i.__scatterload_copy  mc_w.l(handlers.o)
    0x08001eea   0x08001eea   0x00000002   Code   RO         8331    i.__scatterload_null  mc_w.l(handlers.o)
    0x08001eec   0x08001eec   0x0000000e   Code   RO         8332    i.__scatterload_zeroinit  mc_w.l(handlers.o)
    0x08001efa   0x08001efa   0x00000002   PAD
    0x08001efc   0x08001efc   0x000001b8   Code   RO         8123    i._printf_core      mc_w.l(printf3.o)
    0x080020b4   0x080020b4   0x0000000a   Code   RO         8125    i._sputc            mc_w.l(printf3.o)
    0x080020be   0x080020be   0x00000002   PAD
    0x080020c0   0x080020c0   0x000000d8   Code   RO         4575    i.accept_function   api_msg.o
    0x08002198   0x08002198   0x0000001c   Code   RO         5407    i.cyclic_timer      timeouts.o
    0x080021b4   0x080021b4   0x00000024   Code   RO         5221    i.do_memp_free_pool  memp.o
    0x080021d8   0x080021d8   0x00000044   Code   RO         5222    i.do_memp_malloc_pool  memp.o
    0x0800221c   0x0800221c   0x00000068   Code   RO         3368    i.eTaskGetState     tasks.o
    0x08002284   0x08002284   0x000000d2   Code   RO         4576    i.err_tcp           api_msg.o
    0x08002356   0x08002356   0x00000002   PAD
    0x08002358   0x08002358   0x00000030   Code   RO         6784    i.etharp_cleanup_netif  etharp.o
    0x08002388   0x08002388   0x000000dc   Code   RO         6786    i.etharp_find_entry  etharp.o
    0x08002464   0x08002464   0x00000024   Code   RO         6787    i.etharp_free_entry  etharp.o
    0x08002488   0x08002488   0x000000a0   Code   RO         6789    i.etharp_input      etharp.o
    0x08002528   0x08002528   0x000000ec   Code   RO         6790    i.etharp_output     etharp.o
    0x08002614   0x08002614   0x00000060   Code   RO         6791    i.etharp_output_to_arp_index  etharp.o
    0x08002674   0x08002674   0x000000f0   Code   RO         6792    i.etharp_query      etharp.o
    0x08002764   0x08002764   0x00000088   Code   RO         6793    i.etharp_raw        etharp.o
    0x080027ec   0x080027ec   0x0000000c   Code   RO         6794    i.etharp_request    etharp.o
    0x080027f8   0x080027f8   0x00000020   Code   RO         6795    i.etharp_request_dst  etharp.o
    0x08002818   0x08002818   0x00000060   Code   RO         6796    i.etharp_tmr        etharp.o
    0x08002878   0x08002878   0x00000080   Code   RO         6797    i.etharp_update_arp_entry  etharp.o
    0x080028f8   0x080028f8   0x000000a0   Code   RO         6970    i.ethernet_input    ethernet.o
    0x08002998   0x08002998   0x00000058   Code   RO         6971    i.ethernet_output   ethernet.o
    0x080029f0   0x080029f0   0x00000028   Code   RO          490    i.ethernetif_init   ethernetif.o
    0x08002a18   0x08002a18   0x00000034   Code   RO          491    i.ethernetif_input  ethernetif.o
    0x08002a4c   0x08002a4c   0x00000018   Code   RO          667    i.fputc             usart.o
    0x08002a64   0x08002a64   0x00000008   Code   RO         5486    i.icmp_dest_unreach  icmp.o
    0x08002a6c   0x08002a6c   0x00000144   Code   RO         5487    i.icmp_input        icmp.o
    0x08002bb0   0x08002bb0   0x0000007c   Code   RO         5488    i.icmp_send_response  icmp.o
    0x08002c2c   0x08002c2c   0x00000008   Code   RO         5489    i.icmp_time_exceeded  icmp.o
    0x08002c34   0x08002c34   0x0000000c   Code   RO         3698    i.inHandlerMode     cmsis_os.o
    0x08002c40   0x08002c40   0x0000002e   Code   RO         6904    i.ip4_addr_isbroadcast_u32  ip4_addr.o
    0x08002c6e   0x08002c6e   0x00000002   PAD
    0x08002c70   0x08002c70   0x00000168   Code   RO         5943    i.ip4_frag          ip4_frag.o
    0x08002dd8   0x08002dd8   0x000001f4   Code   RO         6075    i.ip4_input         ip4.o
    0x08002fcc   0x08002fcc   0x0000001e   Code   RO         6077    i.ip4_output_if     ip4.o
    0x08002fea   0x08002fea   0x00000002   PAD
    0x08002fec   0x08002fec   0x000000c0   Code   RO         6078    i.ip4_output_if_src  ip4.o
    0x080030ac   0x080030ac   0x000001b4   Code   RO         5944    i.ip4_reass         ip4_frag.o
    0x08003260   0x08003260   0x00000068   Code   RO         6079    i.ip4_route         ip4.o
    0x080032c8   0x080032c8   0x00000008   Code   RO         5945    i.ip_frag_free_pbuf_custom_ref  ip4_frag.o
    0x080032d0   0x080032d0   0x000000ec   Code   RO         5946    i.ip_reass_chain_frag_into_datagram_and_validate  ip4_frag.o
    0x080033bc   0x080033bc   0x00000024   Code   RO         5947    i.ip_reass_dequeue_datagram  ip4_frag.o
    0x080033e0   0x080033e0   0x00000070   Code   RO         5948    i.ip_reass_free_complete_datagram  ip4_frag.o
    0x08003450   0x08003450   0x00000080   Code   RO         5949    i.ip_reass_remove_oldest_datagram  ip4_frag.o
    0x080034d0   0x080034d0   0x0000002c   Code   RO         5950    i.ip_reass_tmr      ip4_frag.o
    0x080034fc   0x080034fc   0x00000016   Code   RO         5951    i.ipfrag_free_pbuf_custom  ip4_frag.o
    0x08003512   0x08003512   0x00000002   PAD
    0x08003514   0x08003514   0x0000011c   Code   RO          492    i.low_level_init    ethernetif.o
    0x08003630   0x08003630   0x000000bc   Code   RO          493    i.low_level_input   ethernetif.o
    0x080036ec   0x080036ec   0x000000a8   Code   RO          494    i.low_level_output  ethernetif.o
    0x08003794   0x08003794   0x00000004   Code   RO         4364    i.lwip_htonl        def.o
    0x08003798   0x08003798   0x00000004   Code   RO         4365    i.lwip_htons        def.o
    0x0800379c   0x0800379c   0x00000026   Code   RO         7577    i.lwip_init         init.o
    0x080037c2   0x080037c2   0x0000005e   Code   RO         4577    i.lwip_netconn_do_bind  api_msg.o
    0x08003820   0x08003820   0x00000098   Code   RO         4578    i.lwip_netconn_do_close  api_msg.o
    0x080038b8   0x080038b8   0x0000015c   Code   RO         4579    i.lwip_netconn_do_close_internal  api_msg.o
    0x08003a14   0x08003a14   0x000000c8   Code   RO         4582    i.lwip_netconn_do_delconn  api_msg.o
    0x08003adc   0x08003adc   0x000000dc   Code   RO         4585    i.lwip_netconn_do_listen  api_msg.o
    0x08003bb8   0x08003bb8   0x0000003c   Code   RO         4586    i.lwip_netconn_do_newconn  api_msg.o
    0x08003bf4   0x08003bf4   0x00000060   Code   RO         4587    i.lwip_netconn_do_recv  api_msg.o
    0x08003c54   0x08003c54   0x0000008c   Code   RO         4589    i.lwip_netconn_do_write  api_msg.o
    0x08003ce0   0x08003ce0   0x0000013c   Code   RO         4590    i.lwip_netconn_do_writemore  api_msg.o
    0x08003e1c   0x08003e1c   0x0000001e   Code   RO          610    i.main              main.o
    0x08003e3a   0x08003e3a   0x0000000c   Code   RO         3700    i.makeFreeRtosPriority  cmsis_os.o
    0x08003e46   0x08003e46   0x00000002   PAD
    0x08003e48   0x08003e48   0x0000006c   Code   RO         6500    i.mem_free          mem.o
    0x08003eb4   0x08003eb4   0x00000044   Code   RO         6501    i.mem_init          mem.o
    0x08003ef8   0x08003ef8   0x0000010c   Code   RO         6502    i.mem_malloc        mem.o
    0x08004004   0x08004004   0x0000010c   Code   RO         6503    i.mem_trim          mem.o
    0x08004110   0x08004110   0x00000018   Code   RO         5223    i.memp_free         memp.o
    0x08004128   0x08004128   0x00000030   Code   RO         5225    i.memp_init         memp.o
    0x08004158   0x08004158   0x00000034   Code   RO         5226    i.memp_init_pool    memp.o
    0x0800418c   0x0800418c   0x00000018   Code   RO         5227    i.memp_malloc       memp.o
    0x080041a4   0x080041a4   0x00000026   Code   RO         5770    i.netbuf_data       netbuf.o
    0x080041ca   0x080041ca   0x00000022   Code   RO         5771    i.netbuf_delete     netbuf.o
    0x080041ec   0x080041ec   0x0000001e   Code   RO         5775    i.netbuf_next       netbuf.o
    0x0800420a   0x0800420a   0x00000002   PAD
    0x0800420c   0x0800420c   0x0000007c   Code   RO         7436    i.netconn_accept    api_lib.o
    0x08004288   0x08004288   0x00000070   Code   RO         4591    i.netconn_alloc     api_msg.o
    0x080042f8   0x080042f8   0x00000016   Code   RO         7437    i.netconn_apimsg    api_lib.o
    0x0800430e   0x0800430e   0x00000002   PAD
    0x08004310   0x08004310   0x00000030   Code   RO         7438    i.netconn_bind      api_lib.o
    0x08004340   0x08004340   0x00000006   Code   RO         7439    i.netconn_close     api_lib.o
    0x08004346   0x08004346   0x00000002   PAD
    0x08004348   0x08004348   0x00000028   Code   RO         7440    i.netconn_close_shutdown  api_lib.o
    0x08004370   0x08004370   0x0000002c   Code   RO         7442    i.netconn_delete    api_lib.o
    0x0800439c   0x0800439c   0x000000a0   Code   RO         4592    i.netconn_drain     api_msg.o
    0x0800443c   0x0800443c   0x0000002e   Code   RO         4593    i.netconn_free      api_msg.o
    0x0800446a   0x0800446a   0x00000002   PAD
    0x0800446c   0x0800446c   0x00000020   Code   RO         7445    i.netconn_listen_with_backlog  api_lib.o
    0x0800448c   0x0800448c   0x00000060   Code   RO         7446    i.netconn_new_with_proto_and_callback  api_lib.o
    0x080044ec   0x080044ec   0x00000066   Code   RO         7447    i.netconn_recv      api_lib.o
    0x08004552   0x08004552   0x00000002   PAD
    0x08004554   0x08004554   0x000000d8   Code   RO         7448    i.netconn_recv_data  api_lib.o
    0x0800462c   0x0800462c   0x00000064   Code   RO         7453    i.netconn_write_partly  api_lib.o
    0x08004690   0x08004690   0x00000050   Code   RO         6574    i.netif_add         netif.o
    0x080046e0   0x080046e0   0x00000002   Code   RO         6576    i.netif_init        netif.o
    0x080046e2   0x080046e2   0x0000001a   Code   RO         6578    i.netif_issue_reports  netif.o
    0x080046fc   0x080046fc   0x00000048   Code   RO         6580    i.netif_set_addr    netif.o
    0x08004744   0x08004744   0x0000000c   Code   RO         6581    i.netif_set_default  netif.o
    0x08004750   0x08004750   0x0000001a   Code   RO         6582    i.netif_set_down    netif.o
    0x0800476a   0x0800476a   0x00000008   Code   RO         6583    i.netif_set_gw      netif.o
    0x08004772   0x08004772   0x00000002   PAD
    0x08004774   0x08004774   0x00000040   Code   RO         6584    i.netif_set_ipaddr  netif.o
    0x080047b4   0x080047b4   0x00000008   Code   RO         6587    i.netif_set_netmask  netif.o
    0x080047bc   0x080047bc   0x0000001c   Code   RO         6588    i.netif_set_up      netif.o
    0x080047d8   0x080047d8   0x0000000e   Code   RO         3702    i.osDelay           cmsis_os.o
    0x080047e6   0x080047e6   0x0000000a   Code   RO         3705    i.osKernelStart     cmsis_os.o
    0x080047f0   0x080047f0   0x00000018   Code   RO         3706    i.osKernelSysTick   cmsis_os.o
    0x08004808   0x08004808   0x00000008   Code   RO         3714    i.osMessageCreate   cmsis_os.o
    0x08004810   0x08004810   0x00000018   Code   RO         3715    i.osMessageDelete   cmsis_os.o
    0x08004828   0x08004828   0x00000098   Code   RO         3716    i.osMessageGet      cmsis_os.o
    0x080048c0   0x080048c0   0x0000005c   Code   RO         3718    i.osMessagePut      cmsis_os.o
    0x0800491c   0x0800491c   0x0000001e   Code   RO         3719    i.osMessageWaiting  cmsis_os.o
    0x0800493a   0x0800493a   0x00000006   Code   RO         3720    i.osMutexCreate     cmsis_os.o
    0x08004940   0x08004940   0x00000050   Code   RO         3722    i.osMutexRelease    cmsis_os.o
    0x08004990   0x08004990   0x00000068   Code   RO         3723    i.osMutexWait       cmsis_os.o
    0x080049f8   0x080049f8   0x00000026   Code   RO         3731    i.osSemaphoreCreate  cmsis_os.o
    0x08004a1e   0x08004a1e   0x00000018   Code   RO         3732    i.osSemaphoreDelete  cmsis_os.o
    0x08004a36   0x08004a36   0x00000002   PAD
    0x08004a38   0x08004a38   0x00000050   Code   RO         3734    i.osSemaphoreRelease  cmsis_os.o
    0x08004a88   0x08004a88   0x00000068   Code   RO         3735    i.osSemaphoreWait   cmsis_os.o
    0x08004af0   0x08004af0   0x00000014   Code   RO         3738    i.osSystickHandler  cmsis_os.o
    0x08004b04   0x08004b04   0x0000002e   Code   RO         3739    i.osThreadCreate    cmsis_os.o
    0x08004b32   0x08004b32   0x00000114   Code   RO         5037    i.pbuf_alloc        pbuf.o
    0x08004c46   0x08004c46   0x00000052   Code   RO         5038    i.pbuf_alloced_custom  pbuf.o
    0x08004c98   0x08004c98   0x00000028   Code   RO         5039    i.pbuf_cat          pbuf.o
    0x08004cc0   0x08004cc0   0x00000012   Code   RO         5041    i.pbuf_clen         pbuf.o
    0x08004cd2   0x08004cd2   0x0000009a   Code   RO         5043    i.pbuf_copy         pbuf.o
    0x08004d6c   0x08004d6c   0x00000068   Code   RO         5044    i.pbuf_copy_partial  pbuf.o
    0x08004dd4   0x08004dd4   0x00000060   Code   RO         5046    i.pbuf_free         pbuf.o
    0x08004e34   0x08004e34   0x00000006   Code   RO         5048    i.pbuf_header       pbuf.o
    0x08004e3a   0x08004e3a   0x00000006   Code   RO         5049    i.pbuf_header_force  pbuf.o
    0x08004e40   0x08004e40   0x00000064   Code   RO         5050    i.pbuf_header_impl  pbuf.o
    0x08004ea4   0x08004ea4   0x00000054   Code   RO         5054    i.pbuf_realloc      pbuf.o
    0x08004ef8   0x08004ef8   0x0000001a   Code   RO         5055    i.pbuf_ref          pbuf.o
    0x08004f12   0x08004f12   0x00000002   PAD
    0x08004f14   0x08004f14   0x00000060   Code   RO         4594    i.pcb_new           api_msg.o
    0x08004f74   0x08004f74   0x00000054   Code   RO         6504    i.plug_holes        mem.o
    0x08004fc8   0x08004fc8   0x00000060   Code   RO         4595    i.poll_tcp          api_msg.o
    0x08005028   0x08005028   0x00000070   Code   RO         3370    i.prvAddCurrentTaskToDelayedList  tasks.o
    0x08005098   0x08005098   0x000000d0   Code   RO         3371    i.prvAddNewTaskToReadyList  tasks.o
    0x08005168   0x08005168   0x00000050   Code   RO         3372    i.prvCheckTasksWaitingTermination  tasks.o
    0x080051b8   0x080051b8   0x00000026   Code   RO         4074    i.prvCopyDataFromQueue  queue.o
    0x080051de   0x080051de   0x0000006c   Code   RO         4075    i.prvCopyDataToQueue  queue.o
    0x0800524a   0x0800524a   0x00000014   Code   RO         3373    i.prvDeleteTCB      tasks.o
    0x0800525e   0x0800525e   0x00000002   PAD
    0x08005260   0x08005260   0x0000004c   Code   RO         4228    i.prvHeapInit       heap_4.o
    0x080052ac   0x080052ac   0x00000028   Code   RO         3374    i.prvIdleTask       tasks.o
    0x080052d4   0x080052d4   0x0000009c   Code   RO         3375    i.prvInitialiseNewTask  tasks.o
    0x08005370   0x08005370   0x0000004c   Code   RO         4229    i.prvInsertBlockIntoFreeList  heap_4.o
    0x080053bc   0x080053bc   0x0000001c   Code   RO         4076    i.prvIsQueueEmpty   queue.o
    0x080053d8   0x080053d8   0x00000058   Code   RO         3376    i.prvListTasksWithinSingleList  tasks.o
    0x08005430   0x08005430   0x00000020   Code   RO         3377    i.prvResetNextTaskUnblockTime  tasks.o
    0x08005450   0x08005450   0x00000028   Code   RO         3292    i.prvTaskExitError  port.o
    0x08005478   0x08005478   0x0000006a   Code   RO         4077    i.prvUnlockQueue    queue.o
    0x080054e2   0x080054e2   0x00000002   PAD
    0x080054e4   0x080054e4   0x000000d8   Code   RO         4230    i.pvPortMalloc      heap_4.o
    0x080055bc   0x080055bc   0x00000018   Code   RO         3379    i.pvTaskIncrementMutexHeldCount  tasks.o
    0x080055d4   0x080055d4   0x0000002c   Code   RO         3293    i.pxPortInitialiseStack  port.o
    0x08005600   0x08005600   0x00000072   Code   RO         4596    i.recv_tcp          api_msg.o
    0x08005672   0x08005672   0x0000006e   Code   RO         4597    i.recv_udp          api_msg.o
    0x080056e0   0x080056e0   0x00000054   Code   RO         4598    i.sent_tcp          api_msg.o
    0x08005734   0x08005734   0x00000044   Code   RO         4599    i.setup_tcp         api_msg.o
    0x08005778   0x08005778   0x00000002   Code   RO         5863    i.stats_init        stats.o
    0x0800577a   0x0800577a   0x00000044   Code   RO         6249    i.sys_arch_mbox_fetch  sys_arch.o
    0x080057be   0x080057be   0x00000022   Code   RO         6250    i.sys_arch_mbox_tryfetch  sys_arch.o
    0x080057e0   0x080057e0   0x00000018   Code   RO         6251    i.sys_arch_protect  sys_arch.o
    0x080057f8   0x080057f8   0x00000038   Code   RO         6252    i.sys_arch_sem_wait  sys_arch.o
    0x08005830   0x08005830   0x0000000c   Code   RO         6253    i.sys_arch_unprotect  sys_arch.o
    0x0800583c   0x0800583c   0x00000058   Code   RO         5408    i.sys_check_timeouts  timeouts.o
    0x08005894   0x08005894   0x00000018   Code   RO         6254    i.sys_init          sys_arch.o
    0x080058ac   0x080058ac   0x0000002c   Code   RO         6255    i.sys_mbox_free     sys_arch.o
    0x080058d8   0x080058d8   0x00000048   Code   RO         6256    i.sys_mbox_new      sys_arch.o
    0x08005920   0x08005920   0x00000006   Code   RO         6258    i.sys_mbox_set_invalid  sys_arch.o
    0x08005926   0x08005926   0x00000002   PAD
    0x08005928   0x08005928   0x00000024   Code   RO         6259    i.sys_mbox_trypost  sys_arch.o
    0x0800594c   0x0800594c   0x0000000a   Code   RO         6260    i.sys_mbox_valid    sys_arch.o
    0x08005956   0x08005956   0x0000000a   Code   RO         6262    i.sys_mutex_lock    sys_arch.o
    0x08005960   0x08005960   0x00000044   Code   RO         6263    i.sys_mutex_new     sys_arch.o
    0x080059a4   0x080059a4   0x00000006   Code   RO         6264    i.sys_mutex_unlock  sys_arch.o
    0x080059aa   0x080059aa   0x00000004   Code   RO          496    i.sys_now           ethernetif.o
    0x080059ae   0x080059ae   0x00000002   PAD
    0x080059b0   0x080059b0   0x00000014   Code   RO         6265    i.sys_sem_free      sys_arch.o
    0x080059c4   0x080059c4   0x00000050   Code   RO         6266    i.sys_sem_new       sys_arch.o
    0x08005a14   0x08005a14   0x00000006   Code   RO         6267    i.sys_sem_set_invalid  sys_arch.o
    0x08005a1a   0x08005a1a   0x00000006   Code   RO         6268    i.sys_sem_signal    sys_arch.o
    0x08005a20   0x08005a20   0x0000000a   Code   RO         6269    i.sys_sem_valid     sys_arch.o
    0x08005a2a   0x08005a2a   0x00000030   Code   RO         6270    i.sys_thread_new    sys_arch.o
    0x08005a5a   0x08005a5a   0x00000002   PAD
    0x08005a5c   0x08005a5c   0x00000090   Code   RO         5410    i.sys_timeout       timeouts.o
    0x08005aec   0x08005aec   0x00000034   Code   RO         5411    i.sys_timeouts_init  timeouts.o
    0x08005b20   0x08005b20   0x00000048   Code   RO         5412    i.sys_timeouts_mbox_fetch  timeouts.o
    0x08005b68   0x08005b68   0x000000cc   Code   RO         7679    i.tcp_abandon       tcp.o
    0x08005c34   0x08005c34   0x00000006   Code   RO         7680    i.tcp_abort         tcp.o
    0x08005c3a   0x08005c3a   0x0000000e   Code   RO         7681    i.tcp_accept        tcp.o
    0x08005c48   0x08005c48   0x0000000e   Code   RO         7682    i.tcp_accept_null   tcp.o
    0x08005c56   0x08005c56   0x00000002   PAD
    0x08005c58   0x08005c58   0x00000138   Code   RO         7683    i.tcp_alloc         tcp.o
    0x08005d90   0x08005d90   0x00000008   Code   RO         7684    i.tcp_arg           tcp.o
    0x08005d98   0x08005d98   0x00000094   Code   RO         7685    i.tcp_bind          tcp.o
    0x08005e2c   0x08005e2c   0x00000014   Code   RO         7686    i.tcp_close         tcp.o
    0x08005e40   0x08005e40   0x00000164   Code   RO         7687    i.tcp_close_shutdown  tcp.o
    0x08005fa4   0x08005fa4   0x000000a8   Code   RO         4866    i.tcp_create_segment  tcp_out.o
    0x0800604c   0x0800604c   0x00000022   Code   RO         7694    i.tcp_eff_send_mss_impl  tcp.o
    0x0800606e   0x0800606e   0x00000002   PAD
    0x08006070   0x08006070   0x000000b8   Code   RO         4867    i.tcp_enqueue_flags  tcp_out.o
    0x08006128   0x08006128   0x0000000a   Code   RO         7695    i.tcp_err           tcp.o
    0x08006132   0x08006132   0x00000002   PAD
    0x08006134   0x08006134   0x00000058   Code   RO         7696    i.tcp_fasttmr       tcp.o
    0x0800618c   0x0800618c   0x00000030   Code   RO         6410    i.tcp_getoptbyte    tcp_in.o
    0x080061bc   0x080061bc   0x00000002   Code   RO         7697    i.tcp_init          tcp.o
    0x080061be   0x080061be   0x00000002   PAD
    0x080061c0   0x080061c0   0x000003d0   Code   RO         6411    i.tcp_input         tcp_in.o
    0x08006590   0x08006590   0x00000060   Code   RO         4868    i.tcp_keepalive     tcp_out.o
    0x080065f0   0x080065f0   0x0000003c   Code   RO         7698    i.tcp_kill_state    tcp.o
    0x0800662c   0x0800662c   0x000000fc   Code   RO         6412    i.tcp_listen_input  tcp_in.o
    0x08006728   0x08006728   0x00000084   Code   RO         7699    i.tcp_listen_with_backlog  tcp.o
    0x080067ac   0x080067ac   0x0000004c   Code   RO         7700    i.tcp_netif_ip_addr_changed  tcp.o
    0x080067f8   0x080067f8   0x00000022   Code   RO         7701    i.tcp_netif_ip_addr_changed_pcblist  tcp.o
    0x0800681a   0x0800681a   0x00000006   Code   RO         7702    i.tcp_new           tcp.o
    0x08006820   0x08006820   0x0000005c   Code   RO         7704    i.tcp_new_port      tcp.o
    0x0800687c   0x0800687c   0x00000010   Code   RO         7705    i.tcp_next_iss      tcp.o
    0x0800688c   0x0800688c   0x000001c8   Code   RO         4869    i.tcp_output        tcp_out.o
    0x08006a54   0x08006a54   0x0000006a   Code   RO         4870    i.tcp_output_alloc_header  tcp_out.o
    0x08006abe   0x08006abe   0x00000002   PAD
    0x08006ac0   0x08006ac0   0x000000b8   Code   RO         4871    i.tcp_output_segment  tcp_out.o
    0x08006b78   0x08006b78   0x00000074   Code   RO         6413    i.tcp_parseopt      tcp_in.o
    0x08006bec   0x08006bec   0x0000004e   Code   RO         4872    i.tcp_pbuf_prealloc  tcp_out.o
    0x08006c3a   0x08006c3a   0x0000003a   Code   RO         7706    i.tcp_pcb_purge     tcp.o
    0x08006c74   0x08006c74   0x00000056   Code   RO         7707    i.tcp_pcb_remove    tcp.o
    0x08006cca   0x08006cca   0x00000002   PAD
    0x08006ccc   0x08006ccc   0x00000020   Code   RO         7708    i.tcp_pcbs_sane     tcp.o
    0x08006cec   0x08006cec   0x00000008   Code   RO         7709    i.tcp_poll          tcp.o
    0x08006cf4   0x08006cf4   0x00000370   Code   RO         6414    i.tcp_process       tcp_in.o
    0x08007064   0x08007064   0x00000068   Code   RO         7710    i.tcp_process_refused_data  tcp.o
    0x080070cc   0x080070cc   0x000003e0   Code   RO         6415    i.tcp_receive       tcp_in.o
    0x080074ac   0x080074ac   0x00000008   Code   RO         7711    i.tcp_recv          tcp.o
    0x080074b4   0x080074b4   0x00000024   Code   RO         7712    i.tcp_recv_null     tcp.o
    0x080074d8   0x080074d8   0x00000042   Code   RO         7713    i.tcp_recved        tcp.o
    0x0800751a   0x0800751a   0x00000052   Code   RO         4873    i.tcp_rexmit        tcp_out.o
    0x0800756c   0x0800756c   0x0000005c   Code   RO         4874    i.tcp_rexmit_fast   tcp_out.o
    0x080075c8   0x080075c8   0x0000002e   Code   RO         4875    i.tcp_rexmit_rto    tcp_out.o
    0x080075f6   0x080075f6   0x00000002   PAD
    0x080075f8   0x080075f8   0x00000090   Code   RO         4876    i.tcp_rst           tcp_out.o
    0x08007688   0x08007688   0x00000020   Code   RO         7714    i.tcp_seg_free      tcp.o
    0x080076a8   0x080076a8   0x00000012   Code   RO         7715    i.tcp_segs_free     tcp.o
    0x080076ba   0x080076ba   0x00000072   Code   RO         4877    i.tcp_send_empty_ack  tcp_out.o
    0x0800772c   0x0800772c   0x00000044   Code   RO         4878    i.tcp_send_fin      tcp_out.o
    0x08007770   0x08007770   0x00000008   Code   RO         7716    i.tcp_sent          tcp.o
    0x08007778   0x08007778   0x0000004e   Code   RO         7718    i.tcp_shutdown      tcp.o
    0x080077c6   0x080077c6   0x00000002   PAD
    0x080077c8   0x080077c8   0x00000260   Code   RO         7719    i.tcp_slowtmr       tcp.o
    0x08007a28   0x08007a28   0x00000034   Code   RO         5414    i.tcp_timer_needed  timeouts.o
    0x08007a5c   0x08007a5c   0x00000068   Code   RO         6416    i.tcp_timewait_input  tcp_in.o
    0x08007ac4   0x08007ac4   0x00000020   Code   RO         7720    i.tcp_tmr           tcp.o
    0x08007ae4   0x08007ae4   0x00000010   Code   RO         6417    i.tcp_trigger_input_pcb_close  tcp_in.o
    0x08007af4   0x08007af4   0x00000034   Code   RO         7722    i.tcp_update_rcv_ann_wnd  tcp.o
    0x08007b28   0x08007b28   0x0000030c   Code   RO         4879    i.tcp_write         tcp_out.o
    0x08007e34   0x08007e34   0x000000c4   Code   RO         4880    i.tcp_zero_window_probe  tcp_out.o
    0x08007ef8   0x08007ef8   0x00000028   Code   RO          714    i.tcpecho_init      tcpecho.o
    0x08007f20   0x08007f20   0x000000a4   Code   RO          715    i.tcpecho_thread    tcpecho.o
    0x08007fc4   0x08007fc4   0x0000004c   Code   RO         7210    i.tcpip_init        tcpip.o
    0x08008010   0x08008010   0x00000048   Code   RO         7211    i.tcpip_inpkt       tcpip.o
    0x08008058   0x08008058   0x0000001c   Code   RO         7212    i.tcpip_input       tcpip.o
    0x08008074   0x08008074   0x00000020   Code   RO         7213    i.tcpip_send_msg_wait_sem  tcpip.o
    0x08008094   0x08008094   0x00000038   Code   RO         5415    i.tcpip_tcp_timer   timeouts.o
    0x080080cc   0x080080cc   0x0000006c   Code   RO         7214    i.tcpip_thread      tcpip.o
    0x08008138   0x08008138   0x000000ac   Code   RO         6133    i.udp_bind          udp.o
    0x080081e4   0x080081e4   0x00000002   Code   RO         6137    i.udp_init          udp.o
    0x080081e6   0x080081e6   0x00000002   PAD
    0x080081e8   0x080081e8   0x00000160   Code   RO         6138    i.udp_input         udp.o
    0x08008348   0x08008348   0x00000034   Code   RO         6139    i.udp_netif_ip_addr_changed  udp.o
    0x0800837c   0x0800837c   0x0000001a   Code   RO         6140    i.udp_new           udp.o
    0x08008396   0x08008396   0x00000006   Code   RO         6142    i.udp_recv          udp.o
    0x0800839c   0x0800839c   0x00000030   Code   RO         6143    i.udp_remove        udp.o
    0x080083cc   0x080083cc   0x00000024   Code   RO         4304    i.uxListRemove      list.o
    0x080083f0   0x080083f0   0x00000024   Code   RO         4080    i.uxQueueMessagesWaiting  queue.o
    0x08008414   0x08008414   0x00000016   Code   RO         4081    i.uxQueueMessagesWaitingFromISR  queue.o
    0x0800842a   0x0800842a   0x00000002   PAD
    0x0800842c   0x0800842c   0x000000a8   Code   RO         3382    i.uxTaskGetSystemState  tasks.o
    0x080084d4   0x080084d4   0x00000016   Code   RO         4305    i.vListInitialise   list.o
    0x080084ea   0x080084ea   0x00000006   Code   RO         4306    i.vListInitialiseItem  list.o
    0x080084f0   0x080084f0   0x00000030   Code   RO         4307    i.vListInsert       list.o
    0x08008520   0x08008520   0x00000018   Code   RO         4308    i.vListInsertEnd    list.o
    0x08008538   0x08008538   0x00000040   Code   RO         3295    i.vPortEnterCritical  port.o
    0x08008578   0x08008578   0x00000028   Code   RO         3296    i.vPortExitCritical  port.o
    0x080085a0   0x080085a0   0x0000005c   Code   RO         4231    i.vPortFree         heap_4.o
    0x080085fc   0x080085fc   0x00000020   Code   RO         3297    i.vPortSetupTimerInterrupt  port.o
    0x0800861c   0x0800861c   0x00000054   Code   RO         3298    i.vPortValidateInterruptPriority  port.o
    0x08008670   0x08008670   0x00000024   Code   RO         4084    i.vQueueDelete      queue.o
    0x08008694   0x08008694   0x00000028   Code   RO         4086    i.vQueueUnregisterQueue  queue.o
    0x080086bc   0x080086bc   0x0000004c   Code   RO         3387    i.vTaskDelay        tasks.o
    0x08008708   0x08008708   0x00000084   Code   RO         3390    i.vTaskGetInfo      tasks.o
    0x0800878c   0x0800878c   0x000000d0   Code   RO         3391    i.vTaskList         tasks.o
    0x0800885c   0x0800885c   0x0000000c   Code   RO         3392    i.vTaskMissedYield  tasks.o
    0x08008868   0x08008868   0x00000030   Code   RO         3394    i.vTaskPlaceOnEventList  tasks.o
    0x08008898   0x08008898   0x00000084   Code   RO         3396    i.vTaskPriorityInherit  tasks.o
    0x0800891c   0x0800891c   0x00000024   Code   RO         3400    i.vTaskSetTimeOutState  tasks.o
    0x08008940   0x08008940   0x00000068   Code   RO         3401    i.vTaskStartScheduler  tasks.o
    0x080089a8   0x080089a8   0x00000010   Code   RO         3403    i.vTaskSuspendAll   tasks.o
    0x080089b8   0x080089b8   0x0000005c   Code   RO         3404    i.vTaskSwitchContext  tasks.o
    0x08008a14   0x08008a14   0x000000e0   Code   RO         3299    i.xPortStartScheduler  port.o
    0x08008af4   0x08008af4   0x0000002c   Code   RO         3300    i.xPortSysTickHandler  port.o
    0x08008b20   0x08008b20   0x00000024   Code   RO         4087    i.xQueueCreateMutex  queue.o
    0x08008b44   0x08008b44   0x00000052   Code   RO         4088    i.xQueueGenericCreate  queue.o
    0x08008b96   0x08008b96   0x00000002   PAD
    0x08008b98   0x08008b98   0x0000016c   Code   RO         4089    i.xQueueGenericReceive  queue.o
    0x08008d04   0x08008d04   0x00000088   Code   RO         4090    i.xQueueGenericReset  queue.o
    0x08008d8c   0x08008d8c   0x00000160   Code   RO         4091    i.xQueueGenericSend  queue.o
    0x08008eec   0x08008eec   0x000000bc   Code   RO         4092    i.xQueueGenericSendFromISR  queue.o
    0x08008fa8   0x08008fa8   0x0000009c   Code   RO         4093    i.xQueueGiveFromISR  queue.o
    0x08009044   0x08009044   0x0000009a   Code   RO         4097    i.xQueueReceiveFromISR  queue.o
    0x080090de   0x080090de   0x00000002   PAD
    0x080090e0   0x080090e0   0x0000006c   Code   RO         3405    i.xTaskCheckForTimeOut  tasks.o
    0x0800914c   0x0800914c   0x00000056   Code   RO         3406    i.xTaskCreate       tasks.o
    0x080091a2   0x080091a2   0x00000002   PAD
    0x080091a4   0x080091a4   0x0000001c   Code   RO         3410    i.xTaskGetSchedulerState  tasks.o
    0x080091c0   0x080091c0   0x0000000c   Code   RO         3411    i.xTaskGetTickCount  tasks.o
    0x080091cc   0x080091cc   0x00000010   Code   RO         3412    i.xTaskGetTickCountFromISR  tasks.o
    0x080091dc   0x080091dc   0x000000c8   Code   RO         3413    i.xTaskIncrementTick  tasks.o
    0x080092a4   0x080092a4   0x00000098   Code   RO         3416    i.xTaskPriorityDisinherit  tasks.o
    0x0800933c   0x0800933c   0x00000074   Code   RO         3417    i.xTaskRemoveFromEventList  tasks.o
    0x080093b0   0x080093b0   0x000000c4   Code   RO         3419    i.xTaskResumeAll    tasks.o
    0x08009474   0x08009474   0x00000028   Data   RO          397    .constdata          freertos.o
    0x0800949c   0x0800949c   0x00000014   Data   RO          498    .constdata          ethernetif.o
    0x080094b0   0x080094b0   0x00000010   Data   RO          792    .constdata          system_stm32f4xx.o
    0x080094c0   0x080094c0   0x00000008   Data   RO          793    .constdata          system_stm32f4xx.o
    0x080094c8   0x080094c8   0x00000014   Data   RO         5255    .constdata          memp.o
    0x080094dc   0x080094dc   0x00000014   Data   RO         5256    .constdata          memp.o
    0x080094f0   0x080094f0   0x00000014   Data   RO         5257    .constdata          memp.o
    0x08009504   0x08009504   0x00000014   Data   RO         5258    .constdata          memp.o
    0x08009518   0x08009518   0x00000014   Data   RO         5259    .constdata          memp.o
    0x0800952c   0x0800952c   0x00000014   Data   RO         5260    .constdata          memp.o
    0x08009540   0x08009540   0x00000014   Data   RO         5261    .constdata          memp.o
    0x08009554   0x08009554   0x00000014   Data   RO         5262    .constdata          memp.o
    0x08009568   0x08009568   0x00000014   Data   RO         5263    .constdata          memp.o
    0x0800957c   0x0800957c   0x00000014   Data   RO         5264    .constdata          memp.o
    0x08009590   0x08009590   0x00000014   Data   RO         5265    .constdata          memp.o
    0x080095a4   0x080095a4   0x00000014   Data   RO         5266    .constdata          memp.o
    0x080095b8   0x080095b8   0x00000014   Data   RO         5267    .constdata          memp.o
    0x080095cc   0x080095cc   0x00000034   Data   RO         5268    .constdata          memp.o
    0x08009600   0x08009600   0x00000018   Data   RO         5416    .constdata          timeouts.o
    0x08009618   0x08009618   0x0000000c   Data   RO         6271    .constdata          sys_arch.o
    0x08009624   0x08009624   0x00000004   Data   RO         6911    .constdata          ip4_addr.o
    0x08009628   0x08009628   0x00000006   Data   RO         6972    .constdata          ethernet.o
    0x0800962e   0x0800962e   0x00000006   Data   RO         6973    .constdata          ethernet.o
    0x08009634   0x08009634   0x00000054   Data   RO         7723    .constdata          tcp.o
    0x08009688   0x08009688   0x00000015   Data   RO          398    .conststring        freertos.o
    0x0800969d   0x0800969d   0x00000003   PAD
    0x080096a0   0x080096a0   0x00000006   Data   RO          499    .conststring        ethernetif.o
    0x080096a6   0x080096a6   0x00000002   PAD
    0x080096a8   0x080096a8   0x00000008   Data   RO         5269    .conststring        memp.o
    0x080096b0   0x080096b0   0x00000008   Data   RO         5270    .conststring        memp.o
    0x080096b8   0x080096b8   0x0000000f   Data   RO         5271    .conststring        memp.o
    0x080096c7   0x080096c7   0x00000001   PAD
    0x080096c8   0x080096c8   0x00000008   Data   RO         5272    .conststring        memp.o
    0x080096d0   0x080096d0   0x0000000a   Data   RO         5273    .conststring        memp.o
    0x080096da   0x080096da   0x00000002   PAD
    0x080096dc   0x080096dc   0x0000000a   Data   RO         5274    .conststring        memp.o
    0x080096e6   0x080096e6   0x00000002   PAD
    0x080096e8   0x080096e8   0x00000007   Data   RO         5275    .conststring        memp.o
    0x080096ef   0x080096ef   0x00000001   PAD
    0x080096f0   0x080096f0   0x00000008   Data   RO         5276    .conststring        memp.o
    0x080096f8   0x080096f8   0x0000000e   Data   RO         5277    .conststring        memp.o
    0x08009706   0x08009706   0x00000002   PAD
    0x08009708   0x08009708   0x00000010   Data   RO         5278    .conststring        memp.o
    0x08009718   0x08009718   0x0000000c   Data   RO         5279    .conststring        memp.o
    0x08009724   0x08009724   0x0000000d   Data   RO         5280    .conststring        memp.o
    0x08009731   0x08009731   0x00000003   PAD
    0x08009734   0x08009734   0x0000000a   Data   RO         5281    .conststring        memp.o
    0x0800973e   0x0800973e   0x00000002   PAD
    0x08009740   0x08009740   0x0000006d   Data   RO         7724    .conststring        tcp.o
    0x080097ad   0x080097ad   0x00000003   PAD
    0x080097b0   0x080097b0   0x00000020   Data   RO         8328    Region$$Table       anon$$obj.o


    Execution Region RW_IRAM1 (Exec base: 0x20000000, Load base: 0x080097d0, Size: 0x000199e0, Max: 0x00020000, ABSOLUTE, COMPRESSED[0x00000014])

    Exec Addr    Load Addr    Size         Type   Attr      Idx    E Section Name        Object

    0x20000000   COMPRESSED   0x00000018   Data   RW          224    .data               lwip.o
    0x20000018   COMPRESSED   0x00000008   Data   RW          399    .data               freertos.o
    0x20000020   COMPRESSED   0x00000004   Data   RW          500    .data               ethernetif.o
    0x20000024   COMPRESSED   0x00000004   Data   RW          794    .data               system_stm32f4xx.o
    0x20000028   COMPRESSED   0x00000004   Data   RW         2813    .data               stm32f4xx_hal.o
    0x2000002c   COMPRESSED   0x0000000c   Data   RW         3301    .data               port.o
    0x20000038   COMPRESSED   0x0000003c   Data   RW         3422    .data               tasks.o
    0x20000074   COMPRESSED   0x00000018   Data   RW         4236    .data               heap_4.o
    0x2000008c   COMPRESSED   0x00000001   Data   RW         4600    .data               api_msg.o
    0x2000008d   COMPRESSED   0x00000003   PAD
    0x20000090   COMPRESSED   0x00000004   Data   RW         5282    .data               memp.o
    0x20000094   COMPRESSED   0x00000004   Data   RW         5283    .data               memp.o
    0x20000098   COMPRESSED   0x00000004   Data   RW         5284    .data               memp.o
    0x2000009c   COMPRESSED   0x00000004   Data   RW         5285    .data               memp.o
    0x200000a0   COMPRESSED   0x00000004   Data   RW         5286    .data               memp.o
    0x200000a4   COMPRESSED   0x00000004   Data   RW         5287    .data               memp.o
    0x200000a8   COMPRESSED   0x00000004   Data   RW         5288    .data               memp.o
    0x200000ac   COMPRESSED   0x00000004   Data   RW         5289    .data               memp.o
    0x200000b0   COMPRESSED   0x00000004   Data   RW         5290    .data               memp.o
    0x200000b4   COMPRESSED   0x00000004   Data   RW         5291    .data               memp.o
    0x200000b8   COMPRESSED   0x00000004   Data   RW         5292    .data               memp.o
    0x200000bc   COMPRESSED   0x00000004   Data   RW         5293    .data               memp.o
    0x200000c0   COMPRESSED   0x00000004   Data   RW         5294    .data               memp.o
    0x200000c4   COMPRESSED   0x0000000c   Data   RW         5417    .data               timeouts.o
    0x200000d0   COMPRESSED   0x00000008   Data   RW         5952    .data               ip4_frag.o
    0x200000d8   COMPRESSED   0x00000002   Data   RW         6080    .data               ip4.o
    0x200000da   COMPRESSED   0x00000002   PAD
    0x200000dc   COMPRESSED   0x00000008   Data   RW         6148    .data               udp.o
    0x200000e4   COMPRESSED   0x00000004   Data   RW         6273    .data               sys_arch.o
    0x200000e8   COMPRESSED   0x00000024   Data   RW         6419    .data               tcp_in.o
    0x2000010c   COMPRESSED   0x00000010   Data   RW         6506    .data               mem.o
    0x2000011c   COMPRESSED   0x0000000c   Data   RW         6589    .data               netif.o
    0x20000128   COMPRESSED   0x00000001   Data   RW         6799    .data               etharp.o
    0x20000129   COMPRESSED   0x00000003   PAD
    0x2000012c   COMPRESSED   0x00000010   Data   RW         7216    .data               tcpip.o
    0x2000013c   COMPRESSED   0x00000020   Data   RW         7725    .data               tcp.o
    0x2000015c   COMPRESSED   0x00000004   Data   RW         8302    .data               mc_w.l(stdout.o)
    0x20000160        -       0x00000030   Zero   RW          223    .bss                lwip.o
    0x20000190        -       0x000001f4   Zero   RW          395    .bss                freertos.o
    0x20000384        -       0x000030e8   Zero   RW          497    .bss                ethernetif.o
    0x2000346c        -       0x00000040   Zero   RW          669    .bss                usart.o
    0x200034ac        -       0x000000f0   Zero   RW         3421    .bss                tasks.o
    0x2000359c        -       0x00000040   Zero   RW         4098    .bss                queue.o
    0x200035dc        -       0x00012660   Zero   RW         4235    .bss                heap_4.o
    0x20015c3c        -       0x00000083   Zero   RW         5229    .bss                memp.o
    0x20015cbf   COMPRESSED   0x00000001   PAD
    0x20015cc0        -       0x00000010   Zero   RW         5230    .bss                memp.o
    0x20015cd0        -       0x000002e7   Zero   RW         5231    .bss                memp.o
    0x20015fb7   COMPRESSED   0x00000001   PAD
    0x20015fb8        -       0x00000010   Zero   RW         5232    .bss                memp.o
    0x20015fc8        -       0x000000e3   Zero   RW         5233    .bss                memp.o
    0x200160ab   COMPRESSED   0x00000001   PAD
    0x200160ac        -       0x00000010   Zero   RW         5234    .bss                memp.o
    0x200160bc        -       0x00000103   Zero   RW         5235    .bss                memp.o
    0x200161bf   COMPRESSED   0x00000001   PAD
    0x200161c0        -       0x00000010   Zero   RW         5236    .bss                memp.o
    0x200161d0        -       0x000000a3   Zero   RW         5237    .bss                memp.o
    0x20016273   COMPRESSED   0x00000001   PAD
    0x20016274        -       0x00000010   Zero   RW         5238    .bss                memp.o
    0x20016284        -       0x0000016b   Zero   RW         5239    .bss                memp.o
    0x200163ef   COMPRESSED   0x00000001   PAD
    0x200163f0        -       0x00000010   Zero   RW         5240    .bss                memp.o
    0x20016400        -       0x00000023   Zero   RW         5241    .bss                memp.o
    0x20016423   COMPRESSED   0x00000001   PAD
    0x20016424        -       0x00000010   Zero   RW         5242    .bss                memp.o
    0x20016434        -       0x000000b3   Zero   RW         5243    .bss                memp.o
    0x200164e7   COMPRESSED   0x00000001   PAD
    0x200164e8        -       0x00000010   Zero   RW         5244    .bss                memp.o
    0x200164f8        -       0x00000083   Zero   RW         5245    .bss                memp.o
    0x2001657b   COMPRESSED   0x00000001   PAD
    0x2001657c        -       0x00000010   Zero   RW         5246    .bss                memp.o
    0x2001658c        -       0x00000083   Zero   RW         5247    .bss                memp.o
    0x2001660f   COMPRESSED   0x00000001   PAD
    0x20016610        -       0x00000010   Zero   RW         5248    .bss                memp.o
    0x20016620        -       0x00000033   Zero   RW         5249    .bss                memp.o
    0x20016653   COMPRESSED   0x00000001   PAD
    0x20016654        -       0x00000010   Zero   RW         5250    .bss                memp.o
    0x20016664        -       0x00000103   Zero   RW         5251    .bss                memp.o
    0x20016767   COMPRESSED   0x00000001   PAD
    0x20016768        -       0x00000010   Zero   RW         5252    .bss                memp.o
    0x20016778        -       0x00002603   Zero   RW         5253    .bss                memp.o
    0x20018d7b   COMPRESSED   0x00000001   PAD
    0x20018d7c        -       0x00000010   Zero   RW         5254    .bss                memp.o
    0x20018d8c        -       0x000000e8   Zero   RW         5864    .bss                stats.o
    0x20018e74        -       0x00000010   Zero   RW         6418    .bss                tcp_in.o
    0x20018e84        -       0x00000653   Zero   RW         6505    .bss                mem.o
    0x200194d7   COMPRESSED   0x00000001   PAD
    0x200194d8        -       0x00000018   Zero   RW         6742    .bss                ip.o
    0x200194f0        -       0x000000f0   Zero   RW         6798    .bss                etharp.o
    0x200195e0        -       0x00000400   Zero   RW          825    STACK               startup_stm32f407xx.o


==============================================================================

Image component sizes


      Code (inc. data)   RO Data    RW Data    ZI Data      Debug   Object Name

       830         44          0          0          0      24006   api_lib.o
      2938         66          0          1          0      34527   api_msg.o
       880         32          0          0          0      25557   cmsis_os.o
         8          0          0          0          0       1114   def.o
      1440         56          0          1        240      12223   etharp.o
       248         12         12          0          0       2690   ethernet.o
       920         74         26          4      12520      10480   ethernetif.o
         0          0          0          0          0       9540   event_groups.o
       164         40         61          8        500       2474   freertos.o
       172         14          0          0          0       1023   gpio.o
       460         28          0         24      75360       7375   heap_4.o
       464         14          0          0          0       3906   icmp.o
        38          0          0          0          0        576   init.o
         0          0          0          0         24       3018   ip.o
       826         38          0          2          0       5262   ip4.o
        46          0          4          0          0       6774   ip4_addr.o
      1382         44          0          8          0      10054   ip4_frag.o
       136          0          0          0          0       3578   list.o
       172         18          0         24         48      28605   lwip.o
       600        342          0          0          0       2811   main.o
       796         42          0         16       1619       5633   mem.o
       252         18        451         52      12611      12080   memp.o
       102          0          0          0          0       2488   netbuf.o
       326         16          0         12          0       9545   netif.o
       992         12          0          0          0      11192   pbuf.o
       758         84          0         12          0      11965   port.o
      1882         18          0          0         64      19457   queue.o
        36          8        392          0       1024        808   startup_stm32f407xx.o
         2          0          0          0        232       5230   stats.o
       148         22          0          4          0       4463   stm32f4xx_hal.o
       218         14          0          0          0      31077   stm32f4xx_hal_cortex.o
      2008         72          0          0          0      13160   stm32f4xx_hal_eth.o
       450         44          0          0          0       3061   stm32f4xx_hal_gpio.o
        88          0          0          0          0        530   stm32f4xx_hal_msp.o
      1392         80          0          0          0       5704   stm32f4xx_hal_rcc.o
      1068          8          0          0          0       4156   stm32f4xx_hal_uart.o
        38          6          0          0          0     709712   stm32f4xx_it.o
       640         54         12          4          0      18468   sys_arch.o
        84         18         24          4          0       1171   system_stm32f4xx.o
      2802        222          0         60        240      29046   tasks.o
      2858        118        193         32          0      36450   tcp.o
      3384        128          0         36         16      18203   tcp_in.o
      2794         48          0          0          0      26962   tcp_out.o
       204         48          0          0          0      13191   tcpecho.o
       316         48          0         16          0       6517   tcpip.o
       492         70         24         12          0       6732   timeouts.o
       658         32          0          8          0       7827   udp.o
       176         40          0          0         64       2311   usart.o

    ----------------------------------------------------------------------
     36766       2092       1252        348     104576    1212732   Object Totals
         0          0         32          0          0          0   (incl. Generated)
        78          0         21          8         14          0   (incl. Padding)

    ----------------------------------------------------------------------

      Code (inc. data)   RO Data    RW Data    ZI Data      Debug   Library Member Name

        58          0          0          0          0          0   __dczerorl.o
         0          0          0          0          0          0   entry.o
         0          0          0          0          0          0   entry10a.o
         0          0          0          0          0          0   entry11a.o
         8          4          0          0          0          0   entry2.o
         4          0          0          0          0          0   entry5.o
         0          0          0          0          0          0   entry7b.o
         0          0          0          0          0          0   entry8b.o
         8          4          0          0          0          0   entry9a.o
        30          0          0          0          0          0   handlers.o
        36          8          0          0          0         68   init.o
        26          0          0          0          0         80   memcmp.o
        36          0          0          0          0         68   memcpya.o
        36          0          0          0          0        108   memseta.o
       522         20          0          0          0        336   printf3.o
         0          0          0          4          0          0   stdout.o
        18          0          0          0          0         68   strcpy.o
        14          0          0          0          0         68   strlen.o
        44          0          0          0          0         80   uidiv.o

    ----------------------------------------------------------------------
       846         36          0          4          0        876   Library Totals
         6          0          0          0          0          0   (incl. Padding)

    ----------------------------------------------------------------------

      Code (inc. data)   RO Data    RW Data    ZI Data      Debug   Library Name

       840         36          0          4          0        876   mc_w.l

    ----------------------------------------------------------------------
       846         36          0          4          0        876   Library Totals

    ----------------------------------------------------------------------

==============================================================================


      Code (inc. data)   RO Data    RW Data    ZI Data      Debug   

     37612       2128       1252        352     104576    1178928   Grand Totals
     37612       2128       1252         20     104576    1178928   ELF Image Totals (compressed)
     37612       2128       1252         20          0          0   ROM Totals

==============================================================================

    Total RO  Size (Code + RO Data)                38864 (  37.95kB)
    Total RW  Size (RW Data + ZI Data)            104928 ( 102.47kB)
    Total ROM Size (Code + RO Data + RW Data)      38884 (  37.97kB)

==============================================================================

